 zlibwapi

 Timestamp is 568aab06 (Mon Jan  4 17:25:26 2016)

 Preferred load address is 10000000

 Start         Length     Name                   Class
 0001:00000000 0000025fH .text                   CODE
 0001:00000260 0004c4a8H .text$mn                CODE
 0002:00000000 00000154H .idata$5                DATA
 0002:00000154 00000004H .00cfg                  DATA
 0002:00000158 00000004H .CRT$XCA                DATA
 0002:0000015c 00000004H .CRT$XCZ                DATA
 0002:00000160 00000004H .CRT$XIA                DATA
 0002:00000164 0000000cH .CRT$XIC                DATA
 0002:00000170 00000004H .CRT$XIZ                DATA
 0002:00000174 00000004H .CRT$XPA                DATA
 0002:00000178 00000008H .CRT$XPX                DATA
 0002:00000180 00000004H .CRT$XPXA               DATA
 0002:00000184 00000004H .CRT$XPZ                DATA
 0002:00000188 00000004H .CRT$XTA                DATA
 0002:0000018c 00000004H .CRT$XTZ                DATA
 0002:00000190 0000b48cH .rdata                  DATA
 0002:0000b61c 0000020cH .rdata$r                DATA
 0002:0000b828 00000010H .rdata$zETW0            DATA
 0002:0000b838 00000077H .rdata$zETW1            DATA
 0002:0000b8af 0000002cH .rdata$zETW2            DATA
 0002:0000b8db 00000001H .rdata$zETW9            DATA
 0002:0000b8dc 0000038cH .rdata$zzzdbg           DATA
 0002:0000bc68 00000004H .rtc$IAA                DATA
 0002:0000bc6c 00000004H .rtc$IZZ                DATA
 0002:0000bc70 00000004H .rtc$TAA                DATA
 0002:0000bc74 00000004H .rtc$TZZ                DATA
 0002:0000bc78 000008b4H .xdata$x                DATA
 0002:0000c530 00000c44H .edata                  DATA
 0002:0000d174 00000028H .idata$2                DATA
 0002:0000d19c 00000014H .idata$3                DATA
 0002:0000d1b0 00000154H .idata$4                DATA
 0002:0000d304 0000063eH .idata$6                DATA
 0003:00000000 0000092cH .data                   DATA
 0003:0000092c 000000b4H .data$r                 DATA
 0003:000009e0 00000fa0H .bss                    DATA
 0004:00000000 000000dcH .gfids$x                DATA
 0004:000000dc 00000080H .gfids$y                DATA
 0005:00000000 00000058H .rsrc$01                DATA
 0005:00000060 00000338H .rsrc$02                DATA

  Address         Publics by Value              Rva+Base       Lib:Object

 0000:00000000       ___safe_se_handler_table   00000000     <absolute>
 0000:00000000       ___guard_longjmp_table     00000000     <absolute>
 0000:00000000       ___guard_iat_count         00000000     <absolute>
 0000:00000000       ___guard_fids_count        00000000     <absolute>
 0000:00000000       ___guard_iat_table         00000000     <absolute>
 0000:00000000       ___safe_se_handler_count   00000000     <absolute>
 0000:00000000       __except_list              00000000     <absolute>
 0000:00000000       ___guard_longjmp_count     00000000     <absolute>
 0000:00000000       ___guard_fids_table        00000000     <absolute>
 0000:00000100       ___guard_flags             00000100     <absolute>
 0000:00000000       ___ImageBase               10000000     <linker-defined>
 0001:00000000       ?TraceLoggingRegister@__vcrt_trace_logging_provider@@YAJPBU_TlgProvider_t@1@PBU_GUID@@P6GX1KE_K2PAU_EVENT_FILTER_DESCRIPTOR@@PAX@Z4@Z 10001000 f i libvcruntime:telemetry.obj
 0001:0000005d       ?TraceLoggingSetInformation@__vcrt_trace_logging_provider@@YAJPBU_TlgProvider_t@1@W4_EVENT_INFO_CLASS@@PAXK@Z 1000105d f i libvcruntime:telemetry.obj
 0001:00000088       ?TraceLoggingUnregister@__vcrt_trace_logging_provider@@YAXPBU_TlgProvider_t@1@@Z 10001088 f i libvcruntime:telemetry.obj
 0001:000000a7       ?_TlgCreateSz@__vcrt_trace_logging_provider@@YAXPAU_EVENT_DATA_DESCRIPTOR@@PBD@Z 100010a7 f i libvcruntime:telemetry.obj
 0001:000000df       ?_TlgCreateWsz@__vcrt_trace_logging_provider@@YAXPAU_EVENT_DATA_DESCRIPTOR@@PB_W@Z 100010df f i libvcruntime:telemetry.obj
 0001:00000123       ?_TlgEnableCallback@__vcrt_trace_logging_provider@@YGXPBU_GUID@@KE_K1PAU_EVENT_FILTER_DESCRIPTOR@@PAX@Z 10001123 f i libvcruntime:telemetry.obj
 0001:0000019b       ?_TlgKeywordOn@__vcrt_trace_logging_provider@@YAEPBU_TlgProvider_t@1@_K@Z 1000119b f i libvcruntime:telemetry.obj
 0001:000001d7       ?_TlgWrite@__vcrt_trace_logging_provider@@YAJPBU_TlgProvider_t@1@PBXPBU_GUID@@2IPAU_EVENT_DATA_DESCRIPTOR@@@Z 100011d7 f i libvcruntime:telemetry.obj
 0001:00000260       _adler32@12                10001260 f   adler32.obj
 0001:000005a0       _adler32_combine@12        100015a0 f   adler32.obj
 0001:000005c0       _compress2@20              100015c0 f   compress.obj
 0001:00000670       _compress@16               10001670 f   compress.obj
 0001:00000690       _compressBound@4           10001690 f   compress.obj
 0001:000006b0       _get_crc_table@0           100016b0 f   crc32.obj
 0001:000006c0       _crc32@12                  100016c0 f   crc32.obj
 0001:00000db0       _crc32_combine@12          10001db0 f   crc32.obj
 0001:00000dd0       _deflateInit_@16           10001dd0 f   deflate.obj
 0001:00000df0       _deflateInit2_@32          10001df0 f   deflate.obj
 0001:00001020       _deflateSetDictionary@12   10002020 f   deflate.obj
 0001:000011c0       _deflateResetKeep@4        100021c0 f   deflate.obj
 0001:00001270       _deflateReset@4            10002270 f   deflate.obj
 0001:000012a0       _deflateSetHeader@8        100022a0 f   deflate.obj
 0001:000012d0       _deflatePending@12         100022d0 f   deflate.obj
 0001:00001310       _deflatePrime@12           10002310 f   deflate.obj
 0001:000013a0       _deflateParams@12          100023a0 f   deflate.obj
 0001:000014a0       _deflateTune@20            100024a0 f   deflate.obj
 0001:000014f0       _deflateBound@8            100024f0 f   deflate.obj
 0001:00001660       _deflate@8                 10002660 f   deflate.obj
 0001:00001ed0       _deflateEnd@4              10002ed0 f   deflate.obj
 0001:00001fb0       _deflateCopy@8             10002fb0 f   deflate.obj
 0001:00003100       _gzclose@4                 10004100 f   gzclose.obj
 0001:00003130       ___local_stdio_printf_options 10004130 f i gzlib.obj
 0001:00003140       __vsnprintf_l              10004140 f i gzlib.obj
 0001:00003170       __vsnprintf                10004170 f i gzlib.obj
 0001:000031a0       __snprintf                 100041a0 f i gzlib.obj
 0001:00003530       _gzopen@8                  10004530 f   gzlib.obj
 0001:00003550       _gzdopen@8                 10004550 f   gzlib.obj
 0001:000035b0       _gzopen_w@8                100045b0 f   gzlib.obj
 0001:000035d0       _gzbuffer@8                100045d0 f   gzlib.obj
 0001:00003610       _gzrewind@4                10004610 f   gzlib.obj
 0001:00003670       _gzseek64@16               10004670 f   gzlib.obj
 0001:00003800       _gzseek@12                 10004800 f   gzlib.obj
 0001:00003840       _gztell64@4                10004840 f   gzlib.obj
 0001:000038a0       _gztell@4                  100048a0 f   gzlib.obj
 0001:000038d0       _gzoffset64@4              100048d0 f   gzlib.obj
 0001:00003920       _gzoffset@4                10004920 f   gzlib.obj
 0001:00003950       _gzeof@4                   10004950 f   gzlib.obj
 0001:00003990       _gzerror@8                 10004990 f   gzlib.obj
 0001:000039e0       _gzclearerr@4              100049e0 f   gzlib.obj
 0001:00003a20       _gz_error                  10004a20 f   gzlib.obj
 0001:00003f70       _gzread@12                 10004f70 f   gzread.obj
 0001:000040c0       _gzgetc@4                  100050c0 f   gzread.obj
 0001:00004120       _gzgetc_@4                 10005120 f   gzread.obj
 0001:00004130       _gzungetc@8                10005130 f   gzread.obj
 0001:00004210       _gzgets@12                 10005210 f   gzread.obj
 0001:00004320       _gzdirect@4                10005320 f   gzread.obj
 0001:00004360       _gzclose_r@4               10005360 f   gzread.obj
 0001:000043f0       _vsnprintf                 100053f0 f i gzwrite.obj
 0001:00004700       _gzwrite@12                10005700 f   gzwrite.obj
 0001:00004820       _gzputc@8                  10005820 f   gzwrite.obj
 0001:000048d0       _gzputs@8                  100058d0 f   gzwrite.obj
 0001:00004910       _gzvprintf                 10005910 f   gzwrite.obj
 0001:000049f0       _gzprintf                  100059f0 f   gzwrite.obj
 0001:00004a10       _gzflush@8                 10005a10 f   gzwrite.obj
 0001:00004a80       _gzsetparams@12            10005a80 f   gzwrite.obj
 0001:00004b30       _gzclose_w@4               10005b30 f   gzwrite.obj
 0001:00004bf0       _inflateBackInit_@20       10005bf0 f   infback.obj
 0001:00004cf0       _inflateBack@20            10005cf0 f   infback.obj
 0001:00005af0       _inflateBackEnd@4          10006af0 f   infback.obj
 0001:00005b30       _inflateResetKeep@4        10006b30 f   inflate.obj
 0001:00005be0       _inflateReset@4            10006be0 f   inflate.obj
 0001:00005c20       _inflateReset2@8           10006c20 f   inflate.obj
 0001:00005cb0       _inflateInit2_@16          10006cb0 f   inflate.obj
 0001:00005d70       _inflateInit_@12           10006d70 f   inflate.obj
 0001:00005d90       _inflatePrime@12           10006d90 f   inflate.obj
 0001:00005f20       _inflate@8                 10006f20 f   inflate.obj
 0001:000075f0       _inflateEnd@4              100085f0 f   inflate.obj
 0001:00007640       _inflateGetDictionary@12   10008640 f   inflate.obj
 0001:000076b0       _inflateSetDictionary@12   100086b0 f   inflate.obj
 0001:00007750       _inflateGetHeader@8        10008750 f   inflate.obj
 0001:00007810       _inflateSync@4             10008810 f   inflate.obj
 0001:00007900       _inflateSyncPoint@4        10008900 f   inflate.obj
 0001:00007940       _inflateCopy@8             10008940 f   inflate.obj
 0001:00007aa0       _inflateUndermine@8        10008aa0 f   inflate.obj
 0001:00007ad0       _inflateMark@4             10008ad0 f   inflate.obj
 0001:00007b40       _inflate_table             10008b40 f   inftrees.obj
 0001:00007f50       _call_zopen64              10008f50 f   ioapi.obj
 0001:00007f70       _call_zseek64              10008f70 f   ioapi.obj
 0001:00007fd0       _call_ztell64              10008fd0 f   ioapi.obj
 0001:00008000       _fill_zlib_filefunc64_32_def_from_filefunc32 10009000 f   ioapi.obj
 0001:00008210       _fill_fopen64_filefunc     10009210 f   ioapi.obj
 0001:00008300       _win32_open64_file_func    10009300 f   iowin32.obj
 0001:00008370       _win32_open64_file_funcA   10009370 f   iowin32.obj
 0001:000083e0       _win32_open64_file_funcW   100093e0 f   iowin32.obj
 0001:00008430       _win32_open_file_func      10009430 f   iowin32.obj
 0001:000084a0       _win32_read_file_func      100094a0 f   iowin32.obj
 0001:000084f0       _win32_write_file_func     100094f0 f   iowin32.obj
 0001:00008560       _win32_tell_file_func      10009560 f   iowin32.obj
 0001:000085c0       _win32_tell64_file_func    100095c0 f   iowin32.obj
 0001:00008620       _win32_seek_file_func      10009620 f   iowin32.obj
 0001:000086a0       _win32_seek64_file_func    100096a0 f   iowin32.obj
 0001:00008710       _win32_close_file_func     10009710 f   iowin32.obj
 0001:00008740       _win32_error_file_func     10009740 f   iowin32.obj
 0001:00008760       _fill_win32_filefunc       10009760 f   iowin32.obj
 0001:000087a0       _fill_win32_filefunc64     100097a0 f   iowin32.obj
 0001:000087e0       _fill_win32_filefunc64A    100097e0 f   iowin32.obj
 0001:00008820       _fill_win32_filefunc64W    10009820 f   iowin32.obj
 0001:00008870       __tr_init                  10009870 f   trees.obj
 0001:00009800       __tr_stored_block          1000a800 f   trees.obj
 0001:000098b0       __tr_flush_bits            1000a8b0 f   trees.obj
 0001:000098c0       __tr_align                 1000a8c0 f   trees.obj
 0001:000099b0       __tr_flush_block           1000a9b0 f   trees.obj
 0001:0000a1a0       _uncompress@16             1000b1a0 f   uncompr.obj
 0001:0000a580       _unzStringFileNameCompare@12 1000b580 f   unzip.obj
 0001:0000ae20       _unzOpen2@8                1000be20 f   unzip.obj
 0001:0000ae70       _unzOpen2_64@8             1000be70 f   unzip.obj
 0001:0000aed0       _unzOpen@4                 1000bed0 f   unzip.obj
 0001:0000aef0       _unzOpen64@4               1000bef0 f   unzip.obj
 0001:0000af10       _unzClose@4                1000bf10 f   unzip.obj
 0001:0000af50       _unzGetGlobalInfo64@8      1000bf50 f   unzip.obj
 0001:0000af80       _unzGetGlobalInfo@8        1000bf80 f   unzip.obj
 0001:0000b5f0       _unzGetCurrentFileInfo64@32 1000c5f0 f   unzip.obj
 0001:0000b620       _unzGetCurrentFileInfo@32  1000c620 f   unzip.obj
 0001:0000b6e0       _unzGoToFirstFile@4        1000c6e0 f   unzip.obj
 0001:0000b750       _unzGoToNextFile@4         1000c750 f   unzip.obj
 0001:0000b800       _unzLocateFile@12          1000c800 f   unzip.obj
 0001:0000b9b0       _unzGetFilePos64@8         1000c9b0 f   unzip.obj
 0001:0000ba00       _unzGetFilePos@8           1000ca00 f   unzip.obj
 0001:0000ba30       _unzGoToFilePos64@8        1000ca30 f   unzip.obj
 0001:0000baa0       _unzGoToFilePos@8          1000caa0 f   unzip.obj
 0001:0000bd40       _unzOpenCurrentFile3@20    1000cd40 f   unzip.obj
 0001:0000bfb0       _unzOpenCurrentFile@4      1000cfb0 f   unzip.obj
 0001:0000bfd0       _unzOpenCurrentFilePassword@8 1000cfd0 f   unzip.obj
 0001:0000bff0       _unzOpenCurrentFile2@16    1000cff0 f   unzip.obj
 0001:0000c010       _unzGetCurrentFileZStreamPos64@4 1000d010 f   unzip.obj
 0001:0000c050       _unzReadCurrentFile@12     1000d050 f   unzip.obj
 0001:0000c310       _unztell@4                 1000d310 f   unzip.obj
 0001:0000c340       _unztell64@4               1000d340 f   unzip.obj
 0001:0000c370       _unzeof@4                  1000d370 f   unzip.obj
 0001:0000c3b0       _unzGetLocalExtrafield@12  1000d3b0 f   unzip.obj
 0001:0000c480       _unzCloseCurrentFile@4     1000d480 f   unzip.obj
 0001:0000c520       _unzGetGlobalComment@12    1000d520 f   unzip.obj
 0001:0000d100       _LoadCentralDirectoryRecord 1000e100 f   zip.obj
 0001:0000d5a0       _zipOpen3@16               1000e5a0 f   zip.obj
 0001:0000d710       _zipOpen2@16               1000e710 f   zip.obj
 0001:0000d760       _zipOpen2_64@16            1000e760 f   zip.obj
 0001:0000d7c0       _zipOpen@8                 1000e7c0 f   zip.obj
 0001:0000d7e0       _zipOpen64@8               1000e7e0 f   zip.obj
 0001:0000d800       _Write_LocalFileHeader     1000e800 f   zip.obj
 0001:0000da10       _zipOpenNewFileInZip4_64@76 1000ea10 f   zip.obj
 0001:0000def0       _zipOpenNewFileInZip3@64   1000eef0 f   zip.obj
 0001:0000df40       _zipOpenNewFileInZip3_64@68 1000ef40 f   zip.obj
 0001:0000df90       _zipOpenNewFileInZip2@44   1000ef90 f   zip.obj
 0001:0000dfd0       _zipOpenNewFileInZip2_64@48 1000efd0 f   zip.obj
 0001:0000e010       _zipOpenNewFileInZip64@44  1000f010 f   zip.obj
 0001:0000e050       _zipOpenNewFileInZip@40    1000f050 f   zip.obj
 0001:0000e150       _zipWriteInFileInZip@12    1000f150 f   zip.obj
 0001:0000e250       _zipCloseFileInZipRaw@12   1000f250 f   zip.obj
 0001:0000e270       _zipCloseFileInZipRaw64@16 1000f270 f   zip.obj
 0001:0000e760       _zipCloseFileInZip@4       1000f760 f   zip.obj
 0001:0000e780       _Write_Zip64EndOfCentralDirectoryLocator 1000f780 f   zip.obj
 0001:0000e800       _Write_Zip64EndOfCentralDirectoryRecord 1000f800 f   zip.obj
 0001:0000e920       _Write_EndOfCentralDirectoryRecord 1000f920 f   zip.obj
 0001:0000ea60       _Write_GlobalComment       1000fa60 f   zip.obj
 0001:0000ead0       _zipClose@8                1000fad0 f   zip.obj
 0001:0000ec60       _zlibVersion@0             1000fc60 f   zutil.obj
 0001:0000ec70       _zlibCompileFlags@0        1000fc70 f   zutil.obj
 0001:0000ec80       _zError@4                  1000fc80 f   zutil.obj
 0001:0000eca0       _zcalloc                   1000fca0 f   zutil.obj
 0001:0000ecc0       _zcfree                    1000fcc0 f   zutil.obj
 0001:0000ecd0       _longest_match             1000fcd0 f   match686.obj
 0001:0000eeb8       _match_init                1000feb8 f   match686.obj
 0001:0000efc0       _inflate_fast              1000ffc0 f   inffas32.obj
 0001:0000f654       _ReadFile@20               10010654 f   kernel32:KERNEL32.dll
 0001:0000f65a       _WriteFile@20              1001065a f   kernel32:KERNEL32.dll
 0001:0000f660       _CreateFile2@20            10010660 f   kernel32:KERNEL32.dll
 0001:0000f666       _MultiByteToWideChar@24    10010666 f   kernel32:KERNEL32.dll
 0001:0000f66c       _GetLastError@0            1001066c f   kernel32:KERNEL32.dll
 0001:0000f672       _CloseHandle@4             10010672 f   kernel32:KERNEL32.dll
 0001:0000f678       _SetFilePointerEx@20       10010678 f   kernel32:KERNEL32.dll
 0001:0000f993       __CRT_INIT@12              10010993 f   LIBCMT:dll_dllmain.obj
 0001:0000f99c       __DllMainCRTStartup@12     1001099c f   LIBCMT:dll_dllmain.obj
 0001:0000f9bf       ??$__crt_fast_decode_pointer@PAP6AXXZ@@YAPAP6AXXZQAP6AXXZ@Z 100109bf f i LIBCMT:utility.obj
 0001:0000f9d3       ??$__crt_fast_encode_pointer@PAP6AXXZ@@YAPAP6AXXZQAP6AXXZ@Z 100109d3 f i LIBCMT:utility.obj
 0001:0000f9f0       ?__crt_rotate_pointer_value@@YAIIH@Z 100109f0 f i LIBCMT:utility.obj
 0001:0000fa74       _NtCurrentTeb              10010a74 f i LIBCMT:utility.obj
 0001:0000fa7b       ___scrt_acquire_startup_lock 10010a7b f   LIBCMT:utility.obj
 0001:0000fab0       ___scrt_dllmain_after_initialize_c 10010ab0 f   LIBCMT:utility.obj
 0001:0000fac8       ___scrt_dllmain_before_initialize_c 10010ac8 f   LIBCMT:utility.obj
 0001:0000fad6       ___scrt_dllmain_crt_thread_attach 10010ad6 f   LIBCMT:utility.obj
 0001:0000faf5       ___scrt_dllmain_crt_thread_detach 10010af5 f   LIBCMT:utility.obj
 0001:0000fb02       ___scrt_dllmain_exception_filter 10010b02 f   LIBCMT:utility.obj
 0001:0000fb35       ___scrt_dllmain_uninitialize_c 10010b35 f   LIBCMT:utility.obj
 0001:0000fb58       ___scrt_dllmain_uninitialize_critical 10010b58 f   LIBCMT:utility.obj
 0001:0000fb65       ___scrt_initialize_crt     10010b65 f   LIBCMT:utility.obj
 0001:0000fb9e       ___scrt_initialize_onexit_tables 10010b9e f   LIBCMT:utility.obj
 0001:0000fc35       ___scrt_is_nonwritable_in_current_image 10010c35 f   LIBCMT:utility.obj
 0001:0000fcc2       ___scrt_release_startup_lock 10010cc2 f   LIBCMT:utility.obj
 0001:0000fcdf       ___scrt_uninitialize_crt   10010cdf f   LIBCMT:utility.obj
 0001:0000fd07       __onexit                   10010d07 f   LIBCMT:utility.obj
 0001:0000fd42       _at_quick_exit             10010d42 f   LIBCMT:utility.obj
 0001:0000fd73       _atexit                    10010d73 f   LIBCMT:utility.obj
 0001:0000fd88       ___security_init_cookie    10010d88 f   LIBCMT:gs_support.obj
 0001:0000fe24       _DllMain@12                10010e24 f   LIBCMT:dll_dllmain_stub.obj
 0001:0000fe2a       ?__scrt_initialize_type_info@@YAXXZ 10010e2a f   LIBCMT:tncleanup.obj
 0001:0000fe36       ?__scrt_uninitialize_type_info@@YAXXZ 10010e36 f   LIBCMT:tncleanup.obj
 0001:0000fe42       ___local_stdio_scanf_options 10010e42 f i LIBCMT:default_local_stdio_options.obj
 0001:0000fe48       ___scrt_initialize_default_local_stdio_options 10010e48 f   LIBCMT:default_local_stdio_options.obj
 0001:0000fe65       ___scrt_get_dyn_tls_init_callback 10010e65 f   LIBCMT:dyn_tls_init.obj
 0001:0000fe6b       ___scrt_fastfail           10010e6b f   LIBCMT:utility_desktop.obj
 0001:0000ff86       ___scrt_get_show_window_mode 10010f86 f   LIBCMT:utility_desktop.obj
 0001:0000ffb9       ___scrt_initialize_winrt   10010fb9 f   LIBCMT:utility_desktop.obj
 0001:0000ffbc       ___scrt_is_managed_app     10010fbc f   LIBCMT:utility_desktop.obj
 0001:00010000       ___scrt_set_unhandled_exception_filter 10011000 f   LIBCMT:utility_desktop.obj
 0001:0001000c       ___scrt_unhandled_exception_filter@4 1001100c f   LIBCMT:utility_desktop.obj
 0001:0001004d       __crt_debugger_hook        1001104d f   LIBCMT:utility_desktop.obj
 0001:00010055       __RTC_Initialize           10011055 f   LIBCMT:_initsect_.obj
 0001:00010080       __RTC_Terminate            10011080 f   LIBCMT:_initsect_.obj
 0001:000100ab       @_guard_check_icall@4      100110ab f i LIBCMT:checkcfg.obj
 0001:000100c0       __SEH_prolog4              100110c0 f   LIBCMT:_sehprolg4_.obj
 0001:00010106       __SEH_epilog4              10011106 f   LIBCMT:_sehprolg4_.obj
 0001:0001011b       ___isa_available_init      1001111b f   LIBCMT:_cpu_disp_.obj
 0001:000102bc       ___scrt_is_ucrt_dll_in_use 100112bc f   LIBCMT:ucrt_detection.obj
 0001:000102c8       @_guard_check_icall_nop@4  100112c8 f i LIBCMT:guard_support.obj
 0001:000102c9       __guard_icall_checks_enforced 100112c9 f i LIBCMT:guard_support.obj
 0001:000102db       @__security_check_cookie@4 100112db f   LIBCMT:_secchk_.obj
 0001:000102ec       ___raise_securityfailure   100112ec f   LIBCMT:gs_report.obj
 0001:00010314       ___report_gsfailure        10011314 f   LIBCMT:gs_report.obj
 0001:0001040f       ___report_rangecheckfailure 1001140f f   LIBCMT:gs_report.obj
 0001:0001041b       ___report_securityfailure  1001141b f   LIBCMT:gs_report.obj
 0001:000104eb       ___report_securityfailureEx 100114eb f   LIBCMT:gs_report.obj
 0001:00010610       _memchr                    10011610 f   libvcruntime:memchr.obj
 0001:000106f8       _EventDataDescCreate       100116f8 f i libvcruntime:telemetry.obj
 0001:00010713       _HRESULT_FROM_WIN32        10011713 f i libvcruntime:telemetry.obj
 0001:00010727       ___telemetry_main_invoke_trigger 10011727 f   libvcruntime:telemetry.obj
 0001:000107c3       ___telemetry_main_return_trigger 100117c3 f   libvcruntime:telemetry.obj
 0001:0001085f       ___vcrt_initialize_telemetry_provider 1001185f f   libvcruntime:telemetry.obj
 0001:00010872       ___vcrt_uninitialize_telemetry_provider 10011872 f   libvcruntime:telemetry.obj
 0001:000108c0       __except_handler4          100118c0 f   libvcruntime:_chandler4_.obj
 0001:00010a1a       ___vcrt_initialize         10011a1a f   libvcruntime:initialization.obj
 0001:00010a48       ___vcrt_thread_attach      10011a48 f   libvcruntime:initialization.obj
 0001:00010a53       ___vcrt_thread_detach      10011a53 f   libvcruntime:initialization.obj
 0001:00010a5e       ___vcrt_uninitialize       10011a5e f   libvcruntime:initialization.obj
 0001:00010a82       ___vcrt_uninitialize_critical 10011a82 f   libvcruntime:initialization.obj
 0001:00010a99       ??$?RD@__crt_internal_free_policy@@QBEXQBD@Z 10011a99 f i libvcruntime:std_type_info.obj
 0001:00010aa9       ??$?RX@__crt_internal_free_policy@@QBEXQBX@Z 10011aa9 f i libvcruntime:std_type_info.obj
 0001:00010ab9       ??$__crt_interlocked_compare_exchange_pointer@$$CBD$$T$$T@@YAPBDPDSBD$$T1@Z 10011ab9 f i libvcruntime:std_type_info.obj
 0001:00010acb       ??$__crt_interlocked_compare_exchange_pointer@$$CBDPAD$$T@@YAPBDPDSBDQAD$$T@Z 10011acb f i libvcruntime:std_type_info.obj
 0001:00010add       ??$__crt_interlocked_read_pointer@$$CBD@@YAPBDPDSBD@Z 10011add f i libvcruntime:std_type_info.obj
 0001:00010aed       ??0?$__crt_unique_heap_ptr@DU__crt_internal_free_policy@@@@QAE@QAD@Z 10011aed f i libvcruntime:std_type_info.obj
 0001:00010afb       ??0?$__crt_unique_heap_ptr@XU__crt_internal_free_policy@@@@QAE@QAX@Z 10011afb f i libvcruntime:std_type_info.obj
 0001:00010b09       ??1?$__crt_unique_heap_ptr@DU__crt_internal_free_policy@@@@QAE@XZ 10011b09 f i libvcruntime:std_type_info.obj
 0001:00010b19       ??1?$__crt_unique_heap_ptr@XU__crt_internal_free_policy@@@@QAE@XZ 10011b19 f i libvcruntime:std_type_info.obj
 0001:00010b35       ??B?$__crt_unique_heap_ptr@DU__crt_internal_free_policy@@@@QBE_NXZ 10011b35 f i libvcruntime:std_type_info.obj
 0001:00010b3d       ??B?$__crt_unique_heap_ptr@XU__crt_internal_free_policy@@@@QBE_NXZ 10011b3d f i libvcruntime:std_type_info.obj
 0001:00010b65       ?detach@?$__crt_unique_heap_ptr@XU__crt_internal_free_policy@@@@QAEPAXXZ 10011b65 f i libvcruntime:std_type_info.obj
 0001:00010b6b       ?get@?$__crt_unique_heap_ptr@DU__crt_internal_free_policy@@@@QBEPADXZ 10011b6b f i libvcruntime:std_type_info.obj
 0001:00010b6e       ?get@?$__crt_unique_heap_ptr@XU__crt_internal_free_policy@@@@QBEPAXXZ 10011b6e f i libvcruntime:std_type_info.obj
 0001:00010b71       ?is_valid@?$__crt_unique_heap_ptr@DU__crt_internal_free_policy@@@@QBE_NXZ 10011b71 f i libvcruntime:std_type_info.obj
 0001:00010b79       ?is_valid@?$__crt_unique_heap_ptr@XU__crt_internal_free_policy@@@@QBE_NXZ 10011b79 f i libvcruntime:std_type_info.obj
 0001:00010b81       ?release@?$__crt_unique_heap_ptr@DU__crt_internal_free_policy@@@@QAEXXZ 10011b81 f i libvcruntime:std_type_info.obj
 0001:00010b91       ?release@?$__crt_unique_heap_ptr@XU__crt_internal_free_policy@@@@QAEXXZ 10011b91 f i libvcruntime:std_type_info.obj
 0001:00010ba1       ___std_type_info_compare   10011ba1 f   libvcruntime:std_type_info.obj
 0001:00010bdd       ___std_type_info_destroy_list 10011bdd f   libvcruntime:std_type_info.obj
 0001:00010c00       ___std_type_info_hash      10011c00 f   libvcruntime:std_type_info.obj
 0001:00010c26       ___std_type_info_name      10011c26 f   libvcruntime:std_type_info.obj
 0001:00010d00       _memset                    10011d00 f   libvcruntime:memset.obj
 0001:00010e5a       ??$?BX@__crt_fast_encoded_nullptr_t@@QBEPAXXZ 10011e5a f i libvcruntime:winapi_downlevel.obj
 0001:00010e72       ??$__crt_fast_decode_pointer@PAX@@YAPAXQAX@Z 10011e72 f i libvcruntime:winapi_downlevel.obj
 0001:00010e86       ??$__crt_fast_encode_pointer@PAX@@YAPAXQAX@Z 10011e86 f i libvcruntime:winapi_downlevel.obj
 0001:00010ea3       ??$__crt_interlocked_compare_exchange_pointer@UHINSTANCE__@@$$T$$T@@YAPAUHINSTANCE__@@PDSAU0@$$T1@Z 10011ea3 f i libvcruntime:winapi_downlevel.obj
 0001:00010eb5       ??$__crt_interlocked_compare_exchange_pointer@X$$T$$T@@YAPAXPDSAX$$T1@Z 10011eb5 f i libvcruntime:winapi_downlevel.obj
 0001:00010ec7       ??$__crt_interlocked_exchange_pointer@UHINSTANCE__@@PAU1@@@YAPAUHINSTANCE__@@PDSAU0@QAU0@@Z 10011ec7 f i libvcruntime:winapi_downlevel.obj
 0001:00010ed4       ??$__crt_interlocked_exchange_pointer@UHINSTANCE__@@PAX@@YAPAUHINSTANCE__@@PDSAU0@QAX@Z 10011ed4 f i libvcruntime:winapi_downlevel.obj
 0001:00010ee1       ??$__crt_interlocked_exchange_pointer@XPAX@@YAPAXPDSAXQAX@Z 10011ee1 f i libvcruntime:winapi_downlevel.obj
 0001:00010eee       ??$__crt_interlocked_read_pointer@UHINSTANCE__@@@@YAPAUHINSTANCE__@@PDSAU0@@Z 10011eee f i libvcruntime:winapi_downlevel.obj
 0001:00010efe       ??$__crt_interlocked_read_pointer@X@@YAPAXPDSAX@Z 10011efe f i libvcruntime:winapi_downlevel.obj
 0001:00010f0e       ?__crt_fast_encode_pointer@@YA?AU__crt_fast_encoded_nullptr_t@@$$T@Z 10011f0e f i libvcruntime:winapi_downlevel.obj
 0001:000111b1       ___vcrt_EventRegister      100121b1 f   libvcruntime:winapi_downlevel.obj
 0001:000111f1       ___vcrt_EventSetInformation 100121f1 f   libvcruntime:winapi_downlevel.obj
 0001:00011234       ___vcrt_EventUnregister    10012234 f   libvcruntime:winapi_downlevel.obj
 0001:0001126e       ___vcrt_EventWriteTransfer 1001226e f   libvcruntime:winapi_downlevel.obj
 0001:000112b7       ___vcrt_FlsAlloc           100122b7 f   libvcruntime:winapi_downlevel.obj
 0001:000112f1       ___vcrt_FlsFree            100122f1 f   libvcruntime:winapi_downlevel.obj
 0001:0001132b       ___vcrt_FlsGetValue        1001232b f   libvcruntime:winapi_downlevel.obj
 0001:00011365       ___vcrt_FlsSetValue        10012365 f   libvcruntime:winapi_downlevel.obj
 0001:000113a2       ___vcrt_InitializeCriticalSectionEx 100123a2 f   libvcruntime:winapi_downlevel.obj
 0001:000113e8       ___vcrt_initialize_winapi_thunks 100123e8 f   libvcruntime:winapi_downlevel.obj
 0001:0001140c       ___vcrt_uninitialize_winapi_thunks 1001240c f   libvcruntime:winapi_downlevel.obj
 0001:00011440       __local_unwind4            10012440 f   libvcruntime:_exsup4_.obj
 0001:00011516       __seh_longjmp_unwind4@4    10012516 f   libvcruntime:_exsup4_.obj
 0001:0001153e       @_EH4_CallFilterFunc@8     1001253e f   libvcruntime:_exsup4_.obj
 0001:00011555       @_EH4_TransferToHandler@8  10012555 f   libvcruntime:_exsup4_.obj
 0001:0001156e       @_EH4_GlobalUnwind2@8      1001256e f   libvcruntime:_exsup4_.obj
 0001:00011587       @_EH4_LocalUnwind@16       10012587 f   libvcruntime:_exsup4_.obj
 0001:0001159e       ___except_validate_context_record 1001259e f   libvcruntime:jbcxrval.obj
 0001:0001159f       ___except_validate_jump_buffer 1001259f f   libvcruntime:jbcxrval.obj
 0001:000115a0       ??$?RU__vcrt_ptd@@@__crt_internal_free_policy@@QBEXQBU__vcrt_ptd@@@Z 100125a0 f i libvcruntime:per_thread_data.obj
 0001:000115b0       ??0?$__crt_unique_heap_ptr@U__vcrt_ptd@@U__crt_internal_free_policy@@@@QAE@QAU__vcrt_ptd@@@Z 100125b0 f i libvcruntime:per_thread_data.obj
 0001:000115be       ??1?$__crt_unique_heap_ptr@U__vcrt_ptd@@U__crt_internal_free_policy@@@@QAE@XZ 100125be f i libvcruntime:per_thread_data.obj
 0001:000115ce       ??B?$__crt_unique_heap_ptr@U__vcrt_ptd@@U__crt_internal_free_policy@@@@QBE_NXZ 100125ce f i libvcruntime:per_thread_data.obj
 0001:000115d6       ?detach@?$__crt_unique_heap_ptr@U__vcrt_ptd@@U__crt_internal_free_policy@@@@QAEPAU__vcrt_ptd@@XZ 100125d6 f i libvcruntime:per_thread_data.obj
 0001:000115dc       ?get@?$__crt_unique_heap_ptr@U__vcrt_ptd@@U__crt_internal_free_policy@@@@QBEPAU__vcrt_ptd@@XZ 100125dc f i libvcruntime:per_thread_data.obj
 0001:000115df       ?is_valid@?$__crt_unique_heap_ptr@U__vcrt_ptd@@U__crt_internal_free_policy@@@@QBE_NXZ 100125df f i libvcruntime:per_thread_data.obj
 0001:000115e7       ?release@?$__crt_unique_heap_ptr@U__vcrt_ptd@@U__crt_internal_free_policy@@@@QAEXXZ 100125e7 f i libvcruntime:per_thread_data.obj
 0001:00011611       ___vcrt_freefls@4          10012611 f   libvcruntime:per_thread_data.obj
 0001:0001162d       ___vcrt_freeptd            1001262d f   libvcruntime:per_thread_data.obj
 0001:00011663       ___vcrt_getptd             10012663 f   libvcruntime:per_thread_data.obj
 0001:00011671       ___vcrt_getptd_noexit      10012671 f   libvcruntime:per_thread_data.obj
 0001:000116e9       ___vcrt_initialize_ptd     100126e9 f   libvcruntime:per_thread_data.obj
 0001:0001171c       ___vcrt_uninitialize_ptd   1001271c f   libvcruntime:per_thread_data.obj
 0001:00011737       ___vcrt_initialize_locks   10012737 f   libvcruntime:locks.obj
 0001:00011773       ___vcrt_lock               10012773 f   libvcruntime:locks.obj
 0001:00011788       ___vcrt_uninitialize_locks 10012788 f   libvcruntime:locks.obj
 0001:000117b7       ___vcrt_unlock             100127b7 f   libvcruntime:locks.obj
 0001:000117cc       ??$?B$$A6AXXZ@__crt_fast_encoded_nullptr_t@@QBEP6AXXZXZ 100127cc f i libvcruntime:purevirt_data.obj
 0001:000117e4       ??$__crt_fast_encode_pointer@P6AXXZ@@YAP6AXXZQ6AXXZ@Z 100127e4 f i libvcruntime:purevirt_data.obj
 0001:00011801       ___vcrt_initialize_pure_virtual_call_handler 10012801 f   libvcruntime:purevirt_data.obj
 0001:0001181e       ??$__vcrt_va_start_verify_argument_type@QBD@@YAXXZ 1001281e f i libvcruntime:undname.obj
 0001:0001181f       ??0Block@_HeapManager@@QAE@XZ 1001281f f i libvcruntime:undname.obj
 0001:00011825       ??0DName@@QAE@AAPBDD@Z     10012825 f   libvcruntime:undname.obj
 0001:000118de       ??0DName@@QAE@ABV0@@Z      100128de f i libvcruntime:undname.obj
 0001:000118f4       ??0DName@@QAE@D@Z          100128f4 f   libvcruntime:undname.obj
 0001:00011920       ??0DName@@QAE@PAV0@@Z      10012920 f   libvcruntime:undname.obj
 0001:0001196d       ??0DName@@QAE@PBD@Z        1001296d f   libvcruntime:undname.obj
 0001:000119a7       ??0DName@@QAE@W4DNameStatus@@@Z 100129a7 f   libvcruntime:undname.obj
 0001:000119ea       ??0DName@@QAE@XZ           100129ea f i libvcruntime:undname.obj
 0001:000119fb       ??0DName@@QAE@_J@Z         100129fb f   libvcruntime:undname.obj
 0001:00011a90       ??0DName@@QAE@_K@Z         10012a90 f   libvcruntime:undname.obj
 0001:00011aff       ??0DNameNode@@IAE@XZ       10012aff f   libvcruntime:undname.obj
 0001:00011b08       ??0DNameStatusNode@@AAE@W4DNameStatus@@@Z 10012b08 f   libvcruntime:undname.obj
 0001:00011b2b       ??0Replicator@@QAE@XZ      10012b2b f i libvcruntime:undname.obj
 0001:00011b31       ??0UnDecorator@@QAE@PADPBDHP6APADJ@ZK@Z 10012b31 f i libvcruntime:undname.obj
 0001:00011b9a       ??0charNode@@QAE@D@Z       10012b9a f   libvcruntime:undname.obj
 0001:00011baf       ??0pDNameNode@@QAE@PAVDName@@@Z 10012baf f   libvcruntime:undname.obj
 0001:00011bd7       ??0pairNode@@QAE@PAVDNameNode@@0@Z 10012bd7 f   libvcruntime:undname.obj
 0001:00011bf6       ??0pcharNode@@QAE@PBDH@Z   10012bf6 f   libvcruntime:undname.obj
 0001:00011c4f       ??2@YAPAXIAAV_HeapManager@@H@Z 10012c4f f i libvcruntime:undname.obj
 0001:00011c64       ??4DName@@QAEAAV0@ABV0@@Z  10012c64 f   libvcruntime:undname.obj
 0001:00011c7a       ??4DName@@QAEAAV0@D@Z      10012c7a f i libvcruntime:undname.obj
 0001:00011ca6       ??4DName@@QAEAAV0@PAV0@@Z  10012ca6 f   libvcruntime:undname.obj
 0001:00011cef       ??4DName@@QAEAAV0@PBD@Z    10012cef f   libvcruntime:undname.obj
 0001:00011d21       ??4DName@@QAEAAV0@W4DNameStatus@@@Z 10012d21 f   libvcruntime:undname.obj
 0001:00011d56       ??AReplicator@@QBE?AVDName@@H@Z 10012d56 f   libvcruntime:undname.obj
 0001:00011d92       ??BUnDecorator@@QAEPADXZ   10012d92 f i libvcruntime:undname.obj
 0001:00011f0d       ??H@YA?AVDName@@DABV0@@Z   10012f0d f i libvcruntime:undname.obj
 0001:00011f31       ??H@YA?AVDName@@PBDABV0@@Z 10012f31 f i libvcruntime:undname.obj
 0001:00011f55       ??H@YA?AVDName@@W4DNameStatus@@ABV0@@Z 10012f55 f i libvcruntime:undname.obj
 0001:00011f79       ??HDName@@QBE?AV0@ABV0@@Z  10012f79 f   libvcruntime:undname.obj
 0001:00011f9b       ??HDName@@QBE?AV0@D@Z      10012f9b f   libvcruntime:undname.obj
 0001:00011fbd       ??HDName@@QBE?AV0@PAV0@@Z  10012fbd f   libvcruntime:undname.obj
 0001:00011fdf       ??HDName@@QBE?AV0@PBD@Z    10012fdf f   libvcruntime:undname.obj
 0001:00012001       ??HDName@@QBE?AV0@W4DNameStatus@@@Z 10013001 f   libvcruntime:undname.obj
 0001:00012023       ??YDName@@QAEAAV0@ABV0@@Z  10013023 f   libvcruntime:undname.obj
 0001:00012066       ??YDName@@QAEAAV0@D@Z      10013066 f   libvcruntime:undname.obj
 0001:000120b6       ??YDName@@QAEAAV0@PAV0@@Z  100130b6 f   libvcruntime:undname.obj
 0001:0001211b       ??YDName@@QAEAAV0@PBD@Z    1001311b f   libvcruntime:undname.obj
 0001:0001217c       ??YDName@@QAEAAV0@W4DNameStatus@@@Z 1001317c f   libvcruntime:undname.obj
 0001:000121bc       ??YReplicator@@QAEAAV0@ABVDName@@@Z 100131bc f   libvcruntime:undname.obj
 0001:00012206       ??_5DName@@QAEAAV0@ABV0@@Z 10013206 f   libvcruntime:undname.obj
 0001:00012222       ?Constructor@_HeapManager@@QAEXP6APAXI@ZP6AXPAX@Z@Z 10013222 f i libvcruntime:undname.obj
 0001:0001223f       ?Destructor@_HeapManager@@QAEXXZ 1001323f f i libvcruntime:undname.obj
 0001:00012278       ?UScore@UnDecorator@@SAPBDW4Tokens@@@Z 10013278 f   libvcruntime:undname.obj
 0001:00012295       ?append@DName@@AAEXPAVDNameNode@@@Z 10013295 f   libvcruntime:undname.obj
 0001:000122db       ?composeDeclaration@UnDecorator@@CA?AVDName@@ABV2@@Z 100132db f i libvcruntime:undname.obj
 0001:00012ffd       ?doAccessSpecifiers@UnDecorator@@SAHXZ 10013ffd f i libvcruntime:undname.obj
 0001:0001300b       ?doAllocationLanguage@UnDecorator@@SAHXZ 1001400b f i libvcruntime:undname.obj
 0001:00013019       ?doAllocationModel@UnDecorator@@SAHXZ 10014019 f i libvcruntime:undname.obj
 0001:00013027       ?doEcsu@UnDecorator@@SAHXZ 10014027 f i libvcruntime:undname.obj
 0001:00013035       ?doEllipsis@UnDecorator@@SAHXZ 10014035 f i libvcruntime:undname.obj
 0001:00013043       ?doFunctionReturns@UnDecorator@@SAHXZ 10014043 f i libvcruntime:undname.obj
 0001:00013051       ?doMSKeywords@UnDecorator@@SAHXZ 10014051 f i libvcruntime:undname.obj
 0001:0001305e       ?doMemberTypes@UnDecorator@@SAHXZ 1001405e f i libvcruntime:undname.obj
 0001:0001306c       ?doNameOnly@UnDecorator@@SAHXZ 1001406c f i libvcruntime:undname.obj
 0001:00013077       ?doNoIdentCharCheck@UnDecorator@@SAHXZ 10014077 f i libvcruntime:undname.obj
 0001:00013082       ?doPchar@DName@@AAEXPBDH@Z 10014082 f   libvcruntime:undname.obj
 0001:0001310c       ?doPtr64@UnDecorator@@SAHXZ 1001410c f i libvcruntime:undname.obj
 0001:0001311a       ?doRestrictionSpec@UnDecorator@@SAHXZ 1001411a f i libvcruntime:undname.obj
 0001:00013128       ?doThisTypes@UnDecorator@@SAHXZ 10014128 f i libvcruntime:undname.obj
 0001:0001313a       ?doThrowTypes@UnDecorator@@SAHXZ 1001413a f i libvcruntime:undname.obj
 0001:00013148       ?doTypeOnly@UnDecorator@@SAHXZ 10014148 f i libvcruntime:undname.obj
 0001:00013153       ?doUnderScore@UnDecorator@@SAHXZ 10014153 f i libvcruntime:undname.obj
 0001:0001315e       ?getArgumentList@UnDecorator@@CA?AVDName@@XZ 1001415e f   libvcruntime:undname.obj
 0001:0001326a       ?getArgumentTypes@UnDecorator@@CA?AVDName@@XZ 1001426a f   libvcruntime:undname.obj
 0001:0001334a       ?getArrayType@UnDecorator@@CA?AVDName@@ABV2@@Z 1001434a f i libvcruntime:undname.obj
 0001:0001354c       ?getBasedType@UnDecorator@@CA?AVDName@@XZ 1001454c f   libvcruntime:undname.obj
 0001:000135e5       ?getBasicDataType@UnDecorator@@CA?AVDName@@ABV2@@Z 100145e5 f   libvcruntime:undname.obj
 0001:000139d0       ?getCallIndex@UnDecorator@@CA?AVDName@@XZ 100149d0 f i libvcruntime:undname.obj
 0001:000139e4       ?getCallingConvention@UnDecorator@@CA?AVDName@@XZ 100149e4 f   libvcruntime:undname.obj
 0001:00013aa3       ?getDataIndirectType@UnDecorator@@CA?AVDName@@ABV2@PBD0H@Z 10014aa3 f   libvcruntime:undname.obj
 0001:000140c5       ?getDataIndirectType@UnDecorator@@CA?AVDName@@XZ 100150c5 f i libvcruntime:undname.obj
 0001:000140fe       ?getDataType@UnDecorator@@CA?AVDName@@PAV2@@Z 100150fe f   libvcruntime:undname.obj
 0001:000141d0       ?getDecoratedName@UnDecorator@@CA?AVDName@@XZ 100151d0 f   libvcruntime:undname.obj
 0001:0001441c       ?getDimension@UnDecorator@@CA?AVDName@@_N@Z 1001541c f   libvcruntime:undname.obj
 0001:00014553       ?getDispatchTarget@UnDecorator@@CA?AVDName@@XZ 10015553 f   libvcruntime:undname.obj
 0001:000145ae       ?getDisplacement@UnDecorator@@CA?AVDName@@XZ 100155ae f i libvcruntime:undname.obj
 0001:000145c2       ?getECSUDataType@UnDecorator@@CA?AVDName@@XZ 100155c2 f   libvcruntime:undname.obj
 0001:000146df       ?getECSUName@UnDecorator@@CA?AVDName@@XZ 100156df f i libvcruntime:undname.obj
 0001:000146f0       ?getEnumType@UnDecorator@@CA?AVDName@@XZ 100156f0 f i libvcruntime:undname.obj
 0001:000147dc       ?getExtendedDataIndirectType@UnDecorator@@CA?AVDName@@AAPBDAA_NH@Z 100157dc f   libvcruntime:undname.obj
 0001:00014985       ?getExternalDataType@UnDecorator@@CA?AVDName@@ABV2@@Z 10015985 f i libvcruntime:undname.obj
 0001:000149fe       ?getFunctionIndirectType@UnDecorator@@CA?AVDName@@ABV2@@Z 100159fe f   libvcruntime:undname.obj
 0001:00014e07       ?getGuardNumber@UnDecorator@@CA?AVDName@@XZ 10015e07 f i libvcruntime:undname.obj
 0001:00014e1b       ?getLastChar@DName@@QBEDXZ 10015e1b f i libvcruntime:undname.obj
 0001:00014e3a       ?getLastChar@DNameStatusNode@@UBEDXZ 10015e3a f i libvcruntime:undname.obj
 0001:00014e46       ?getLastChar@charNode@@UBEDXZ 10015e46 f i libvcruntime:undname.obj
 0001:00014e4a       ?getLastChar@pDNameNode@@UBEDXZ 10015e4a f i libvcruntime:undname.obj
 0001:00014e58       ?getLastChar@pairNode@@UBEDXZ 10015e58 f i libvcruntime:undname.obj
 0001:00014e8b       ?getLastChar@pcharNode@@UBEDXZ 10015e8b f i libvcruntime:undname.obj
 0001:00014e9d       ?getLexicalFrame@UnDecorator@@CA?AVDName@@XZ 10015e9d f i libvcruntime:undname.obj
 0001:00014eda       ?getMemory@_HeapManager@@QAEPAXIH@Z 10015eda f   libvcruntime:undname.obj
 0001:00014f68       ?getNumberOfDimensions@UnDecorator@@CAHXZ 10015f68 f   libvcruntime:undname.obj
 0001:00014fc9       ?getOperatorName@UnDecorator@@CA?AVDName@@_NPA_N@Z 10015fc9 f i libvcruntime:undname.obj
 0001:000155ef       ?getPointerType@UnDecorator@@CA?AVDName@@ABV2@0@Z 100165ef f i libvcruntime:undname.obj
 0001:0001560d       ?getPointerTypeArray@UnDecorator@@CA?AVDName@@ABV2@0@Z 1001660d f i libvcruntime:undname.obj
 0001:0001562b       ?getPrimaryDataType@UnDecorator@@CA?AVDName@@ABV2@@Z 1001662b f   libvcruntime:undname.obj
 0001:00015806       ?getPtrRefDataType@UnDecorator@@CA?AVDName@@ABV2@H@Z 10016806 f   libvcruntime:undname.obj
 0001:00015908       ?getPtrRefType@UnDecorator@@CA?AVDName@@ABV2@0PBD@Z 10016908 f   libvcruntime:undname.obj
 0001:00015a04       ?getReferenceType@UnDecorator@@CA?AVDName@@ABV2@0PBD@Z 10016a04 f i libvcruntime:undname.obj
 0001:00015a20       ?getRestrictionSpec@UnDecorator@@CA?AVDName@@XZ 10016a20 f   libvcruntime:undname.obj
 0001:00015b12       ?getReturnType@UnDecorator@@CA?AVDName@@PAV2@@Z 10016b12 f   libvcruntime:undname.obj
 0001:00015b41       ?getScope@UnDecorator@@CA?AVDName@@XZ 10016b41 f   libvcruntime:undname.obj
 0001:00015f1f       ?getScopedName@UnDecorator@@CA?AVDName@@XZ 10016f1f f   libvcruntime:undname.obj
 0001:0001601a       ?getSignedDimension@UnDecorator@@CA?AVDName@@XZ 1001701a f   libvcruntime:undname.obj
 0001:0001606d       ?getStorageConvention@UnDecorator@@CA?AVDName@@XZ 1001706d f i libvcruntime:undname.obj
 0001:0001607e       ?getString@DName@@QBEPADPAD0@Z 1001707e f i libvcruntime:undname.obj
 0001:000160aa       ?getString@DName@@QBEPADPADH@Z 100170aa f i libvcruntime:undname.obj
 0001:00016100       ?getString@DNameStatusNode@@UBEPADPAD0@Z 10017100 f i libvcruntime:undname.obj
 0001:00016127       ?getString@charNode@@UBEPADPAD0@Z 10017127 f i libvcruntime:undname.obj
 0001:0001613c       ?getString@pDNameNode@@UBEPADPAD0@Z 1001713c f i libvcruntime:undname.obj
 0001:00016153       ?getString@pairNode@@UBEPADPAD0@Z 10017153 f i libvcruntime:undname.obj
 0001:00016197       ?getString@pcharNode@@UBEPADPAD0@Z 10017197 f i libvcruntime:undname.obj
 0001:000161b2       ?getStringEncoding@UnDecorator@@CA?AVDName@@PADH@Z 100171b2 f   libvcruntime:undname.obj
 0001:00016255       ?getStringHelper@@YAPADPAD00H@Z 10017255 f i libvcruntime:undname.obj
 0001:0001628c       ?getSymbolName@UnDecorator@@CA?AVDName@@XZ 1001728c f i libvcruntime:undname.obj
 0001:000162d4       ?getTemplateArgumentList@UnDecorator@@CA?AVDName@@XZ 100172d4 f   libvcruntime:undname.obj
 0001:00016581       ?getTemplateConstant@UnDecorator@@CA?AVDName@@XZ 10017581 f   libvcruntime:undname.obj
 0001:000168c5       ?getTemplateName@UnDecorator@@CA?AVDName@@_N@Z 100178c5 f   libvcruntime:undname.obj
 0001:00016a1b       ?getThisType@UnDecorator@@CA?AVDName@@XZ 10017a1b f i libvcruntime:undname.obj
 0001:00016a55       ?getThrowTypes@UnDecorator@@CA?AVDName@@XZ 10017a55 f   libvcruntime:undname.obj
 0001:00016adf       ?getTypeEncoding@UnDecorator@@CAHXZ 10017adf f i libvcruntime:undname.obj
 0001:00016fdf       ?getVCallThunkType@UnDecorator@@CA?AVDName@@XZ 10017fdf f i libvcruntime:undname.obj
 0001:0001701a       ?getVbTableType@UnDecorator@@CA?AVDName@@ABV2@@Z 1001801a f i libvcruntime:undname.obj
 0001:0001702f       ?getVdispMapType@UnDecorator@@CA?AVDName@@ABV2@@Z 1001802f f i libvcruntime:undname.obj
 0001:00017085       ?getVfTableType@UnDecorator@@CA?AVDName@@ABV2@@Z 10018085 f i libvcruntime:undname.obj
 0001:000171ea       ?getZName@UnDecorator@@CA?AVDName@@_N0@Z 100181ea f   libvcruntime:undname.obj
 0001:0001742a       ?haveTemplateParameters@UnDecorator@@SAHXZ 1001842a f i libvcruntime:undname.obj
 0001:00017435       ?isArray@DName@@QBEHXZ     10018435 f i libvcruntime:undname.obj
 0001:0001743f       ?isComArray@DName@@QBEHXZ  1001843f f i libvcruntime:undname.obj
 0001:00017449       ?isEmpty@DName@@QBEHXZ     10018449 f i libvcruntime:undname.obj
 0001:00017451       ?isFull@Replicator@@QBEHXZ 10018451 f i libvcruntime:undname.obj
 0001:0001745a       ?isNoTE@DName@@QBEHXZ      1001845a f i libvcruntime:undname.obj
 0001:00017464       ?isPinPtr@DName@@QBEHXZ    10018464 f i libvcruntime:undname.obj
 0001:0001746e       ?isPtrRef@DName@@QBEHXZ    1001846e f i libvcruntime:undname.obj
 0001:00017478       ?isUDC@DName@@QBEHXZ       10018478 f i libvcruntime:undname.obj
 0001:00017489       ?isUDTThunk@DName@@QBEHXZ  10018489 f i libvcruntime:undname.obj
 0001:0001749a       ?isVCallThunk@DName@@QBEHXZ 1001849a f i libvcruntime:undname.obj
 0001:000174a4       ?isValid@DName@@QBEHXZ     100184a4 f i libvcruntime:undname.obj
 0001:000174ae       ?length@DName@@QBEHXZ      100184ae f i libvcruntime:undname.obj
 0001:000174cc       ?length@DNameStatusNode@@UBEHXZ 100184cc f i libvcruntime:undname.obj
 0001:000174d0       ?length@charNode@@UBEHXZ   100184d0 f i libvcruntime:undname.obj
 0001:000174d4       ?length@pDNameNode@@UBEHXZ 100184d4 f i libvcruntime:undname.obj
 0001:000174e2       ?length@pairNode@@UBEHXZ   100184e2 f i libvcruntime:undname.obj
 0001:0001752c       ?length@pcharNode@@UBEHXZ  1001852c f i libvcruntime:undname.obj
 0001:00017530       ?make@DNameStatusNode@@SAPAV1@W4DNameStatus@@@Z 10018530 f i libvcruntime:undname.obj
 0001:000175b6       ?setIsArray@DName@@QAEXXZ  100185b6 f i libvcruntime:undname.obj
 0001:000175be       ?setIsComArray@DName@@QAEXXZ 100185be f i libvcruntime:undname.obj
 0001:000175c6       ?setIsNoTE@DName@@QAEXXZ   100185c6 f i libvcruntime:undname.obj
 0001:000175ce       ?setIsPinPtr@DName@@QAEXXZ 100185ce f i libvcruntime:undname.obj
 0001:000175d6       ?setIsUDC@DName@@QAEXXZ    100185d6 f i libvcruntime:undname.obj
 0001:000175e3       ?setIsVCallThunk@DName@@QAEXXZ 100185e3 f i libvcruntime:undname.obj
 0001:000175eb       ?setPtrRef@DName@@QAEAAV1@XZ 100185eb f i libvcruntime:undname.obj
 0001:000175f5       ?status@DName@@QBE?AW4DNameStatus@@XZ 100185f5 f i libvcruntime:undname.obj
 0001:00017661       ___unDName                 10018661 f   libvcruntime:undname.obj
 0001:000176f6       ___unDNameEx               100186f6 f   libvcruntime:undname.obj
 0001:0001778b       __vsprintf_s_l             1001878b f i libvcruntime:undname.obj
 0001:000177b8       _sprintf_s                 100187b8 f i libvcruntime:undname.obj
 0001:000177e0       __global_unwind2           100187e0 f   libvcruntime:_exsup_.obj
 0001:00017845       __local_unwind2            10018845 f   libvcruntime:_exsup_.obj
 0001:000178c9       __abnormal_termination     100188c9 f   libvcruntime:_exsup_.obj
 0001:000178ec       __NLG_Notify1              100188ec f   libvcruntime:_exsup_.obj
 0001:000178f5       __NLG_Notify               100188f5 f   libvcruntime:_exsup_.obj
 0001:0001790c       __NLG_Dispatch             1001890c     libvcruntime:_exsup_.obj
 0001:0001790c       __NLG_Dispatch2            1001890c     libvcruntime:_exsup_.obj
 0001:00017914       __NLG_Call                 10018914 f   libvcruntime:_exsup_.obj
 0001:00017916       __NLG_Return2              10018916     libvcruntime:_exsup_.obj
 0001:00017917       ??$__crt_fast_decode_pointer@P6AXXZ@@YAP6AXXZQ6AXXZ@Z 10018917 f i libvcruntime:purevirt.obj
 0001:0001792b       ??$__crt_interlocked_compare_exchange_pointer@$$A6AXXZ$$T$$T@@YAP6AXXZPDS6AXXZ$$T1@Z 1001892b f i libvcruntime:purevirt.obj
 0001:0001793d       ??$__crt_interlocked_exchange_pointer@$$A6AXXZP6AXXZ@@YAP6AXXZPDS6AXXZQ6AXXZ@Z 1001893d f i libvcruntime:purevirt.obj
 0001:0001794a       ??$__crt_interlocked_read_pointer@$$A6AXXZ@@YAP6AXXZPDS6AXXZ@Z 1001894a f i libvcruntime:purevirt.obj
 0001:0001795a       __get_purecall_handler     1001895a f   libvcruntime:purevirt.obj
 0001:00017979       __purecall                 10018979 f   libvcruntime:purevirt.obj
 0001:00017994       __set_purecall_handler     10018994 f   libvcruntime:purevirt.obj
 0001:00017d41       __lseek                    10018d41 f   libucrt:lseek.obj
 0001:00017d4c       __lseek_nolock             10018d4c f   libucrt:lseek.obj
 0001:00017d57       __lseeki64                 10018d57 f   libucrt:lseek.obj
 0001:00017d72       __lseeki64_nolock          10018d72 f   libucrt:lseek.obj
 0001:00017d8d       ??$?R_W@__crt_internal_free_policy@@QBEXQB_W@Z 10018d8d f i libucrt:open.obj
 0001:00017d9f       ??$__vcrt_va_start_verify_argument_type@$$CBH@@YAXXZ 10018d9f f i libucrt:open.obj
 0001:00018098       ??$tsopen_nolock@PAHABQAHABQBDABHABHABHABH@?$__crt_char_traits@D@@SAH$$QAPAHABQAHABQBDABH333@Z 10019098 f i libucrt:open.obj
 0001:000180ca       ??$tsopen_nolock@PAHABQAHABQB_WABHABHABHABH@?$__crt_char_traits@_W@@SAH$$QAPAHABQAHABQB_WABH333@Z 100190ca f i libucrt:open.obj
 0001:000180fc       ??$tsopen_nolock@PAHPAHABQBDABHHABHH@?$__crt_char_traits@D@@SAH$$QAPAH0ABQBDABH$$QAH23@Z 100190fc f i libucrt:open.obj
 0001:0001812e       ??$tsopen_nolock@PAHPAHABQB_WABHHABHH@?$__crt_char_traits@_W@@SAH$$QAPAH0ABQB_WABH$$QAH23@Z 1001912e f i libucrt:open.obj
 0001:00018160       ??0?$__crt_unique_heap_ptr@_WU__crt_internal_free_policy@@@@QAE@QA_W@Z 10019160 f i libucrt:open.obj
 0001:00018170       ??1?$__crt_unique_heap_ptr@_WU__crt_internal_free_policy@@@@QAE@XZ 10019170 f i libucrt:open.obj
 0001:000186e0       ?release@?$__crt_unique_heap_ptr@_WU__crt_internal_free_policy@@@@QAEXXZ 100196e0 f i libucrt:open.obj
 0001:000187a2       __invoke_watson_if_error   100197a2 f i libucrt:open.obj
 0001:000187c4       __open                     100197c4 f   libucrt:open.obj
 0001:000187dc       __sopen                    100197dc f   libucrt:open.obj
 0001:00018811       __sopen_dispatch           10019811 f   libucrt:open.obj
 0001:0001881c       __sopen_nolock             1001981c f   libucrt:open.obj
 0001:0001886d       __sopen_s                  1001986d f   libucrt:open.obj
 0001:0001888d       __wopen                    1001988d f   libucrt:open.obj
 0001:000188a5       __wsopen                   100198a5 f   libucrt:open.obj
 0001:000188da       __wsopen_dispatch          100198da f   libucrt:open.obj
 0001:000188e5       __wsopen_nolock            100198e5 f   libucrt:open.obj
 0001:00018c0e       __wsopen_s                 10019c0e f   libucrt:open.obj
 0001:00018c2e       ??$__crt_interlocked_read@J@@YAJPDJ@Z 10019c2e f i libucrt:wcstombs.obj
 0001:00018c3a       ??0_LocaleUpdate@@QAE@QAU__crt_locale_pointers@@@Z 10019c3a f i libucrt:wcstombs.obj
 0001:00018cbd       ??1_LocaleUpdate@@QAE@XZ   10019cbd f i libucrt:wcstombs.obj
 0001:00018ccd       ?GetLocaleT@_LocaleUpdate@@QAEPAU__crt_locale_pointers@@XZ 10019ccd f i libucrt:wcstombs.obj
 0001:00018cd1       ?__crt_interlocked_read_32@@YAHPDH@Z 10019cd1 f i libucrt:wcstombs.obj
 0001:00018f95       ___acrt_locale_changed     10019f95 f i libucrt:wcstombs.obj
 0001:00018fa3       __wcstombs_l               10019fa3 f   libucrt:wcstombs.obj
 0001:00018fae       __wcstombs_s_l             10019fae f   libucrt:wcstombs.obj
 0001:0001907b       _wcstombs                  1001a07b f   libucrt:wcstombs.obj
 0001:00019095       _wcstombs_s                1001a095 f   libucrt:wcstombs.obj
 0001:000190b5       ??$?0ABV?$stream_output_adapter@D@__crt_stdio_output@@AB_KABQBDABQAU__crt_locale_pointers@@ABQAD@?$format_validation_base@DV?$stream_output_adapter@D@__crt_stdio_output@@@__crt_stdio_output@@IAE@ABV?$stream_output_adapter@D@1@AB_KABQBDABQAU__crt_locale_pointers@@ABQAD@Z 1001a0b5 f i libucrt:output.obj
 0001:000190d8       ??$?0ABV?$stream_output_adapter@D@__crt_stdio_output@@AB_KABQBDABQAU__crt_locale_pointers@@ABQAD@?$positional_parameter_base@DV?$stream_output_adapter@D@__crt_stdio_output@@@__crt_stdio_output@@IAE@ABV?$stream_output_adapter@D@1@AB_KABQBDABQAU__crt_locale_pointers@@ABQAD@Z 1001a0d8 f i libucrt:output.obj
 0001:00019120       ??$?0ABV?$stream_output_adapter@D@__crt_stdio_output@@AB_KABQBDABQAU__crt_locale_pointers@@ABQAD@?$standard_base@DV?$stream_output_adapter@D@__crt_stdio_output@@@__crt_stdio_output@@IAE@ABV?$stream_output_adapter@D@1@AB_KABQBDABQAU__crt_locale_pointers@@ABQAD@Z 1001a120 f i libucrt:output.obj
 0001:00019155       ??$?0ABV?$stream_output_adapter@_W@__crt_stdio_output@@AB_KABQB_WABQAU__crt_locale_pointers@@ABQAD@?$format_validation_base@_WV?$stream_output_adapter@_W@__crt_stdio_output@@@__crt_stdio_output@@IAE@ABV?$stream_output_adapter@_W@1@AB_KABQB_WABQAU__crt_locale_pointers@@ABQAD@Z 1001a155 f i libucrt:output.obj
 0001:00019178       ??$?0ABV?$stream_output_adapter@_W@__crt_stdio_output@@AB_KABQB_WABQAU__crt_locale_pointers@@ABQAD@?$positional_parameter_base@_WV?$stream_output_adapter@_W@__crt_stdio_output@@@__crt_stdio_output@@IAE@ABV?$stream_output_adapter@_W@1@AB_KABQB_WABQAU__crt_locale_pointers@@ABQAD@Z 1001a178 f i libucrt:output.obj
 0001:000191c0       ??$?0ABV?$stream_output_adapter@_W@__crt_stdio_output@@AB_KABQB_WABQAU__crt_locale_pointers@@ABQAD@?$standard_base@_WV?$stream_output_adapter@_W@__crt_stdio_output@@@__crt_stdio_output@@IAE@ABV?$stream_output_adapter@_W@1@AB_KABQB_WABQAU__crt_locale_pointers@@ABQAD@Z 1001a1c0 f i libucrt:output.obj
 0001:000191f5       ??$?0ABV?$string_output_adapter@D@__crt_stdio_output@@AB_KABQBDABQAU__crt_locale_pointers@@ABQAD@?$format_validation_base@DV?$string_output_adapter@D@__crt_stdio_output@@@__crt_stdio_output@@IAE@ABV?$string_output_adapter@D@1@AB_KABQBDABQAU__crt_locale_pointers@@ABQAD@Z 1001a1f5 f i libucrt:output.obj
 0001:00019218       ??$?0ABV?$string_output_adapter@D@__crt_stdio_output@@AB_KABQBDABQAU__crt_locale_pointers@@ABQAD@?$positional_parameter_base@DV?$string_output_adapter@D@__crt_stdio_output@@@__crt_stdio_output@@IAE@ABV?$string_output_adapter@D@1@AB_KABQBDABQAU__crt_locale_pointers@@ABQAD@Z 1001a218 f i libucrt:output.obj
 0001:00019260       ??$?0ABV?$string_output_adapter@D@__crt_stdio_output@@AB_KABQBDABQAU__crt_locale_pointers@@ABQAD@?$standard_base@DV?$string_output_adapter@D@__crt_stdio_output@@@__crt_stdio_output@@IAE@ABV?$string_output_adapter@D@1@AB_KABQBDABQAU__crt_locale_pointers@@ABQAD@Z 1001a260 f i libucrt:output.obj
 0001:00019295       ??$?0ABV?$string_output_adapter@_W@__crt_stdio_output@@AB_KABQB_WABQAU__crt_locale_pointers@@ABQAD@?$format_validation_base@_WV?$string_output_adapter@_W@__crt_stdio_output@@@__crt_stdio_output@@IAE@ABV?$string_output_adapter@_W@1@AB_KABQB_WABQAU__crt_locale_pointers@@ABQAD@Z 1001a295 f i libucrt:output.obj
 0001:000192b8       ??$?0ABV?$string_output_adapter@_W@__crt_stdio_output@@AB_KABQB_WABQAU__crt_locale_pointers@@ABQAD@?$positional_parameter_base@_WV?$string_output_adapter@_W@__crt_stdio_output@@@__crt_stdio_output@@IAE@ABV?$string_output_adapter@_W@1@AB_KABQB_WABQAU__crt_locale_pointers@@ABQAD@Z 1001a2b8 f i libucrt:output.obj
 0001:00019300       ??$?0ABV?$string_output_adapter@_W@__crt_stdio_output@@AB_KABQB_WABQAU__crt_locale_pointers@@ABQAD@?$standard_base@_WV?$string_output_adapter@_W@__crt_stdio_output@@@__crt_stdio_output@@IAE@ABV?$string_output_adapter@_W@1@AB_KABQB_WABQAU__crt_locale_pointers@@ABQAD@Z 1001a300 f i libucrt:output.obj
 0001:00019335       ??$?RV<lambda_2293f24e3ce1ad6fe22ccfb9dec07671>@@AAV<lambda_2565fc715a641e539f44ad02d6823606>@@V<lambda_d3217f279b832965d9ca670dc2993570>@@@?$__crt_seh_guarded_call@H@@QAEH$$QAV<lambda_2293f24e3ce1ad6fe22ccfb9dec07671>@@AAV<lambda_2565fc715a641e539f44ad02d6823606>@@$$QAV<lambda_d3217f279b832965d9ca670dc2993570>@@@Z 1001a335 f i libucrt:output.obj
 0001:00019386       ??$?RV<lambda_4d4ac866be0fa3c441830420fabdd2cb>@@AAV<lambda_63a10c2dc8dbb9e4dd1890be52af7c93>@@V<lambda_002af9fa0f8fe472b648c51882d4fc32>@@@?$__crt_seh_guarded_call@H@@QAEH$$QAV<lambda_4d4ac866be0fa3c441830420fabdd2cb>@@AAV<lambda_63a10c2dc8dbb9e4dd1890be52af7c93>@@$$QAV<lambda_002af9fa0f8fe472b648c51882d4fc32>@@@Z 1001a386 f i libucrt:output.obj
 0001:000193d7       ??$?RV<lambda_5be909dfbae0a631386585770cd7b676>@@AAV<lambda_e516058a9c289d98c8ca9fea99247804>@@V<lambda_afe2e0cdc5e0ecf6f0d6f5e2f8985e38>@@@?$__crt_seh_guarded_call@H@@QAEH$$QAV<lambda_5be909dfbae0a631386585770cd7b676>@@AAV<lambda_e516058a9c289d98c8ca9fea99247804>@@$$QAV<lambda_afe2e0cdc5e0ecf6f0d6f5e2f8985e38>@@@Z 1001a3d7 f i libucrt:output.obj
 0001:00019428       ??$?RV<lambda_823d65812123d985753d53e2a8c25d20>@@AAV<lambda_0a97c9e57da7be065955385c79108ff2>@@V<lambda_4d2973f3ad2d226f00468307185dca1b>@@@?$__crt_seh_guarded_call@H@@QAEH$$QAV<lambda_823d65812123d985753d53e2a8c25d20>@@AAV<lambda_0a97c9e57da7be065955385c79108ff2>@@$$QAV<lambda_4d2973f3ad2d226f00468307185dca1b>@@@Z 1001a428 f i libucrt:output.obj
 0001:00019479       ??$?RV<lambda_ab9923ffb5d694ec0d78876dd103e44f>@@AAV<lambda_481dd5778c961fbcd3b60b650e9b9dc4>@@V<lambda_7923d86c9e3f319b415918ec4b39749c>@@@?$__crt_seh_guarded_call@H@@QAEH$$QAV<lambda_ab9923ffb5d694ec0d78876dd103e44f>@@AAV<lambda_481dd5778c961fbcd3b60b650e9b9dc4>@@$$QAV<lambda_7923d86c9e3f319b415918ec4b39749c>@@@Z 1001a479 f i libucrt:output.obj
 0001:000194ca       ??$?RV<lambda_db08b09ef7aa9d4f8620ce68402612bc>@@AAV<lambda_4f2c1eaeead2a5fc776db5b62ea0fb9b>@@V<lambda_3ae262bc35d4ba6a3825c4f6bcaaf95c>@@@?$__crt_seh_guarded_call@H@@QAEH$$QAV<lambda_db08b09ef7aa9d4f8620ce68402612bc>@@AAV<lambda_4f2c1eaeead2a5fc776db5b62ea0fb9b>@@$$QAV<lambda_3ae262bc35d4ba6a3825c4f6bcaaf95c>@@@Z 1001a4ca f i libucrt:output.obj
 0001:0001951b       ??$__acrt_lock_stream_and_call@V<lambda_0a97c9e57da7be065955385c79108ff2>@@@@YAHQAU_iobuf@@$$QAV<lambda_0a97c9e57da7be065955385c79108ff2>@@@Z 1001a51b f i libucrt:output.obj
 0001:00019543       ??$__acrt_lock_stream_and_call@V<lambda_2565fc715a641e539f44ad02d6823606>@@@@YAHQAU_iobuf@@$$QAV<lambda_2565fc715a641e539f44ad02d6823606>@@@Z 1001a543 f i libucrt:output.obj
 0001:0001956b       ??$__acrt_lock_stream_and_call@V<lambda_481dd5778c961fbcd3b60b650e9b9dc4>@@@@YAHQAU_iobuf@@$$QAV<lambda_481dd5778c961fbcd3b60b650e9b9dc4>@@@Z 1001a56b f i libucrt:output.obj
 0001:00019593       ??$__acrt_lock_stream_and_call@V<lambda_4f2c1eaeead2a5fc776db5b62ea0fb9b>@@@@YAHQAU_iobuf@@$$QAV<lambda_4f2c1eaeead2a5fc776db5b62ea0fb9b>@@@Z 1001a593 f i libucrt:output.obj
 0001:000195bb       ??$__acrt_lock_stream_and_call@V<lambda_63a10c2dc8dbb9e4dd1890be52af7c93>@@@@YAHQAU_iobuf@@$$QAV<lambda_63a10c2dc8dbb9e4dd1890be52af7c93>@@@Z 1001a5bb f i libucrt:output.obj
 0001:000195e3       ??$__acrt_lock_stream_and_call@V<lambda_e516058a9c289d98c8ca9fea99247804>@@@@YAHQAU_iobuf@@$$QAV<lambda_e516058a9c289d98c8ca9fea99247804>@@@Z 1001a5e3 f i libucrt:output.obj
 0001:0001a4a4       ??$count@D@formatting_buffer@__crt_stdio_output@@QBEIXZ 1001b4a4 f i libucrt:output.obj
 0001:0001a4bc       ??$data@D@formatting_buffer@__crt_stdio_output@@QAEPADXZ 1001b4bc f i libucrt:output.obj
 0001:0001a4c9       ??$data@_W@formatting_buffer@__crt_stdio_output@@QAEPA_WXZ 1001b4c9 f i libucrt:output.obj
 0001:0001a4d6       ??$ensure_buffer_is_big_enough@D@formatting_buffer@__crt_stdio_output@@QAE_NI@Z 1001b4d6 f i libucrt:output.obj
 0001:0001a55c       ??$extract_argument_from_va_list@C_J@?$positional_parameter_base@DV?$stream_output_adapter@D@__crt_stdio_output@@@__crt_stdio_output@@IAE_NAA_J@Z 1001b55c f i libucrt:output.obj
 0001:0001a5db       ??$extract_argument_from_va_list@C_J@?$positional_parameter_base@DV?$string_output_adapter@D@__crt_stdio_output@@@__crt_stdio_output@@IAE_NAA_J@Z 1001b5db f i libucrt:output.obj
 0001:0001a65a       ??$extract_argument_from_va_list@C_J@?$positional_parameter_base@_WV?$stream_output_adapter@_W@__crt_stdio_output@@@__crt_stdio_output@@IAE_NAA_J@Z 1001b65a f i libucrt:output.obj
 0001:0001a6d9       ??$extract_argument_from_va_list@C_J@?$positional_parameter_base@_WV?$string_output_adapter@_W@__crt_stdio_output@@@__crt_stdio_output@@IAE_NAA_J@Z 1001b6d9 f i libucrt:output.obj
 0001:0001a758       ??$extract_argument_from_va_list@C_J@?$standard_base@DV?$stream_output_adapter@D@__crt_stdio_output@@@__crt_stdio_output@@IAE_NAA_J@Z 1001b758 f i libucrt:output.obj
 0001:0001a777       ??$extract_argument_from_va_list@C_J@?$standard_base@DV?$string_output_adapter@D@__crt_stdio_output@@@__crt_stdio_output@@IAE_NAA_J@Z 1001b777 f i libucrt:output.obj
 0001:0001a796       ??$extract_argument_from_va_list@C_J@?$standard_base@_WV?$stream_output_adapter@_W@__crt_stdio_output@@@__crt_stdio_output@@IAE_NAA_J@Z 1001b796 f i libucrt:output.obj
 0001:0001a7b5       ??$extract_argument_from_va_list@C_J@?$standard_base@_WV?$string_output_adapter@_W@__crt_stdio_output@@@__crt_stdio_output@@IAE_NAA_J@Z 1001b7b5 f i libucrt:output.obj
 0001:0001a7d4       ??$extract_argument_from_va_list@E_J@?$positional_parameter_base@DV?$stream_output_adapter@D@__crt_stdio_output@@@__crt_stdio_output@@IAE_NAA_J@Z 1001b7d4 f i libucrt:output.obj
 0001:0001a853       ??$extract_argument_from_va_list@E_J@?$positional_parameter_base@DV?$string_output_adapter@D@__crt_stdio_output@@@__crt_stdio_output@@IAE_NAA_J@Z 1001b853 f i libucrt:output.obj
 0001:0001a8d2       ??$extract_argument_from_va_list@E_J@?$positional_parameter_base@_WV?$stream_output_adapter@_W@__crt_stdio_output@@@__crt_stdio_output@@IAE_NAA_J@Z 1001b8d2 f i libucrt:output.obj
 0001:0001a951       ??$extract_argument_from_va_list@E_J@?$positional_parameter_base@_WV?$string_output_adapter@_W@__crt_stdio_output@@@__crt_stdio_output@@IAE_NAA_J@Z 1001b951 f i libucrt:output.obj
 0001:0001a9d0       ??$extract_argument_from_va_list@E_J@?$standard_base@DV?$stream_output_adapter@D@__crt_stdio_output@@@__crt_stdio_output@@IAE_NAA_J@Z 1001b9d0 f i libucrt:output.obj
 0001:0001a9ef       ??$extract_argument_from_va_list@E_J@?$standard_base@DV?$string_output_adapter@D@__crt_stdio_output@@@__crt_stdio_output@@IAE_NAA_J@Z 1001b9ef f i libucrt:output.obj
 0001:0001aa0e       ??$extract_argument_from_va_list@E_J@?$standard_base@_WV?$stream_output_adapter@_W@__crt_stdio_output@@@__crt_stdio_output@@IAE_NAA_J@Z 1001ba0e f i libucrt:output.obj
 0001:0001aa2d       ??$extract_argument_from_va_list@E_J@?$standard_base@_WV?$string_output_adapter@_W@__crt_stdio_output@@@__crt_stdio_output@@IAE_NAA_J@Z 1001ba2d f i libucrt:output.obj
 0001:0001aa4c       ??$extract_argument_from_va_list@F_J@?$positional_parameter_base@DV?$stream_output_adapter@D@__crt_stdio_output@@@__crt_stdio_output@@IAE_NAA_J@Z 1001ba4c f i libucrt:output.obj
 0001:0001aacb       ??$extract_argument_from_va_list@F_J@?$positional_parameter_base@DV?$string_output_adapter@D@__crt_stdio_output@@@__crt_stdio_output@@IAE_NAA_J@Z 1001bacb f i libucrt:output.obj
 0001:0001ab4a       ??$extract_argument_from_va_list@F_J@?$positional_parameter_base@_WV?$stream_output_adapter@_W@__crt_stdio_output@@@__crt_stdio_output@@IAE_NAA_J@Z 1001bb4a f i libucrt:output.obj
 0001:0001abc9       ??$extract_argument_from_va_list@F_J@?$positional_parameter_base@_WV?$string_output_adapter@_W@__crt_stdio_output@@@__crt_stdio_output@@IAE_NAA_J@Z 1001bbc9 f i libucrt:output.obj
 0001:0001ac48       ??$extract_argument_from_va_list@F_J@?$standard_base@DV?$stream_output_adapter@D@__crt_stdio_output@@@__crt_stdio_output@@IAE_NAA_J@Z 1001bc48 f i libucrt:output.obj
 0001:0001ac67       ??$extract_argument_from_va_list@F_J@?$standard_base@DV?$string_output_adapter@D@__crt_stdio_output@@@__crt_stdio_output@@IAE_NAA_J@Z 1001bc67 f i libucrt:output.obj
 0001:0001ac86       ??$extract_argument_from_va_list@F_J@?$standard_base@_WV?$stream_output_adapter@_W@__crt_stdio_output@@@__crt_stdio_output@@IAE_NAA_J@Z 1001bc86 f i libucrt:output.obj
 0001:0001aca5       ??$extract_argument_from_va_list@F_J@?$standard_base@_WV?$string_output_adapter@_W@__crt_stdio_output@@@__crt_stdio_output@@IAE_NAA_J@Z 1001bca5 f i libucrt:output.obj
 0001:0001acc4       ??$extract_argument_from_va_list@GD@?$positional_parameter_base@DV?$stream_output_adapter@D@__crt_stdio_output@@@__crt_stdio_output@@IAE_NAAD@Z 1001bcc4 f i libucrt:output.obj
 0001:0001ad42       ??$extract_argument_from_va_list@GD@?$positional_parameter_base@DV?$string_output_adapter@D@__crt_stdio_output@@@__crt_stdio_output@@IAE_NAAD@Z 1001bd42 f i libucrt:output.obj
 0001:0001adc0       ??$extract_argument_from_va_list@GD@?$standard_base@DV?$stream_output_adapter@D@__crt_stdio_output@@@__crt_stdio_output@@IAE_NAAD@Z 1001bdc0 f i libucrt:output.obj
 0001:0001adda       ??$extract_argument_from_va_list@GD@?$standard_base@DV?$string_output_adapter@D@__crt_stdio_output@@@__crt_stdio_output@@IAE_NAAD@Z 1001bdda f i libucrt:output.obj
 0001:0001adf4       ??$extract_argument_from_va_list@G_J@?$positional_parameter_base@DV?$stream_output_adapter@D@__crt_stdio_output@@@__crt_stdio_output@@IAE_NAA_J@Z 1001bdf4 f i libucrt:output.obj
 0001:0001ae73       ??$extract_argument_from_va_list@G_J@?$positional_parameter_base@DV?$string_output_adapter@D@__crt_stdio_output@@@__crt_stdio_output@@IAE_NAA_J@Z 1001be73 f i libucrt:output.obj
 0001:0001aef2       ??$extract_argument_from_va_list@G_J@?$positional_parameter_base@_WV?$stream_output_adapter@_W@__crt_stdio_output@@@__crt_stdio_output@@IAE_NAA_J@Z 1001bef2 f i libucrt:output.obj
 0001:0001af71       ??$extract_argument_from_va_list@G_J@?$positional_parameter_base@_WV?$string_output_adapter@_W@__crt_stdio_output@@@__crt_stdio_output@@IAE_NAA_J@Z 1001bf71 f i libucrt:output.obj
 0001:0001aff0       ??$extract_argument_from_va_list@G_J@?$standard_base@DV?$stream_output_adapter@D@__crt_stdio_output@@@__crt_stdio_output@@IAE_NAA_J@Z 1001bff0 f i libucrt:output.obj
 0001:0001b00f       ??$extract_argument_from_va_list@G_J@?$standard_base@DV?$string_output_adapter@D@__crt_stdio_output@@@__crt_stdio_output@@IAE_NAA_J@Z 1001c00f f i libucrt:output.obj
 0001:0001b02e       ??$extract_argument_from_va_list@G_J@?$standard_base@_WV?$stream_output_adapter@_W@__crt_stdio_output@@@__crt_stdio_output@@IAE_NAA_J@Z 1001c02e f i libucrt:output.obj
 0001:0001b04d       ??$extract_argument_from_va_list@G_J@?$standard_base@_WV?$string_output_adapter@_W@__crt_stdio_output@@@__crt_stdio_output@@IAE_NAA_J@Z 1001c04d f i libucrt:output.obj
 0001:0001b06c       ??$extract_argument_from_va_list@H_J@?$positional_parameter_base@DV?$stream_output_adapter@D@__crt_stdio_output@@@__crt_stdio_output@@IAE_NAA_J@Z 1001c06c f i libucrt:output.obj
 0001:0001b0e9       ??$extract_argument_from_va_list@H_J@?$positional_parameter_base@DV?$string_output_adapter@D@__crt_stdio_output@@@__crt_stdio_output@@IAE_NAA_J@Z 1001c0e9 f i libucrt:output.obj
 0001:0001b166       ??$extract_argument_from_va_list@H_J@?$positional_parameter_base@_WV?$stream_output_adapter@_W@__crt_stdio_output@@@__crt_stdio_output@@IAE_NAA_J@Z 1001c166 f i libucrt:output.obj
 0001:0001b1e3       ??$extract_argument_from_va_list@H_J@?$positional_parameter_base@_WV?$string_output_adapter@_W@__crt_stdio_output@@@__crt_stdio_output@@IAE_NAA_J@Z 1001c1e3 f i libucrt:output.obj
 0001:0001b260       ??$extract_argument_from_va_list@H_J@?$standard_base@DV?$stream_output_adapter@D@__crt_stdio_output@@@__crt_stdio_output@@IAE_NAA_J@Z 1001c260 f i libucrt:output.obj
 0001:0001b27e       ??$extract_argument_from_va_list@H_J@?$standard_base@DV?$string_output_adapter@D@__crt_stdio_output@@@__crt_stdio_output@@IAE_NAA_J@Z 1001c27e f i libucrt:output.obj
 0001:0001b29c       ??$extract_argument_from_va_list@H_J@?$standard_base@_WV?$stream_output_adapter@_W@__crt_stdio_output@@@__crt_stdio_output@@IAE_NAA_J@Z 1001c29c f i libucrt:output.obj
 0001:0001b2ba       ??$extract_argument_from_va_list@H_J@?$standard_base@_WV?$string_output_adapter@_W@__crt_stdio_output@@@__crt_stdio_output@@IAE_NAA_J@Z 1001c2ba f i libucrt:output.obj
 0001:0001b2d8       ??$extract_argument_from_va_list@I_J@?$positional_parameter_base@DV?$stream_output_adapter@D@__crt_stdio_output@@@__crt_stdio_output@@IAE_NAA_J@Z 1001c2d8 f i libucrt:output.obj
 0001:0001b35e       ??$extract_argument_from_va_list@I_J@?$positional_parameter_base@DV?$string_output_adapter@D@__crt_stdio_output@@@__crt_stdio_output@@IAE_NAA_J@Z 1001c35e f i libucrt:output.obj
 0001:0001b3e4       ??$extract_argument_from_va_list@I_J@?$positional_parameter_base@_WV?$stream_output_adapter@_W@__crt_stdio_output@@@__crt_stdio_output@@IAE_NAA_J@Z 1001c3e4 f i libucrt:output.obj
 0001:0001b46a       ??$extract_argument_from_va_list@I_J@?$positional_parameter_base@_WV?$string_output_adapter@_W@__crt_stdio_output@@@__crt_stdio_output@@IAE_NAA_J@Z 1001c46a f i libucrt:output.obj
 0001:0001b4f0       ??$extract_argument_from_va_list@I_J@?$standard_base@DV?$stream_output_adapter@D@__crt_stdio_output@@@__crt_stdio_output@@IAE_NAA_J@Z 1001c4f0 f i libucrt:output.obj
 0001:0001b50e       ??$extract_argument_from_va_list@I_J@?$standard_base@DV?$string_output_adapter@D@__crt_stdio_output@@@__crt_stdio_output@@IAE_NAA_J@Z 1001c50e f i libucrt:output.obj
 0001:0001b52c       ??$extract_argument_from_va_list@I_J@?$standard_base@_WV?$stream_output_adapter@_W@__crt_stdio_output@@@__crt_stdio_output@@IAE_NAA_J@Z 1001c52c f i libucrt:output.obj
 0001:0001b54a       ??$extract_argument_from_va_list@I_J@?$standard_base@_WV?$string_output_adapter@_W@__crt_stdio_output@@@__crt_stdio_output@@IAE_NAA_J@Z 1001c54a f i libucrt:output.obj
 0001:0001b568       ??$extract_argument_from_va_list@PADPAD@?$positional_parameter_base@DV?$stream_output_adapter@D@__crt_stdio_output@@@__crt_stdio_output@@IAE_NAAPAD@Z 1001c568 f i libucrt:output.obj
 0001:0001b5e6       ??$extract_argument_from_va_list@PADPAD@?$positional_parameter_base@DV?$string_output_adapter@D@__crt_stdio_output@@@__crt_stdio_output@@IAE_NAAPAD@Z 1001c5e6 f i libucrt:output.obj
 0001:0001b664       ??$extract_argument_from_va_list@PADPAD@?$positional_parameter_base@_WV?$stream_output_adapter@_W@__crt_stdio_output@@@__crt_stdio_output@@IAE_NAAPAD@Z 1001c664 f i libucrt:output.obj
 0001:0001b6e2       ??$extract_argument_from_va_list@PADPAD@?$positional_parameter_base@_WV?$string_output_adapter@_W@__crt_stdio_output@@@__crt_stdio_output@@IAE_NAAPAD@Z 1001c6e2 f i libucrt:output.obj
 0001:0001b760       ??$extract_argument_from_va_list@PADPAD@?$standard_base@DV?$stream_output_adapter@D@__crt_stdio_output@@@__crt_stdio_output@@IAE_NAAPAD@Z 1001c760 f i libucrt:output.obj
 0001:0001b77a       ??$extract_argument_from_va_list@PADPAD@?$standard_base@DV?$string_output_adapter@D@__crt_stdio_output@@@__crt_stdio_output@@IAE_NAAPAD@Z 1001c77a f i libucrt:output.obj
 0001:0001b794       ??$extract_argument_from_va_list@PADPAD@?$standard_base@_WV?$stream_output_adapter@_W@__crt_stdio_output@@@__crt_stdio_output@@IAE_NAAPAD@Z 1001c794 f i libucrt:output.obj
 0001:0001b7ae       ??$extract_argument_from_va_list@PADPAD@?$standard_base@_WV?$string_output_adapter@_W@__crt_stdio_output@@@__crt_stdio_output@@IAE_NAAPAD@Z 1001c7ae f i libucrt:output.obj
 0001:0001b7c8       ??$extract_argument_from_va_list@PAUansi_string@?1??type_case_Z@?$output_processor@DV?$stream_output_adapter@D@__crt_stdio_output@@V?$format_validation_base@DV?$stream_output_adapter@D@__crt_stdio_output@@@2@@__crt_stdio_output@@AAE_NXZ@PAU1?1??234@AAE_NXZ@@?$standard_base@DV?$stream_output_adapter@D@__crt_stdio_output@@@__crt_stdio_output@@IAE_NAAPAUansi_string@?1??type_case_Z@?$output_processor@DV?$stream_output_adapter@D@__crt_stdio_output@@V?$format_validation_base@DV?$stream_output_adapter@D@__crt_stdio_output@@@2@@1@AAE_NXZ@@Z 1001c7c8 f i libucrt:output.obj
 0001:0001b7e2       ??$extract_argument_from_va_list@PAUansi_string@?1??type_case_Z@?$output_processor@DV?$stream_output_adapter@D@__crt_stdio_output@@V?$positional_parameter_base@DV?$stream_output_adapter@D@__crt_stdio_output@@@2@@__crt_stdio_output@@AAE_NXZ@PAU1?1??234@AAE_NXZ@@?$positional_parameter_base@DV?$stream_output_adapter@D@__crt_stdio_output@@@__crt_stdio_output@@IAE_NAAPAUansi_string@?1??type_case_Z@?$output_processor@DV?$stream_output_adapter@D@__crt_stdio_output@@V?$positional_parameter_base@DV?$stream_output_adapter@D@__crt_stdio_output@@@2@@1@AAE_NXZ@@Z 1001c7e2 f i libucrt:output.obj
 0001:0001b860       ??$extract_argument_from_va_list@PAUansi_string@?1??type_case_Z@?$output_processor@DV?$stream_output_adapter@D@__crt_stdio_output@@V?$positional_parameter_base@DV?$stream_output_adapter@D@__crt_stdio_output@@@2@@__crt_stdio_output@@AAE_NXZ@PAU1?1??234@AAE_NXZ@@?$standard_base@DV?$stream_output_adapter@D@__crt_stdio_output@@@__crt_stdio_output@@IAE_NAAPAUansi_string@?1??type_case_Z@?$output_processor@DV?$stream_output_adapter@D@__crt_stdio_output@@V?$positional_parameter_base@DV?$stream_output_adapter@D@__crt_stdio_output@@@2@@1@AAE_NXZ@@Z 1001c860 f i libucrt:output.obj
 0001:0001b87a       ??$extract_argument_from_va_list@PAUansi_string@?1??type_case_Z@?$output_processor@DV?$stream_output_adapter@D@__crt_stdio_output@@V?$standard_base@DV?$stream_output_adapter@D@__crt_stdio_output@@@2@@__crt_stdio_output@@AAE_NXZ@PAU1?1??234@AAE_NXZ@@?$standard_base@DV?$stream_output_adapter@D@__crt_stdio_output@@@__crt_stdio_output@@IAE_NAAPAUansi_string@?1??type_case_Z@?$output_processor@DV?$stream_output_adapter@D@__crt_stdio_output@@V?$standard_base@DV?$stream_output_adapter@D@__crt_stdio_output@@@2@@1@AAE_NXZ@@Z 1001c87a f i libucrt:output.obj
 0001:0001b894       ??$extract_argument_from_va_list@PAUansi_string@?1??type_case_Z@?$output_processor@DV?$string_output_adapter@D@__crt_stdio_output@@V?$format_validation_base@DV?$string_output_adapter@D@__crt_stdio_output@@@2@@__crt_stdio_output@@AAE_NXZ@PAU1?1??234@AAE_NXZ@@?$standard_base@DV?$string_output_adapter@D@__crt_stdio_output@@@__crt_stdio_output@@IAE_NAAPAUansi_string@?1??type_case_Z@?$output_processor@DV?$string_output_adapter@D@__crt_stdio_output@@V?$format_validation_base@DV?$string_output_adapter@D@__crt_stdio_output@@@2@@1@AAE_NXZ@@Z 1001c894 f i libucrt:output.obj
 0001:0001b8ae       ??$extract_argument_from_va_list@PAUansi_string@?1??type_case_Z@?$output_processor@DV?$string_output_adapter@D@__crt_stdio_output@@V?$positional_parameter_base@DV?$string_output_adapter@D@__crt_stdio_output@@@2@@__crt_stdio_output@@AAE_NXZ@PAU1?1??234@AAE_NXZ@@?$positional_parameter_base@DV?$string_output_adapter@D@__crt_stdio_output@@@__crt_stdio_output@@IAE_NAAPAUansi_string@?1??type_case_Z@?$output_processor@DV?$string_output_adapter@D@__crt_stdio_output@@V?$positional_parameter_base@DV?$string_output_adapter@D@__crt_stdio_output@@@2@@1@AAE_NXZ@@Z 1001c8ae f i libucrt:output.obj
 0001:0001b92c       ??$extract_argument_from_va_list@PAUansi_string@?1??type_case_Z@?$output_processor@DV?$string_output_adapter@D@__crt_stdio_output@@V?$positional_parameter_base@DV?$string_output_adapter@D@__crt_stdio_output@@@2@@__crt_stdio_output@@AAE_NXZ@PAU1?1??234@AAE_NXZ@@?$standard_base@DV?$string_output_adapter@D@__crt_stdio_output@@@__crt_stdio_output@@IAE_NAAPAUansi_string@?1??type_case_Z@?$output_processor@DV?$string_output_adapter@D@__crt_stdio_output@@V?$positional_parameter_base@DV?$string_output_adapter@D@__crt_stdio_output@@@2@@1@AAE_NXZ@@Z 1001c92c f i libucrt:output.obj
 0001:0001b946       ??$extract_argument_from_va_list@PAUansi_string@?1??type_case_Z@?$output_processor@DV?$string_output_adapter@D@__crt_stdio_output@@V?$standard_base@DV?$string_output_adapter@D@__crt_stdio_output@@@2@@__crt_stdio_output@@AAE_NXZ@PAU1?1??234@AAE_NXZ@@?$standard_base@DV?$string_output_adapter@D@__crt_stdio_output@@@__crt_stdio_output@@IAE_NAAPAUansi_string@?1??type_case_Z@?$output_processor@DV?$string_output_adapter@D@__crt_stdio_output@@V?$standard_base@DV?$string_output_adapter@D@__crt_stdio_output@@@2@@1@AAE_NXZ@@Z 1001c946 f i libucrt:output.obj
 0001:0001b960       ??$extract_argument_from_va_list@PAUansi_string@?1??type_case_Z@?$output_processor@_WV?$stream_output_adapter@_W@__crt_stdio_output@@V?$format_validation_base@_WV?$stream_output_adapter@_W@__crt_stdio_output@@@2@@__crt_stdio_output@@AAE_NXZ@PAU1?1??234@AAE_NXZ@@?$standard_base@_WV?$stream_output_adapter@_W@__crt_stdio_output@@@__crt_stdio_output@@IAE_NAAPAUansi_string@?1??type_case_Z@?$output_processor@_WV?$stream_output_adapter@_W@__crt_stdio_output@@V?$format_validation_base@_WV?$stream_output_adapter@_W@__crt_stdio_output@@@2@@1@AAE_NXZ@@Z 1001c960 f i libucrt:output.obj
 0001:0001b97a       ??$extract_argument_from_va_list@PAUansi_string@?1??type_case_Z@?$output_processor@_WV?$stream_output_adapter@_W@__crt_stdio_output@@V?$positional_parameter_base@_WV?$stream_output_adapter@_W@__crt_stdio_output@@@2@@__crt_stdio_output@@AAE_NXZ@PAU1?1??234@AAE_NXZ@@?$positional_parameter_base@_WV?$stream_output_adapter@_W@__crt_stdio_output@@@__crt_stdio_output@@IAE_NAAPAUansi_string@?1??type_case_Z@?$output_processor@_WV?$stream_output_adapter@_W@__crt_stdio_output@@V?$positional_parameter_base@_WV?$stream_output_adapter@_W@__crt_stdio_output@@@2@@1@AAE_NXZ@@Z 1001c97a f i libucrt:output.obj
 0001:0001b9f8       ??$extract_argument_from_va_list@PAUansi_string@?1??type_case_Z@?$output_processor@_WV?$stream_output_adapter@_W@__crt_stdio_output@@V?$positional_parameter_base@_WV?$stream_output_adapter@_W@__crt_stdio_output@@@2@@__crt_stdio_output@@AAE_NXZ@PAU1?1??234@AAE_NXZ@@?$standard_base@_WV?$stream_output_adapter@_W@__crt_stdio_output@@@__crt_stdio_output@@IAE_NAAPAUansi_string@?1??type_case_Z@?$output_processor@_WV?$stream_output_adapter@_W@__crt_stdio_output@@V?$positional_parameter_base@_WV?$stream_output_adapter@_W@__crt_stdio_output@@@2@@1@AAE_NXZ@@Z 1001c9f8 f i libucrt:output.obj
 0001:0001ba12       ??$extract_argument_from_va_list@PAUansi_string@?1??type_case_Z@?$output_processor@_WV?$stream_output_adapter@_W@__crt_stdio_output@@V?$standard_base@_WV?$stream_output_adapter@_W@__crt_stdio_output@@@2@@__crt_stdio_output@@AAE_NXZ@PAU1?1??234@AAE_NXZ@@?$standard_base@_WV?$stream_output_adapter@_W@__crt_stdio_output@@@__crt_stdio_output@@IAE_NAAPAUansi_string@?1??type_case_Z@?$output_processor@_WV?$stream_output_adapter@_W@__crt_stdio_output@@V?$standard_base@_WV?$stream_output_adapter@_W@__crt_stdio_output@@@2@@1@AAE_NXZ@@Z 1001ca12 f i libucrt:output.obj
 0001:0001ba2c       ??$extract_argument_from_va_list@PAUansi_string@?1??type_case_Z@?$output_processor@_WV?$string_output_adapter@_W@__crt_stdio_output@@V?$format_validation_base@_WV?$string_output_adapter@_W@__crt_stdio_output@@@2@@__crt_stdio_output@@AAE_NXZ@PAU1?1??234@AAE_NXZ@@?$standard_base@_WV?$string_output_adapter@_W@__crt_stdio_output@@@__crt_stdio_output@@IAE_NAAPAUansi_string@?1??type_case_Z@?$output_processor@_WV?$string_output_adapter@_W@__crt_stdio_output@@V?$format_validation_base@_WV?$string_output_adapter@_W@__crt_stdio_output@@@2@@1@AAE_NXZ@@Z 1001ca2c f i libucrt:output.obj
 0001:0001ba46       ??$extract_argument_from_va_list@PAUansi_string@?1??type_case_Z@?$output_processor@_WV?$string_output_adapter@_W@__crt_stdio_output@@V?$positional_parameter_base@_WV?$string_output_adapter@_W@__crt_stdio_output@@@2@@__crt_stdio_output@@AAE_NXZ@PAU1?1??234@AAE_NXZ@@?$positional_parameter_base@_WV?$string_output_adapter@_W@__crt_stdio_output@@@__crt_stdio_output@@IAE_NAAPAUansi_string@?1??type_case_Z@?$output_processor@_WV?$string_output_adapter@_W@__crt_stdio_output@@V?$positional_parameter_base@_WV?$string_output_adapter@_W@__crt_stdio_output@@@2@@1@AAE_NXZ@@Z 1001ca46 f i libucrt:output.obj
 0001:0001bac4       ??$extract_argument_from_va_list@PAUansi_string@?1??type_case_Z@?$output_processor@_WV?$string_output_adapter@_W@__crt_stdio_output@@V?$positional_parameter_base@_WV?$string_output_adapter@_W@__crt_stdio_output@@@2@@__crt_stdio_output@@AAE_NXZ@PAU1?1??234@AAE_NXZ@@?$standard_base@_WV?$string_output_adapter@_W@__crt_stdio_output@@@__crt_stdio_output@@IAE_NAAPAUansi_string@?1??type_case_Z@?$output_processor@_WV?$string_output_adapter@_W@__crt_stdio_output@@V?$positional_parameter_base@_WV?$string_output_adapter@_W@__crt_stdio_output@@@2@@1@AAE_NXZ@@Z 1001cac4 f i libucrt:output.obj
[...]
 0002:0000c490       __sehtable$___acrt_update_thread_locale_data 1005a490     libucrt:locale_refcounting.obj
 0002:0000c4b0       __sehtable$__fcloseall     1005a4b0     libucrt:closeall.obj
 0002:0000c4d0       __sehtable$??$?RV<lambda_61cee617f5178ae960314fd4d05640a0>@@AAV<lambda_6978c1fb23f02e42e1d9e99668cc68aa>@@V<lambda_9cd88cf8ad10232537feb2133f08c833>@@@?$__crt_seh_guarded_call@H@@QAEH$$QAV<lambda_61cee617f5178ae960314fd4d05640a0>@@AAV<lambda_6978c1fb23f02e42e1d9e99668cc68aa>@@$$QAV<lambda_9cd88cf8ad10232537feb2133f08c833>@@@Z 1005a4d0     libucrt:commit.obj
 0002:0000c4f0       __sehtable$___set_fpsr_sse2 1005a4f0     libucrt:fpctrl.obj
 0002:0000c510       __sehtable$__IsNonwritableInCurrentImage 1005a510     LIBCMT:pesect.obj
 0002:0000c530       .edata                     1005a530     zlibwapi.exp
 0002:0000c558       rgpv                       1005a558     zlibwapi.exp
 0002:0000c7f4       rgszName                   1005a7f4     zlibwapi.exp
 0002:0000c9d8       rgwOrd                     1005a9d8     zlibwapi.exp
 0002:0000caca       szName                     1005aaca     zlibwapi.exp
 0002:0000cad7       $N00001                    1005aad7     zlibwapi.exp
 0002:0000cadf       $N00140                    1005aadf     zlibwapi.exp
 0002:0000caef       $N00039                    1005aaef     zlibwapi.exp
 0002:0000caf9       $N00002                    1005aaf9     zlibwapi.exp
 0002:0000cb02       $N00046                    1005ab02     zlibwapi.exp
 0002:0000cb10       $N00003                    1005ab10     zlibwapi.exp
 0002:0000cb16       $N00142                    1005ab16     zlibwapi.exp
 0002:0000cb24       $N00004                    1005ab24     zlibwapi.exp
 0002:0000cb2c       $N00047                    1005ab2c     zlibwapi.exp
 0002:0000cb39       $N00005                    1005ab39     zlibwapi.exp
 0002:0000cb45       $N00006                    1005ab45     zlibwapi.exp
 0002:0000cb50       $N00007                    1005ab50     zlibwapi.exp
 0002:0000cb5e       $N00008                    1005ab5e     zlibwapi.exp
 0002:0000cb6b       $N00009                    1005ab6b     zlibwapi.exp
 0002:0000cb79       $N00052                    1005ab79     zlibwapi.exp
 0002:0000cb88       $N00051                    1005ab88     zlibwapi.exp
 0002:0000cb95       $N00010                    1005ab95     zlibwapi.exp
 0002:0000cba2       $N00164                    1005aba2     zlibwapi.exp
 0002:0000cbb3       $N00011                    1005abb3     zlibwapi.exp
 0002:0000cbc8       $N00144                    1005abc8     zlibwapi.exp
 0002:0000cbd9       $N00145                    1005abd9     zlibwapi.exp
 0002:0000cbe5       $N00110                    1005abe5     zlibwapi.exp
 0002:0000cbf9       $N00111                    1005abf9     zlibwapi.exp
 0002:0000cc0f       $N00112                    1005ac0f     zlibwapi.exp
 0002:0000cc26       $N00113                    1005ac26     zlibwapi.exp
 0002:0000cc3d       $N00038                    1005ac3d     zlibwapi.exp
 0002:0000cc4b       $N00146                    1005ac4b     zlibwapi.exp
 0002:0000cc54       $N00048                    1005ac54     zlibwapi.exp
 0002:0000cc5f       $N00012                    1005ac5f     zlibwapi.exp
 0002:0000cc67       $N00147                    1005ac67     zlibwapi.exp
 0002:0000cc71       $N00148                    1005ac71     zlibwapi.exp
 0002:0000cc7b       $N00149                    1005ac7b     zlibwapi.exp
 0002:0000cc84       $N00013                    1005ac84     zlibwapi.exp
 0002:0000cc8c       $N00034                    1005ac8c     zlibwapi.exp
 0002:0000cc92       $N00014                    1005ac92     zlibwapi.exp
 0002:0000cc9a       $N00015                    1005ac9a     zlibwapi.exp
 0002:0000cca2       $N00030                    1005aca2     zlibwapi.exp
 0002:0000cca9       $N00161                    1005aca9     zlibwapi.exp
 0002:0000ccb1       $N00041                    1005acb1     zlibwapi.exp
 0002:0000ccb8       $N00150                    1005acb8     zlibwapi.exp
 0002:0000ccc1       $N00016                    1005acc1     zlibwapi.exp
 0002:0000ccc8       $N00165                    1005acc8     zlibwapi.exp
 0002:0000ccd1       $N00028                    1005acd1     zlibwapi.exp
 0002:0000ccda       $N00029                    1005acda     zlibwapi.exp
 0002:0000cce1       $N00040                    1005ace1     zlibwapi.exp
 0002:0000cce8       $N00017                    1005ace8     zlibwapi.exp
 0002:0000ccef       $N00032                    1005acef     zlibwapi.exp
 0002:0000ccf8       $N00031                    1005acf8     zlibwapi.exp
 0002:0000ccff       $N00035                    1005acff     zlibwapi.exp
 0002:0000cd0b       $N00033                    1005ad0b     zlibwapi.exp
 0002:0000cd12       $N00049                    1005ad12     zlibwapi.exp
 0002:0000cd1b       $N00167                    1005ad1b     zlibwapi.exp
 0002:0000cd25       $N00018                    1005ad25     zlibwapi.exp
 0002:0000cd2d       $N00019                    1005ad2d     zlibwapi.exp
 0002:0000cd35       $N00044                    1005ad35     zlibwapi.exp
 0002:0000cd41       $N00045                    1005ad41     zlibwapi.exp
 0002:0000cd50       $N00043                    1005ad50     zlibwapi.exp
 0002:0000cd61       $N00042                    1005ad61     zlibwapi.exp
 0002:0000cd6d       $N00020                    1005ad6d     zlibwapi.exp
 0002:0000cd78       $N00166                    1005ad78     zlibwapi.exp
 0002:0000cd8d       $N00156                    1005ad8d     zlibwapi.exp
 0002:0000cd9e       $N00021                    1005ad9e     zlibwapi.exp
 0002:0000cdac       $N00022                    1005adac     zlibwapi.exp
 0002:0000cdb9       $N00157                    1005adb9     zlibwapi.exp
 0002:0000cdc5       $N00158                    1005adc5     zlibwapi.exp
 0002:0000cdd2       $N00159                    1005add2     zlibwapi.exp
 0002:0000cde0       $N00023                    1005ade0     zlibwapi.exp
 0002:0000cded       $N00163                    1005aded     zlibwapi.exp
 0002:0000cdfe       $N00024                    1005adfe     zlibwapi.exp
 0002:0000ce13       $N00025                    1005ae13     zlibwapi.exp
 0002:0000ce1f       $N00037                    1005ae1f     zlibwapi.exp
 0002:0000ce30       $N00160                    1005ae30     zlibwapi.exp
 0002:0000ce41       $N00026                    1005ae41     zlibwapi.exp
 0002:0000ce4c       $N00062                    1005ae4c     zlibwapi.exp
 0002:0000ce55       $N00072                    1005ae55     zlibwapi.exp
 0002:0000ce69       $N00124                    1005ae69     zlibwapi.exp
 0002:0000ce81       $N00064                    1005ae81     zlibwapi.exp
 0002:0000ce97       $N00125                    1005ae97     zlibwapi.exp
 0002:0000ceb5       $N00127                    1005aeb5     zlibwapi.exp
 0002:0000cec5       $N00100                    1005aec5     zlibwapi.exp
 0002:0000ced3       $N00073                    1005aed3     zlibwapi.exp
 0002:0000cee7       $N00122                    1005aee7     zlibwapi.exp
 0002:0000cefa       $N00063                    1005aefa     zlibwapi.exp
 0002:0000cf0b       $N00076                    1005af0b     zlibwapi.exp
 0002:0000cf21       $N00128                    1005af21     zlibwapi.exp
 0002:0000cf32       $N00101                    1005af32     zlibwapi.exp
 0002:0000cf41       $N00065                    1005af41     zlibwapi.exp
 0002:0000cf52       $N00066                    1005af52     zlibwapi.exp
 0002:0000cf62       $N00075                    1005af62     zlibwapi.exp
 0002:0000cf70       $N00077                    1005af70     zlibwapi.exp
 0002:0000cf79       $N00121                    1005af79     zlibwapi.exp
 0002:0000cf85       $N00120                    1005af85     zlibwapi.exp
 0002:0000cf8f       $N00061                    1005af8f     zlibwapi.exp
 0002:0000cf97       $N00078                    1005af97     zlibwapi.exp
 0002:0000cfab       $N00069                    1005afab     zlibwapi.exp
 0002:0000cfbf       $N00067                    1005afbf     zlibwapi.exp
 0002:0000cfd2       $N00079                    1005afd2     zlibwapi.exp
 0002:0000cfed       $N00068                    1005afed     zlibwapi.exp
 0002:0000d000       $N00074                    1005b000     zlibwapi.exp
 0002:0000d019       $N00071                    1005b019     zlibwapi.exp
 0002:0000d020       $N00126                    1005b020     zlibwapi.exp
 0002:0000d02a       $N00070                    1005b02a     zlibwapi.exp
 0002:0000d032       $N00036                    1005b032     zlibwapi.exp
 0002:0000d039       $N00084                    1005b039     zlibwapi.exp
 0002:0000d042       $N00083                    1005b042     zlibwapi.exp
 0002:0000d054       $N00136                    1005b054     zlibwapi.exp
 0002:0000d06b       $N00087                    1005b06b     zlibwapi.exp
 0002:0000d080       $N00088                    1005b080     zlibwapi.exp
 0002:0000d089       $N00131                    1005b089     zlibwapi.exp
 0002:0000d095       $N00130                    1005b095     zlibwapi.exp
 0002:0000d09f       $N00080                    1005b09f     zlibwapi.exp
 0002:0000d0a7       $N00086                    1005b0a7     zlibwapi.exp
 0002:0000d0bc       $N00133                    1005b0bc     zlibwapi.exp
 0002:0000d0d4       $N00089                    1005b0d4     zlibwapi.exp
 0002:0000d0e9       $N00134                    1005b0e9     zlibwapi.exp
 0002:0000d101       $N00135                    1005b101     zlibwapi.exp
 0002:0000d119       $N00132                    1005b119     zlibwapi.exp
 0002:0000d12f       $N00081                    1005b12f     zlibwapi.exp
 0002:0000d143       $N00082                    1005b143     zlibwapi.exp
 0002:0000d157       $N00050                    1005b157     zlibwapi.exp
 0002:0000d168       $N00027                    1005b168     zlibwapi.exp
 0002:0000d372       .idata$6                   1005b372     kernel32:KERNEL32.dll
 0002:0000d934       .idata$6                   1005b934     advapi32:ADVAPI32.dll
 0003:00000020       ?_Tlg_Microsoft_CRTProviderProv@@3U_TlgProvider_t@__vcrt_trace_logging_provider@@A 1005c020     libvcruntime:telemetry.obj
 0003:00000060       ?__vcrt_flsindex@@3KA      1005c060     libvcruntime:per_thread_data.obj
 0003:00000180       _errno_no_memory           1005c180     libucrt:errno.obj
 0003:00000184       _doserrno_no_memory        1005c184     libucrt:errno.obj
 0003:00000188       ?global_msvcrt_heap_handle_cache@?1??__acrt_get_msvcrt_heap_handle@@9@4PAXA 1005c188     libucrt:free_base.obj
 0003:000001c0       ___acrt_flsindex           1005c1c0     libucrt:per_thread_data.obj
 0003:000001c4       __ctype_loc_style          1005c1c4     libucrt:wsetlocale.obj
 0003:00000348       ___rgctypeflag             1005c348     libucrt:mbctype.obj
 0003:00000350       ___rgcode_page_info        1005c350     libucrt:mbctype.obj
 0003:000008d0       ?__DAZ_ENABLED@?1??__set_fpsr_sse2@@9@9 1005c8d0     libucrt:fpctrl.obj
 0003:000008f0       _static_l_desc             1005c8f0     trees.obj
 0003:00000904       _static_bl_desc            1005c904     trees.obj
 0003:00000918       _static_d_desc             1005c918     trees.obj
 0003:000009e0       ?__proc_attached@@3HA      1005c9e0     LIBCMT:dll_dllmain.obj
 0003:000009ec       ?module_local_atexit_table@@3U_onexit_table_t@@A 1005c9ec     LIBCMT:utility.obj
 0003:000009f8       ?module_local_at_quick_exit_table@@3U_onexit_table_t@@A 1005c9f8     LIBCMT:utility.obj
 0003:00000a04       ?is_initialized_as_dll@@3_NA 1005ca04     LIBCMT:utility.obj
 0003:00000a30       _GS_ExceptionRecord        1005ca30     LIBCMT:gs_report.obj
 0003:00000a80       _GS_ContextRecord          1005ca80     LIBCMT:gs_report.obj
 0003:00000d4c       ?module_handles@@3PAPAUHINSTANCE__@@A 1005cd4c     libvcruntime:winapi_downlevel.obj
 0003:00000d5c       ?encoded_function_pointers@@3PAPAXA 1005cd5c     libvcruntime:winapi_downlevel.obj
 0003:00000d80       ?__vcrt_startup_thread_ptd@@3U__vcrt_ptd@@A 1005cd80     libvcruntime:per_thread_data.obj
 0003:00000da8       ___vcrt_lock_table         1005cda8     libvcruntime:locks.obj
 0003:00000dc0       ___vcrt_locks_initialized  1005cdc0     libvcruntime:locks.obj
 0003:00000df0       ?heap@@3V_HeapManager@@A   1005cdf0     libvcruntime:undname.obj
 0003:00000e38       _c_termination_complete    1005ce38     libucrt:exit.obj
 0003:00000e3c       _thread_local_exit_callback_func 1005ce3c     libucrt:exit.obj
 0003:00000e40       ?c_exit_complete@?5??common_exit@@YAXHW4_crt_exit_cleanup_mode@@W4_crt_exit_return_mode@@@Z@4_NA 1005ce40     libucrt:exit.obj
 0003:00000e6c       ___acrt_invalid_parameter_handler 1005ce6c     libucrt:invalid_parameter.obj
 0003:0000108c       _enable_percent_n          1005d08c     libucrt:printf_count_output.obj
 0003:00001098       _module_handles            1005d098     libucrt:winapi_thunks.obj
 0003:000010e8       _encoded_function_pointers 1005d0e8     libucrt:winapi_thunks.obj
 0003:00001168       ?static_enum_proc@?1??enum_system_locales_ex_nolock@@YAHQ6GHPA_WKJ@Z@Z@4P6GH0KJ@ZA 1005d168     libucrt:winapi_thunks.obj
 0003:0000116c       ?state_cache@?1??__acrt_is_packaged_app@@9@4JA 1005d16c     libucrt:winapi_thunks.obj
 0003:00001170       ___acrt_lock_table         1005d170     libucrt:locks.obj
 0003:000012a8       ___acrt_locks_initialized  1005d2a8     libucrt:locks.obj
 0003:000012c4       _fSystemSet                1005d2c4     libucrt:mbctype.obj
 0003:000012c8       ?initialized@?1??__acrt_initialize_multibyte@@9@4_NA 1005d2c8     libucrt:mbctype.obj
 0003:000012ec       ___acrt_new_handler        1005d2ec     libucrt:new_handler.obj
 0003:000012f0       _console_ctrl_handler_installed 1005d2f0     libucrt:signal.obj
 0003:000012f4       _ctrlc_action              1005d2f4     libucrt:signal.obj
 0003:000012f8       _ctrlbreak_action          1005d2f8     libucrt:signal.obj
 0003:000012fc       _abort_action              1005d2fc     libucrt:signal.obj
 0003:00001300       _term_action               1005d300     libucrt:signal.obj
 0003:00001304       _user_matherr              1005d304     libucrt:matherr.obj
 0003:00001308       ___acrt_global_new_mode    1005d308     libucrt:new_mode.obj
 0003:0000130c       ___acrt_app_type           1005d30c     libucrt:report_runtime_error.obj
 0003:00001310       ?outmsg@?9??__acrt_report_runtime_error@@9@4PA_WA 1005d310     libucrt:report_runtime_error.obj
 0003:00001948       ___acrt_error_mode         1005d948     libucrt:set_error_mode.obj
 0003:00001950       __pmatherr_set             1005d950     libucrt:libm_error.obj
 0003:00001954       ?calls@?1??crypthead@@9@9  1005d954     zip.obj
 0004:00000000       __guard_fids____dcrt_uninitialize_environments_nolock 1005e000     libucrt:environment_initialization.obj
 0004:00000008       __guard_fids__             1005e008     libucrt:initialization.obj
 0004:00000068       __guard_fids__set_terminate 1005e068     libucrt:terminate.obj
 0004:0000006c       __guard_fids___get_terminate 1005e06c     libucrt:terminate.obj
 0004:00000070       __guard_fids_?get_terminate_or_default@@YAP6AXXZQBU__acrt_ptd@@@Z 1005e070     libucrt:terminate.obj
 0004:00000074       __guard_fids____acrt_initialize_ptd 1005e074     libucrt:per_thread_data.obj
 0004:00000078       __guard_fids__             1005e078     libucrt:wsetlocale.obj
 0004:00000090       __guard_fids_?enum_system_locales_ex_nolock@@YAHQ6GHPA_WKJ@Z@Z 1005e090     libucrt:winapi_thunks.obj
 0004:00000094       __guard_fids_??B<lambda_5a01b672d24c8480ee9d6bdb50dd3881>@@QBEP6GHPA_W@ZXZ 1005e094     libucrt:winapi_thunks.obj
 0004:00000098       __guard_fids_??R<lambda_a463b7b0560cfcaf9b17f27c6ef46564>@@QBEHXZ 1005e098     libucrt:winapi_thunks.obj
 0004:0000009c       __guard_fids_??$?RV<lambda_9227be29367c048ad7fd93a717dcb1a1>@@AAV<lambda_a463b7b0560cfcaf9b17f27c6ef46564>@@V<lambda_ccea11b5727ccf69be64f5f5d9a08d9f>@@@?$__crt_seh_guarded_call@H@@QAEH$$QAV<lambda_9227be29367c048ad7fd93a717dcb1a1>@@AAV<lambda_a463b7b0560cfcaf9b17f27c6ef46564>@@$$QAV<lambda_ccea11b5727ccf69be64f5f5d9a08d9f>@@@Z 1005e09c     libucrt:winapi_thunks.obj
 0004:000000a0       __guard_fids__signal       1005e0a0     libucrt:signal.obj
 0004:000000a4       __guard_fids__             1005e0a4     libucrt:locale_initializer.obj
 0004:000000a8       __guard_fids__GetLocaleNameFromLangCountry 1005e0a8     libucrt:get_qualified_locale.obj
 0004:000000ac       __guard_fids__GetLocaleNameFromLanguage 1005e0ac     libucrt:get_qualified_locale.obj
 0004:000000b0       __guard_fids__GetLcidFromLangCountry 1005e0b0     libucrt:getqloc_downlevel.obj
 0004:000000b4       __guard_fids__GetLcidFromLanguage 1005e0b4     libucrt:getqloc_downlevel.obj
 0004:000000b8       __guard_fids__GetLcidFromCountry 1005e0b8     libucrt:getqloc_downlevel.obj
 0004:000000bc       __guard_fids__             1005e0bc     libucrt:stdio_initializer.obj
 0004:000000c0       __guard_fids__             1005e0c0     libucrt:stdio_initializer.obj
 0004:000000c4       __guard_fids__             1005e0c4     libucrt:multibyte_initializer.obj
 0004:000000c8       __guard_fids_??$common_show_message_box@D@@YAHQBD0I@Z 1005e0c8     libucrt:crtmbox.obj
 0004:000000cc       __guard_fids_??$common_show_message_box@_W@@YAHQB_W0I@Z 1005e0cc     libucrt:crtmbox.obj
 0004:000000d0       __guard_fids__             1005e0d0     libucrt:console_output_initializer.obj
 0004:000000d4       __guard_fids____libm_error_support 1005e0d4     libucrt:libm_error.obj
 0004:000000d8       __guard_fids__             1005e0d8     libucrt:sse2_initializer.obj
 0004:000000dc       __guard_fids_?dllmain_crt_process_attach@@YAHQAUHINSTANCE__@@QAX@Z 1005e0dc     LIBCMT:dll_dllmain.obj
 0004:000000e4       __guard_fids_?dllmain_dispatch@@YAHQAUHINSTANCE__@@KQAX@Z 1005e0e4     LIBCMT:dll_dllmain.obj
 0004:000000e8       __guard_fids____scrt_set_unhandled_exception_filter 1005e0e8     LIBCMT:utility_desktop.obj
 0004:000000ec       __guard_fids__             1005e0ec     LIBCMT:guard_support.obj
 0004:000000f0       __guard_fids___guard_icall_checks_enforced 1005e0f0     LIBCMT:guard_support.obj
 0004:000000f4       __guard_fids__             1005e0f4     libvcruntime:telemetry.obj
 0004:000000f8       __guard_fids_?TraceLoggingRegister@__vcrt_trace_logging_provider@@YAJPBU_TlgProvider_t@1@PBU_GUID@@P6GX1KE_K2PAU_EVENT_FILTER_DESCRIPTOR@@PAX@Z4@Z 1005e0f8     libvcruntime:telemetry.obj
 0004:000000fc       __guard_fids____std_type_info_name 1005e0fc     libvcruntime:std_type_info.obj
 0004:00000104       __guard_fids_??B<lambda_e0128dce7362637f77e3b418282c6919>@@QBEP6APAXI@ZXZ 1005e104     libvcruntime:std_type_info.obj
 0004:00000108       __guard_fids_??B<lambda_c4560dd375471d1680776ed19953e709>@@QBEP6AXQAX@ZXZ 1005e108     libvcruntime:std_type_info.obj
 0004:0000010c       __guard_fids____vcrt_initialize_ptd 1005e10c     libvcruntime:per_thread_data.obj
 0004:00000110       __guard_fids__             1005e110     libvcruntime:undname.obj
 0004:0000011c       __guard_fids__             1005e11c     libvcruntime:undname.obj
 0004:00000128       __guard_fids__             1005e128     libvcruntime:undname.obj
 0004:00000134       __guard_fids__             1005e134     libvcruntime:undname.obj
 0004:00000140       __guard_fids__             1005e140     libvcruntime:undname.obj
 0004:0000014c       __guard_fids__             1005e14c     libvcruntime:undname.obj
 0004:00000158       __guard_fids__             1005e158     LIBCMT:std_type_info_static.obj
 0005:00000060       $R000000                   1005f060     zlib.res
