 zlib

 Timestamp is 568bfab8 (Tue Jan  5 17:17:44 2016)

 Preferred load address is 0000000180000000

 Start         Length     Name                   Class
 0001:00000000 000117b8H .text$mn                CODE
 0001:000117c0 00000012H .text$mn$00             CODE
 0001:000117d2 00000081H .text$x                 CODE
 0002:00000000 00000240H .idata$5                DATA
 0002:00000240 00000010H .00cfg                  DATA
 0002:00000250 00000008H .CRT$XCA                DATA
 0002:00000258 00000008H .CRT$XCZ                DATA
 0002:00000260 00000008H .CRT$XIA                DATA
 0002:00000268 00000008H .CRT$XIZ                DATA
 0002:00000270 00000008H .CRT$XPA                DATA
 0002:00000278 00000008H .CRT$XPZ                DATA
 0002:00000280 00000008H .CRT$XTA                DATA
 0002:00000288 00000008H .CRT$XTZ                DATA
 0002:00000290 000042f4H .rdata                  DATA
 0002:00004584 000002d4H .rdata$zzzdbg           DATA
 0002:00004858 00000008H .rtc$IAA                DATA
 0002:00004860 00000008H .rtc$IZZ                DATA
 0002:00004868 00000008H .rtc$TAA                DATA
 0002:00004870 00000008H .rtc$TZZ                DATA
 0002:00004878 00001780H .xdata                  DATA
 0002:00006000 00000c40H .edata                  DATA
 0002:00006c40 000000a0H .idata$2                DATA
 0002:00006ce0 00000014H .idata$3                DATA
 0002:00006cf8 00000240H .idata$4                DATA
 0002:00006f38 00000522H .idata$6                DATA
 0003:00000000 000000a0H .data                   DATA
 0003:000000a0 00000098H .bss                    DATA
 0004:00000000 000010e0H .pdata                  DATA
 0005:00000000 00000018H .gfids$y                DATA
 0006:00000000 00000058H .rsrc$01                DATA
 0006:00000060 00000338H .rsrc$02                DATA

  Address         Publics by Value              Rva+Base               Lib:Object

 0000:00000000       __guard_longjmp_table      0000000000000000     <absolute>
 0000:00000000       __guard_fids_count         0000000000000000     <absolute>
 0000:00000000       ___safe_se_handler_table   0000000000000000     <absolute>
 0000:00000000       __guard_fids_table         0000000000000000     <absolute>
 0000:00000000       __guard_longjmp_count      0000000000000000     <absolute>
 0000:00000000       __guard_iat_table          0000000000000000     <absolute>
 0000:00000000       ___safe_se_handler_count   0000000000000000     <absolute>
 0000:00000000       __guard_iat_count          0000000000000000     <absolute>
 0000:00000100       __guard_flags              0000000000000100     <absolute>
 0000:00000000       __ImageBase                0000000180000000     <linker-defined>
 0001:00000000       adler32                    0000000180001000 f   adler32.obj
 0001:000003b0       adler32_combine            00000001800013b0 f   adler32.obj
 0001:000003c0       compress2                  00000001800013c0 f   compress.obj
 0001:00000470       compress                   0000000180001470 f   compress.obj
 0001:00000490       compressBound              0000000180001490 f   compress.obj
 0001:000004b0       get_crc_table              00000001800014b0 f   crc32.obj
 0001:000004c0       crc32                      00000001800014c0 f   crc32.obj
 0001:00000ca0       crc32_combine              0000000180001ca0 f   crc32.obj
 0001:00000cb0       deflateInit_               0000000180001cb0 f   deflate.obj
 0001:00000cf0       deflateInit2_              0000000180001cf0 f   deflate.obj
 0001:00000f80       deflateSetDictionary       0000000180001f80 f   deflate.obj
 0001:000011b0       deflateResetKeep           00000001800021b0 f   deflate.obj
 0001:00001280       deflateReset               0000000180002280 f   deflate.obj
 0001:000012b0       deflateSetHeader           00000001800022b0 f   deflate.obj
 0001:000012e0       deflatePending             00000001800022e0 f   deflate.obj
 0001:00001320       deflatePrime               0000000180002320 f   deflate.obj
 0001:000013e0       deflateParams              00000001800023e0 f   deflate.obj
 0001:00001500       deflateTune                0000000180002500 f   deflate.obj
 0001:00001540       deflateBound               0000000180002540 f   deflate.obj
 0001:00001700       deflate                    0000000180002700 f   deflate.obj
 0001:00001fa0       deflateEnd                 0000000180002fa0 f   deflate.obj
 0001:00002080       deflateCopy                0000000180003080 f   deflate.obj
 0001:000036c0       gzclose                    00000001800046c0 f   gzclose.obj
 0001:000036e0       __local_stdio_printf_options 00000001800046e0 f i gzlib.obj
 0001:000036f0       _vsnprintf_l               00000001800046f0 f i gzlib.obj
 0001:00003750       _vsnprintf                 0000000180004750 f i gzlib.obj
 0001:000037c0       _snprintf                  00000001800047c0 f i gzlib.obj
 0001:00003b80       gzopen                     0000000180004b80 f   gzlib.obj
 0001:00003b90       gzdopen                    0000000180004b90 f   gzlib.obj
 0001:00003c20       gzopen_w                   0000000180004c20 f   gzlib.obj
 0001:00003c30       gzbuffer                   0000000180004c30 f   gzlib.obj
 0001:00003c60       gzrewind                   0000000180004c60 f   gzlib.obj
 0001:00003cc0       gzseek64                   0000000180004cc0 f   gzlib.obj
 0001:00003e10       gzseek                     0000000180004e10 f   gzlib.obj
 0001:00003e30       gztell64                   0000000180004e30 f   gzlib.obj
 0001:00003e70       gztell                     0000000180004e70 f   gzlib.obj
 0001:00003e90       gzoffset64                 0000000180004e90 f   gzlib.obj
 0001:00003ef0       gzoffset                   0000000180004ef0 f   gzlib.obj
 0001:00003f10       gzeof                      0000000180004f10 f   gzlib.obj
 0001:00003f40       gzerror                    0000000180004f40 f   gzlib.obj
 0001:00003f90       gzclearerr                 0000000180004f90 f   gzlib.obj
 0001:00003fc0       gz_error                   0000000180004fc0 f   gzlib.obj
 0001:00004620       gzread                     0000000180005620 f   gzread.obj
 0001:000047d0       gzgetc                     00000001800057d0 f   gzread.obj
 0001:00004840       gzgetc_                    0000000180005840 f   gzread.obj
 0001:00004850       gzungetc                   0000000180005850 f   gzread.obj
 0001:00004960       gzgets                     0000000180005960 f   gzread.obj
 0001:00004aa0       gzdirect                   0000000180005aa0 f   gzread.obj
 0001:00004ae0       gzclose_r                  0000000180005ae0 f   gzread.obj
 0001:00004b90       vsnprintf                  0000000180005b90 f i gzwrite.obj
 0001:00004f40       gzwrite                    0000000180005f40 f   gzwrite.obj
 0001:00005090       gzputc                     0000000180006090 f   gzwrite.obj
 0001:00005150       gzputs                     0000000180006150 f   gzwrite.obj
 0001:00005190       gzvprintf                  0000000180006190 f   gzwrite.obj
 0001:000052c0       gzprintf                   00000001800062c0 f   gzwrite.obj
 0001:000052f0       gzflush                    00000001800062f0 f   gzwrite.obj
 0001:00005370       gzsetparams                0000000180006370 f   gzwrite.obj
 0001:00005440       gzclose_w                  0000000180006440 f   gzwrite.obj
 0001:00005510       inflateBackInit_           0000000180006510 f   infback.obj
 0001:00005650       inflateBack                0000000180006650 f   infback.obj
 0001:00006540       inflateBackEnd             0000000180007540 f   infback.obj
 0001:00006590       inflate_fast               0000000180007590 f   inffas8664.obj
 0001:00006740       inflateResetKeep           0000000180007740 f   inflate.obj
 0001:000067c0       inflateReset               00000001800077c0 f   inflate.obj
 0001:000067f0       inflateReset2              00000001800077f0 f   inflate.obj
 0001:000068a0       inflateInit2_              00000001800078a0 f   inflate.obj
 0001:00006990       inflateInit_               0000000180007990 f   inflate.obj
 0001:000069a0       inflatePrime               00000001800079a0 f   inflate.obj
 0001:00006b30       inflate                    0000000180007b30 f   inflate.obj
 0001:000082b0       inflateEnd                 00000001800092b0 f   inflate.obj
 0001:00008310       inflateGetDictionary       0000000180009310 f   inflate.obj
 0001:000083a0       inflateSetDictionary       00000001800093a0 f   inflate.obj
 0001:00008450       inflateGetHeader           0000000180009450 f   inflate.obj
 0001:000084f0       inflateSync                00000001800094f0 f   inflate.obj
 0001:00008600       inflateSyncPoint           0000000180009600 f   inflate.obj
 0001:00008630       inflateCopy                0000000180009630 f   inflate.obj
 0001:00008870       inflateUndermine           0000000180009870 f   inflate.obj
 0001:000088a0       inflateMark                00000001800098a0 f   inflate.obj
 0001:00008900       inflate_table              0000000180009900 f   inftrees.obj
 0001:00008dc0       call_zopen64               0000000180009dc0 f   ioapi.obj
 0001:00008de0       call_zseek64               0000000180009de0 f   ioapi.obj
 0001:00008e10       call_ztell64               0000000180009e10 f   ioapi.obj
 0001:00008e50       fill_zlib_filefunc64_32_def_from_filefunc32 0000000180009e50 f   ioapi.obj
 0001:00009080       fill_fopen64_filefunc      000000018000a080 f   ioapi.obj
 0001:000091b0       win32_open64_file_func     000000018000a1b0 f   iowin32.obj
 0001:00009250       win32_open64_file_funcA    000000018000a250 f   iowin32.obj
 0001:000092f0       win32_open64_file_funcW    000000018000a2f0 f   iowin32.obj
 0001:00009360       win32_open_file_func       000000018000a360 f   iowin32.obj
 0001:00009400       win32_read_file_func       000000018000a400 f   iowin32.obj
 0001:00009470       win32_write_file_func      000000018000a470 f   iowin32.obj
 0001:000094f0       win32_tell_file_func       000000018000a4f0 f   iowin32.obj
 0001:00009550       win32_tell64_file_func     000000018000a550 f   iowin32.obj
 0001:000095b0       win32_seek_file_func       000000018000a5b0 f   iowin32.obj
 0001:00009630       win32_seek64_file_func     000000018000a630 f   iowin32.obj
 0001:000096a0       win32_close_file_func      000000018000a6a0 f   iowin32.obj
 0001:000096e0       win32_error_file_func      000000018000a6e0 f   iowin32.obj
 0001:000096f0       fill_win32_filefunc        000000018000a6f0 f   iowin32.obj
 0001:00009750       fill_win32_filefunc64      000000018000a750 f   iowin32.obj
 0001:000097b0       fill_win32_filefunc64A     000000018000a7b0 f   iowin32.obj
 0001:00009810       fill_win32_filefunc64W     000000018000a810 f   iowin32.obj
 0001:00009880       _tr_init                   000000018000a880 f   trees.obj
 0001:0000a910       _tr_stored_block           000000018000b910 f   trees.obj
 0001:0000a9b0       _tr_flush_bits             000000018000b9b0 f   trees.obj
 0001:0000a9c0       _tr_align                  000000018000b9c0 f   trees.obj
 0001:0000aae0       _tr_flush_block            000000018000bae0 f   trees.obj
 0001:0000b390       uncompress                 000000018000c390 f   uncompr.obj
 0001:0000b800       unzStringFileNameCompare   000000018000c800 f   unzip.obj
 0001:0000c030       unzOpen2                   000000018000d030 f   unzip.obj
 0001:0000c080       unzOpen2_64                000000018000d080 f   unzip.obj
 0001:0000c0e0       unzOpen                    000000018000d0e0 f   unzip.obj
 0001:0000c0f0       unzOpen64                  000000018000d0f0 f   unzip.obj
 0001:0000c100       unzClose                   000000018000d100 f   unzip.obj
 0001:0000c150       unzGetGlobalInfo64         000000018000d150 f   unzip.obj
 0001:0000c170       unzGetGlobalInfo           000000018000d170 f   unzip.obj
 0001:0000c740       unzGetCurrentFileInfo64    000000018000d740 f   unzip.obj
 0001:0000c790       unzGetCurrentFileInfo      000000018000d790 f   unzip.obj
 0001:0000c890       unzGoToFirstFile           000000018000d890 f   unzip.obj
 0001:0000c910       unzGoToNextFile            000000018000d910 f   unzip.obj
 0001:0000c9d0       unzLocateFile              000000018000d9d0 f   unzip.obj
 0001:0000cbb0       unzGetFilePos64            000000018000dbb0 f   unzip.obj
 0001:0000cbf0       unzGetFilePos              000000018000dbf0 f   unzip.obj
 0001:0000cc20       unzGoToFilePos64           000000018000dc20 f   unzip.obj
 0001:0000cca0       unzGoToFilePos             000000018000dca0 f   unzip.obj
 0001:0000cf00       unzOpenCurrentFile3        000000018000df00 f   unzip.obj
 0001:0000d180       unzOpenCurrentFile         000000018000e180 f   unzip.obj
 0001:0000d1a0       unzOpenCurrentFilePassword 000000018000e1a0 f   unzip.obj
 0001:0000d1c0       unzOpenCurrentFile2        000000018000e1c0 f   unzip.obj
 0001:0000d1e0       unzGetCurrentFileZStreamPos64 000000018000e1e0 f   unzip.obj
 0001:0000d200       unzReadCurrentFile         000000018000e200 f   unzip.obj
 0001:0000d4c0       unztell                    000000018000e4c0 f   unzip.obj
 0001:0000d4e0       unztell64                  000000018000e4e0 f   unzip.obj
 0001:0000d500       unzeof                     000000018000e500 f   unzip.obj
 0001:0000d530       unzGetLocalExtrafield      000000018000e530 f   unzip.obj
 0001:0000d620       unzCloseCurrentFile        000000018000e620 f   unzip.obj
 0001:0000d6e0       unzGetGlobalComment        000000018000e6e0 f   unzip.obj
 0001:0000e330       LoadCentralDirectoryRecord 000000018000f330 f   zip.obj
 0001:0000e6d0       zipOpen3                   000000018000f6d0 f   zip.obj
 0001:0000e900       zipOpen2                   000000018000f900 f   zip.obj
 0001:0000e950       zipOpen2_64                000000018000f950 f   zip.obj
 0001:0000e9b0       zipOpen                    000000018000f9b0 f   zip.obj
 0001:0000e9c0       zipOpen64                  000000018000f9c0 f   zip.obj
 0001:0000e9d0       Write_LocalFileHeader      000000018000f9d0 f   zip.obj
 0001:0000ec30       zipOpenNewFileInZip4_64    000000018000fc30 f   zip.obj
 0001:0000f1b0       zipOpenNewFileInZip3       00000001800101b0 f   zip.obj
 0001:0000f260       zipOpenNewFileInZip3_64    0000000180010260 f   zip.obj
 0001:0000f320       zipOpenNewFileInZip2       0000000180010320 f   zip.obj
 0001:0000f3b0       zipOpenNewFileInZip2_64    00000001800103b0 f   zip.obj
 0001:0000f450       zipOpenNewFileInZip64      0000000180010450 f   zip.obj
 0001:0000f4e0       zipOpenNewFileInZip        00000001800104e0 f   zip.obj
 0001:0000f650       zipWriteInFileInZip        0000000180010650 f   zip.obj
 0001:0000f7c0       zipCloseFileInZipRaw       00000001800107c0 f   zip.obj
 0001:0000f7d0       zipCloseFileInZipRaw64     00000001800107d0 f   zip.obj
 0001:0000fc30       zipCloseFileInZip          0000000180010c30 f   zip.obj
 0001:0000fc40       Write_Zip64EndOfCentralDirectoryLocator 0000000180010c40 f   zip.obj
 0001:0000fcc0       Write_Zip64EndOfCentralDirectoryRecord 0000000180010cc0 f   zip.obj
 0001:0000fdf0       Write_EndOfCentralDirectoryRecord 0000000180010df0 f   zip.obj
 0001:0000ff10       Write_GlobalComment        0000000180010f10 f   zip.obj
 0001:0000ffa0       zipClose                   0000000180010fa0 f   zip.obj
 0001:00010110       zlibVersion                0000000180011110 f   zutil.obj
 0001:00010120       zlibCompileFlags           0000000180011120 f   zutil.obj
 0001:00010130       zError                     0000000180011130 f   zutil.obj
 0001:00010150       zcalloc                    0000000180011150 f   zutil.obj
 0001:00010160       zcfree                     0000000180011160 f   zutil.obj
 0001:00010170       longest_match              0000000180011170 f   gvmat64.obj
 0001:00010449       match_init                 0000000180011449 f   gvmat64.obj
 0001:00010450       inffas8664fnc              0000000180011450 f   inffasx64.obj
 0001:00010768       ReadFile                   0000000180011768 f   kernel32:KERNEL32.dll
 0001:0001076e       WriteFile                  000000018001176e f   kernel32:KERNEL32.dll
 0001:00010774       CreateFile2                0000000180011774 f   kernel32:KERNEL32.dll
 0001:0001077a       MultiByteToWideChar        000000018001177a f   kernel32:KERNEL32.dll
 0001:00010780       GetLastError               0000000180011780 f   kernel32:KERNEL32.dll
 0001:00010786       CloseHandle                0000000180011786 f   kernel32:KERNEL32.dll
 0001:0001078c       SetFilePointerEx           000000018001178c f   kernel32:KERNEL32.dll
 0001:00010af0       _CRT_INIT                  0000000180011af0 f   MSVCRT:dll_dllmain.obj
 0001:00010af8       _DllMainCRTStartup         0000000180011af8 f   MSVCRT:dll_dllmain.obj
 0001:00010b38       ??$__crt_fast_decode_pointer@PEAP6AXXZ@@YAPEAP6AXXZQEAP6AXXZ@Z 0000000180011b38 f i MSVCRT:utility.obj
 0001:00010b50       ??$__crt_fast_encode_pointer@PEAP6AXXZ@@YAPEAP6AXXZQEAP6AXXZ@Z 0000000180011b50 f i MSVCRT:utility.obj
 0001:00010b70       ?__crt_rotate_pointer_value@@YA_K_KH@Z 0000000180011b70 f i MSVCRT:utility.obj
 0001:00010bf8       NtCurrentTeb               0000000180011bf8 f i MSVCRT:utility.obj
 0001:00010c04       __scrt_acquire_startup_lock 0000000180011c04 f   MSVCRT:utility.obj
 0001:00010c40       __scrt_dllmain_after_initialize_c 0000000180011c40 f   MSVCRT:utility.obj
 0001:00010c60       __scrt_dllmain_before_initialize_c 0000000180011c60 f   MSVCRT:utility.obj
 0001:00010c78       __scrt_dllmain_crt_thread_attach 0000000180011c78 f   MSVCRT:utility.obj
 0001:00010ca0       __scrt_dllmain_crt_thread_detach 0000000180011ca0 f   MSVCRT:utility.obj
 0001:00010cb8       __scrt_dllmain_exception_filter 0000000180011cb8 f   MSVCRT:utility.obj
 0001:00010d1c       __scrt_dllmain_uninitialize_c 0000000180011d1c f   MSVCRT:utility.obj
 0001:00010d4c       __scrt_dllmain_uninitialize_critical 0000000180011d4c f   MSVCRT:utility.obj
 0001:00010d60       __scrt_initialize_crt      0000000180011d60 f   MSVCRT:utility.obj
 0001:00010dac       __scrt_initialize_onexit_tables 0000000180011dac f   MSVCRT:utility.obj
 0001:00010e78       __scrt_is_nonwritable_in_current_image 0000000180011e78 f   MSVCRT:utility.obj
 0001:00010f14       __scrt_release_startup_lock 0000000180011f14 f   MSVCRT:utility.obj
 0001:00010f38       __scrt_uninitialize_crt    0000000180011f38 f   MSVCRT:utility.obj
 0001:00010f64       _onexit                    0000000180011f64 f   MSVCRT:utility.obj
 0001:00010fb4       at_quick_exit              0000000180011fb4 f   MSVCRT:utility.obj
 0001:00010fec       atexit                     0000000180011fec f   MSVCRT:utility.obj
 0001:00011004       __security_init_cookie     0000000180012004 f   MSVCRT:gs_support.obj
 0001:000110b0       DllMain                    00000001800120b0 f   MSVCRT:dll_dllmain_stub.obj
 0001:000110d4       ?__scrt_initialize_type_info@@YAXXZ 00000001800120d4 f   MSVCRT:tncleanup.obj
 0001:000110e4       ?__scrt_uninitialize_type_info@@YAXXZ 00000001800120e4 f   MSVCRT:tncleanup.obj
 0001:000110f0       __local_stdio_scanf_options 00000001800120f0 f i MSVCRT:default_local_stdio_options.obj
 0001:000110f8       __scrt_initialize_default_local_stdio_options 00000001800120f8 f   MSVCRT:default_local_stdio_options.obj
 0001:00011114       __scrt_get_dyn_tls_init_callback 0000000180012114 f   MSVCRT:dyn_tls_init.obj
 0001:0001111c       __crt_debugger_hook        000000018001211c f   MSVCRT:utility_desktop.obj
 0001:00011124       __scrt_fastfail            0000000180012124 f   MSVCRT:utility_desktop.obj
 0001:0001126c       __scrt_get_show_window_mode 000000018001226c f   MSVCRT:utility_desktop.obj
 0001:000112ac       __scrt_initialize_winrt    00000001800122ac f   MSVCRT:utility_desktop.obj
 0001:000112b0       __scrt_is_managed_app      00000001800122b0 f   MSVCRT:utility_desktop.obj
 0001:00011304       __scrt_set_unhandled_exception_filter 0000000180012304 f   MSVCRT:utility_desktop.obj
 0001:00011314       __scrt_unhandled_exception_filter 0000000180012314 f   MSVCRT:utility_desktop.obj
 0001:0001134c       _RTC_Initialize            000000018001234c f   MSVCRT:_initsect_.obj
 0001:00011398       _RTC_Terminate             0000000180012398 f   MSVCRT:_initsect_.obj
 0001:000113e4       _guard_check_icall         00000001800123e4 f i MSVCRT:checkcfg.obj
 0001:000113ec       __isa_available_init       00000001800123ec f   MSVCRT:_cpu_disp_.obj
 0001:000115b0       __scrt_is_ucrt_dll_in_use  00000001800125b0 f   MSVCRT:ucrt_detection.obj
 0001:000115bc       _guard_check_icall_nop     00000001800125bc f i MSVCRT:guard_support.obj
 0001:000115c0       _guard_icall_checks_enforced 00000001800125c0 f i MSVCRT:guard_support.obj
 0001:000115e0       memchr                     00000001800125e0 f   vcruntime:VCRUNTIME140.dll
 0001:000115e6       __telemetry_main_invoke_trigger 00000001800125e6 f   vcruntime:VCRUNTIME140.dll
 0001:000115ec       __telemetry_main_return_trigger 00000001800125ec f   vcruntime:VCRUNTIME140.dll
 0001:000115f2       __C_specific_handler       00000001800125f2 f   vcruntime:VCRUNTIME140.dll
 0001:000115f8       __std_type_info_destroy_list 00000001800125f8 f   vcruntime:VCRUNTIME140.dll
 0001:000115fe       memset                     00000001800125fe f   vcruntime:VCRUNTIME140.dll
 0001:00011604       _lseeki64                  0000000180012604 f   ucrt:api-ms-win-crt-stdio-l1-1-0.dll
 0001:0001160a       _wopen                     000000018001260a f   ucrt:api-ms-win-crt-stdio-l1-1-0.dll
 0001:00011610       _open                      0000000180012610 f   ucrt:api-ms-win-crt-stdio-l1-1-0.dll
 0001:00011616       wcstombs                   0000000180012616 f   ucrt:api-ms-win-crt-convert-l1-1-0.dll
 0001:0001161c       __stdio_common_vsprintf    000000018001261c f   ucrt:api-ms-win-crt-stdio-l1-1-0.dll
 0001:00011622       free                       0000000180012622 f   ucrt:api-ms-win-crt-heap-l1-1-0.dll
 0001:00011628       malloc                     0000000180012628 f   ucrt:api-ms-win-crt-heap-l1-1-0.dll
 0001:0001162e       _read                      000000018001262e f   ucrt:api-ms-win-crt-stdio-l1-1-0.dll
 0001:00011634       _close                     0000000180012634 f   ucrt:api-ms-win-crt-stdio-l1-1-0.dll
 0001:0001163a       _errno                     000000018001263a f   ucrt:api-ms-win-crt-runtime-l1-1-0.dll
 0001:00011640       strerror                   0000000180012640 f   ucrt:api-ms-win-crt-runtime-l1-1-0.dll
 0001:00011646       _write                     0000000180012646 f   ucrt:api-ms-win-crt-stdio-l1-1-0.dll
 0001:0001164c       ftell                      000000018001264c f   ucrt:api-ms-win-crt-stdio-l1-1-0.dll
 0001:00011652       ferror                     0000000180012652 f   ucrt:api-ms-win-crt-stdio-l1-1-0.dll
 0001:00011658       fopen                      0000000180012658 f   ucrt:api-ms-win-crt-stdio-l1-1-0.dll
 0001:0001165e       fclose                     000000018001265e f   ucrt:api-ms-win-crt-stdio-l1-1-0.dll
 0001:00011664       fseek                      0000000180012664 f   ucrt:api-ms-win-crt-stdio-l1-1-0.dll
 0001:0001166a       fwrite                     000000018001266a f   ucrt:api-ms-win-crt-stdio-l1-1-0.dll
 0001:00011670       _ftelli64                  0000000180012670 f   ucrt:api-ms-win-crt-stdio-l1-1-0.dll
 0001:00011676       fread                      0000000180012676 f   ucrt:api-ms-win-crt-stdio-l1-1-0.dll
 0001:0001167c       _fseeki64                  000000018001267c f   ucrt:api-ms-win-crt-stdio-l1-1-0.dll
 0001:00011682       srand                      0000000180012682 f   ucrt:api-ms-win-crt-utility-l1-1-0.dll
 0001:00011688       rand                       0000000180012688 f   ucrt:api-ms-win-crt-utility-l1-1-0.dll
 0001:0001168e       _time64                    000000018001268e f   ucrt:api-ms-win-crt-time-l1-1-0.dll
 0001:00011694       _initterm                  0000000180012694 f   ucrt:api-ms-win-crt-runtime-l1-1-0.dll
 0001:0001169a       _initterm_e                000000018001269a f   ucrt:api-ms-win-crt-runtime-l1-1-0.dll
 0001:000116a0       _seh_filter_dll            00000001800126a0 f   ucrt:api-ms-win-crt-runtime-l1-1-0.dll
 0001:000116a6       _initialize_narrow_environment 00000001800126a6 f   ucrt:api-ms-win-crt-runtime-l1-1-0.dll
 0001:000116ac       _initialize_onexit_table   00000001800126ac f   ucrt:api-ms-win-crt-runtime-l1-1-0.dll
 0001:000116b2       _register_onexit_function  00000001800126b2 f   ucrt:api-ms-win-crt-runtime-l1-1-0.dll
 0001:000116b8       _execute_onexit_table      00000001800126b8 f   ucrt:api-ms-win-crt-runtime-l1-1-0.dll
 0001:000116be       _crt_atexit                00000001800126be f   ucrt:api-ms-win-crt-runtime-l1-1-0.dll
 0001:000116c4       _crt_at_quick_exit         00000001800126c4 f   ucrt:api-ms-win-crt-runtime-l1-1-0.dll
 0001:000116ca       _cexit                     00000001800126ca f   ucrt:api-ms-win-crt-runtime-l1-1-0.dll
 0001:000116d0       terminate                  00000001800126d0 f   ucrt:api-ms-win-crt-runtime-l1-1-0.dll
 0001:000116d6       QueryPerformanceCounter    00000001800126d6 f   kernel32:KERNEL32.dll
 0001:000116dc       GetCurrentProcessId        00000001800126dc f   kernel32:KERNEL32.dll
 0001:000116e2       GetCurrentThreadId         00000001800126e2 f   kernel32:KERNEL32.dll
 0001:000116e8       GetSystemTimeAsFileTime    00000001800126e8 f   kernel32:KERNEL32.dll
 0001:000116ee       DisableThreadLibraryCalls  00000001800126ee f   kernel32:KERNEL32.dll
 0001:000116f4       InitializeSListHead        00000001800126f4 f   kernel32:KERNEL32.dll
 0001:000116fa       RtlCaptureContext          00000001800126fa f   kernel32:KERNEL32.dll
 0001:00011700       RtlLookupFunctionEntry     0000000180012700 f   kernel32:KERNEL32.dll
 0001:00011706       RtlVirtualUnwind           0000000180012706 f   kernel32:KERNEL32.dll
 0001:0001170c       IsDebuggerPresent          000000018001270c f   kernel32:KERNEL32.dll
 0001:00011712       UnhandledExceptionFilter   0000000180012712 f   kernel32:KERNEL32.dll
 0001:00011718       SetUnhandledExceptionFilter 0000000180012718 f   kernel32:KERNEL32.dll
 0001:0001171e       GetStartupInfoW            000000018001271e f   kernel32:KERNEL32.dll
 0001:00011724       IsProcessorFeaturePresent  0000000180012724 f   kernel32:KERNEL32.dll
 0001:0001172a       GetModuleHandleW           000000018001272a f   kernel32:KERNEL32.dll
 0001:00011730       __scrt_stub_for_acrt_initialize 0000000180012730 f   MSVCRT:ucrt_stubs.obj
 0001:00011730       __vcrt_initialize          0000000180012730 f   MSVCRT:ucrt_stubs.obj
 0001:00011730       __acrt_initialize          0000000180012730 f   MSVCRT:ucrt_stubs.obj
 0001:00011734       __vcrt_thread_attach       0000000180012734 f   MSVCRT:ucrt_stubs.obj
 0001:00011734       __scrt_stub_for_acrt_thread_attach 0000000180012734 f   MSVCRT:ucrt_stubs.obj
 0001:00011734       __acrt_thread_attach       0000000180012734 f   MSVCRT:ucrt_stubs.obj
 0001:00011738       __acrt_thread_detach       0000000180012738 f   MSVCRT:ucrt_stubs.obj
 0001:00011738       __vcrt_thread_detach       0000000180012738 f   MSVCRT:ucrt_stubs.obj
 0001:00011738       __scrt_stub_for_acrt_thread_detach 0000000180012738 f   MSVCRT:ucrt_stubs.obj
 0001:0001173c       __vcrt_uninitialize        000000018001273c f   MSVCRT:ucrt_stubs.obj
 0001:0001173c       __scrt_stub_for_acrt_uninitialize 000000018001273c f   MSVCRT:ucrt_stubs.obj
 0001:0001173c       __acrt_uninitialize        000000018001273c f   MSVCRT:ucrt_stubs.obj
 0001:00011740       __scrt_stub_for_acrt_uninitialize_critical 0000000180012740 f   MSVCRT:ucrt_stubs.obj
 0001:00011740       __vcrt_uninitialize_critical 0000000180012740 f   MSVCRT:ucrt_stubs.obj
 0001:00011740       __acrt_uninitialize_critical 0000000180012740 f   MSVCRT:ucrt_stubs.obj
 0001:00011744       __scrt_stub_for_is_c_termination_complete 0000000180012744 f   MSVCRT:ucrt_stubs.obj
 0001:00011744       _is_c_termination_complete 0000000180012744 f   MSVCRT:ucrt_stubs.obj
 0001:00011760       __chkstk                   0000000180012760 f   MSVCRT:_chkstk_.obj
 0001:00011760       _alloca_probe              0000000180012760 f   MSVCRT:_chkstk_.obj
 0001:000117b2       memcpy                     00000001800127b2 f   vcruntime:VCRUNTIME140.dll
 0001:000117d0       _guard_dispatch_icall_nop  00000001800127d0 f   MSVCRT:_guard_dispatch_.obj
 0002:00000000       __imp_ReadFile             0000000180013000     kernel32:KERNEL32.dll
 0002:00000008       __imp_WriteFile            0000000180013008     kernel32:KERNEL32.dll
 0002:00000010       __imp_CreateFile2          0000000180013010     kernel32:KERNEL32.dll
 0002:00000018       __imp_MultiByteToWideChar  0000000180013018     kernel32:KERNEL32.dll
 0002:00000020       __imp_GetLastError         0000000180013020     kernel32:KERNEL32.dll
 0002:00000028       __imp_CloseHandle          0000000180013028     kernel32:KERNEL32.dll
 0002:00000030       __imp_SetFilePointerEx     0000000180013030     kernel32:KERNEL32.dll
 0002:00000038       __imp_GetCurrentProcessId  0000000180013038     kernel32:KERNEL32.dll
 0002:00000040       __imp_GetCurrentThreadId   0000000180013040     kernel32:KERNEL32.dll
 0002:00000048       __imp_GetSystemTimeAsFileTime 0000000180013048     kernel32:KERNEL32.dll
 0002:00000050       __imp_DisableThreadLibraryCalls 0000000180013050     kernel32:KERNEL32.dll
 0002:00000058       __imp_InitializeSListHead  0000000180013058     kernel32:KERNEL32.dll
 0002:00000060       __imp_RtlCaptureContext    0000000180013060     kernel32:KERNEL32.dll
 0002:00000068       __imp_RtlLookupFunctionEntry 0000000180013068     kernel32:KERNEL32.dll
 0002:00000070       __imp_GetModuleHandleW     0000000180013070     kernel32:KERNEL32.dll
 0002:00000078       __imp_IsProcessorFeaturePresent 0000000180013078     kernel32:KERNEL32.dll
 0002:00000080       __imp_GetStartupInfoW      0000000180013080     kernel32:KERNEL32.dll
 0002:00000088       __imp_SetUnhandledExceptionFilter 0000000180013088     kernel32:KERNEL32.dll
 0002:00000090       __imp_UnhandledExceptionFilter 0000000180013090     kernel32:KERNEL32.dll
 0002:00000098       __imp_IsDebuggerPresent    0000000180013098     kernel32:KERNEL32.dll
 0002:000000a0       __imp_RtlVirtualUnwind     00000001800130a0     kernel32:KERNEL32.dll
 0002:000000a8       __imp_QueryPerformanceCounter 00000001800130a8     kernel32:KERNEL32.dll
 0002:000000b0       \177KERNEL32_NULL_THUNK_DATA 00000001800130b0     kernel32:KERNEL32.dll
 0002:000000b8       __imp___std_type_info_destroy_list 00000001800130b8     vcruntime:VCRUNTIME140.dll
 0002:000000c0       __imp___C_specific_handler 00000001800130c0     vcruntime:VCRUNTIME140.dll
 0002:000000c8       __imp___telemetry_main_return_trigger 00000001800130c8     vcruntime:VCRUNTIME140.dll
 0002:000000d0       __imp___telemetry_main_invoke_trigger 00000001800130d0     vcruntime:VCRUNTIME140.dll
 0002:000000d8       __imp_memchr               00000001800130d8     vcruntime:VCRUNTIME140.dll
 0002:000000e0       __imp_memset               00000001800130e0     vcruntime:VCRUNTIME140.dll
 0002:000000e8       __imp_memcpy               00000001800130e8     vcruntime:VCRUNTIME140.dll
 0002:000000f0       \177VCRUNTIME140_NULL_THUNK_DATA 00000001800130f0     vcruntime:VCRUNTIME140.dll
 0002:000000f8       __imp_wcstombs             00000001800130f8     ucrt:api-ms-win-crt-convert-l1-1-0.dll
 0002:00000100       \177api-ms-win-crt-convert-l1-1-0_NULL_THUNK_DATA 0000000180013100     ucrt:api-ms-win-crt-convert-l1-1-0.dll
 0002:00000108       __imp_malloc               0000000180013108     ucrt:api-ms-win-crt-heap-l1-1-0.dll
 0002:00000110       __imp_free                 0000000180013110     ucrt:api-ms-win-crt-heap-l1-1-0.dll
 0002:00000118       \177api-ms-win-crt-heap-l1-1-0_NULL_THUNK_DATA 0000000180013118     ucrt:api-ms-win-crt-heap-l1-1-0.dll
 0002:00000120       __imp__cexit               0000000180013120     ucrt:api-ms-win-crt-runtime-l1-1-0.dll
 0002:00000128       __imp_strerror             0000000180013128     ucrt:api-ms-win-crt-runtime-l1-1-0.dll
 0002:00000130       __imp__initterm            0000000180013130     ucrt:api-ms-win-crt-runtime-l1-1-0.dll
 0002:00000138       __imp__initterm_e          0000000180013138     ucrt:api-ms-win-crt-runtime-l1-1-0.dll
 0002:00000140       __imp__seh_filter_dll      0000000180013140     ucrt:api-ms-win-crt-runtime-l1-1-0.dll
 0002:00000148       __imp__initialize_narrow_environment 0000000180013148     ucrt:api-ms-win-crt-runtime-l1-1-0.dll
 0002:00000150       __imp__initialize_onexit_table 0000000180013150     ucrt:api-ms-win-crt-runtime-l1-1-0.dll
 0002:00000158       __imp__register_onexit_function 0000000180013158     ucrt:api-ms-win-crt-runtime-l1-1-0.dll
 0002:00000160       __imp__execute_onexit_table 0000000180013160     ucrt:api-ms-win-crt-runtime-l1-1-0.dll
 0002:00000168       __imp__crt_atexit          0000000180013168     ucrt:api-ms-win-crt-runtime-l1-1-0.dll
 0002:00000170       __imp__crt_at_quick_exit   0000000180013170     ucrt:api-ms-win-crt-runtime-l1-1-0.dll
 0002:00000178       __imp_terminate            0000000180013178     ucrt:api-ms-win-crt-runtime-l1-1-0.dll
 0002:00000180       __imp__errno               0000000180013180     ucrt:api-ms-win-crt-runtime-l1-1-0.dll
 0002:00000188       \177api-ms-win-crt-runtime-l1-1-0_NULL_THUNK_DATA 0000000180013188     ucrt:api-ms-win-crt-runtime-l1-1-0.dll
 0002:00000190       __imp_fseek                0000000180013190     ucrt:api-ms-win-crt-stdio-l1-1-0.dll
 0002:00000198       __imp_fread                0000000180013198     ucrt:api-ms-win-crt-stdio-l1-1-0.dll
 0002:000001a0       __imp__wopen               00000001800131a0     ucrt:api-ms-win-crt-stdio-l1-1-0.dll
 0002:000001a8       __imp__open                00000001800131a8     ucrt:api-ms-win-crt-stdio-l1-1-0.dll
 0002:000001b0       __imp__ftelli64            00000001800131b0     ucrt:api-ms-win-crt-stdio-l1-1-0.dll
 0002:000001b8       __imp_fopen                00000001800131b8     ucrt:api-ms-win-crt-stdio-l1-1-0.dll
 0002:000001c0       __imp_ferror               00000001800131c0     ucrt:api-ms-win-crt-stdio-l1-1-0.dll
 0002:000001c8       __imp_ftell                00000001800131c8     ucrt:api-ms-win-crt-stdio-l1-1-0.dll
 0002:000001d0       __imp__write               00000001800131d0     ucrt:api-ms-win-crt-stdio-l1-1-0.dll
 0002:000001d8       __imp__lseeki64            00000001800131d8     ucrt:api-ms-win-crt-stdio-l1-1-0.dll
 0002:000001e0       __imp__fseeki64            00000001800131e0     ucrt:api-ms-win-crt-stdio-l1-1-0.dll
 0002:000001e8       __imp__close               00000001800131e8     ucrt:api-ms-win-crt-stdio-l1-1-0.dll
 0002:000001f0       __imp__read                00000001800131f0     ucrt:api-ms-win-crt-stdio-l1-1-0.dll
 0002:000001f8       __imp_fwrite               00000001800131f8     ucrt:api-ms-win-crt-stdio-l1-1-0.dll
 0002:00000200       __imp_fclose               0000000180013200     ucrt:api-ms-win-crt-stdio-l1-1-0.dll
 0002:00000208       __imp___stdio_common_vsprintf 0000000180013208     ucrt:api-ms-win-crt-stdio-l1-1-0.dll
 0002:00000210       \177api-ms-win-crt-stdio-l1-1-0_NULL_THUNK_DATA 0000000180013210     ucrt:api-ms-win-crt-stdio-l1-1-0.dll
 0002:00000218       __imp__time64              0000000180013218     ucrt:api-ms-win-crt-time-l1-1-0.dll
 0002:00000220       \177api-ms-win-crt-time-l1-1-0_NULL_THUNK_DATA 0000000180013220     ucrt:api-ms-win-crt-time-l1-1-0.dll
 0002:00000228       __imp_rand                 0000000180013228     ucrt:api-ms-win-crt-utility-l1-1-0.dll
 0002:00000230       __imp_srand                0000000180013230     ucrt:api-ms-win-crt-utility-l1-1-0.dll
 0002:00000238       \177api-ms-win-crt-utility-l1-1-0_NULL_THUNK_DATA 0000000180013238     ucrt:api-ms-win-crt-utility-l1-1-0.dll
 0002:00000240       __guard_check_icall_fptr   0000000180013240     MSVCRT:guard_support.obj
 0002:00000248       __guard_dispatch_icall_fptr 0000000180013248     MSVCRT:guard_support.obj
 0002:00000250       __xc_a                     0000000180013250     MSVCRT:initializers.obj
 0002:00000258       __xc_z                     0000000180013258     MSVCRT:initializers.obj
 0002:00000260       __xi_a                     0000000180013260     MSVCRT:initializers.obj
 0002:00000268       __xi_z                     0000000180013268     MSVCRT:initializers.obj
 0002:00000270       __xp_a                     0000000180013270     MSVCRT:initializers.obj
 0002:00000278       __xp_z                     0000000180013278     MSVCRT:initializers.obj
 0002:00000280       __xt_a                     0000000180013280     MSVCRT:initializers.obj
 0002:00000288       __xt_z                     0000000180013288     MSVCRT:initializers.obj
 0002:00000290       _pDefaultRawDllMain        0000000180013290     MSVCRT:dll_dllmain.obj
 0002:00000290       _pRawDllMain               0000000180013290     MSVCRT:dll_dllmain.obj
 0002:00000298       ??_C@_05IAIEPMAK@1?42?48?$AA@ 0000000180013298     compress.obj
 0002:000035b0       _length_code               00000001800165b0     trees.obj
 0002:000036b0       _dist_code                 00000001800166b0     trees.obj
 0002:00004020       unz_copyright              0000000180017020     unzip.obj
 0002:00004080       z_errmsg                   0000000180017080     zutil.obj
 0002:000040d0       ??_C@_02DKCKIIND@?$CFs?$AA@ 00000001800170d0     gzlib.obj
 0002:000040d8       ??_C@_07EBNKNFJN@?$DMfd?3?$CFd?$DO?$AA@ 00000001800170d8     gzlib.obj
 0002:000040e0       ??_C@_0O@BNNCBLEN@out?5of?5memory?$AA@ 00000001800170e0     gzlib.obj
 0002:000040ee       ??_C@_00CNPNBAHC@?$AA@     00000001800170ee     gzlib.obj
 0002:000040f0       ??_C@_02LMMGGCAJ@?3?5?$AA@ 00000001800170f0     gzlib.obj
 0002:000040f4       ??_C@_06DIJPEION@?$CFs?$CFs?$CFs?$AA@ 00000001800170f4     gzlib.obj
 0002:00004100       ??_C@_0BH@CFIIDOJD@unexpected?5end?5of?5file?$AA@ 0000000180017100     gzread.obj
 0002:00004118       ??_C@_0CH@CPOLIEKA@internal?5error?3?5inflate?5stream?5c@ 0000000180017118     gzread.obj
 0002:00004140       ??_C@_0BG@HCKBMIHF@compressed?5data?5error?$AA@ 0000000180017140     gzread.obj
 0002:00004158       ??_C@_0CF@MLPJFDMM@requested?5length?5does?5not?5fit?5in@ 0000000180017158     gzread.obj
 0002:00004180       ??_C@_0BP@IIKIGMCC@out?5of?5room?5to?5push?5characters?$AA@ 0000000180017180     gzread.obj
 0002:000041a0       ??_C@_0CH@DEEGAHIB@internal?5error?3?5deflate?5stream?5c@ 00000001800171a0     gzwrite.obj
 0002:000041c8       ??_C@_0BD@PJCBIDD@invalid?5block?5type?$AA@ 00000001800171c8     infback.obj
 0002:000041e0       ??_C@_0BN@LGAADGOK@invalid?5stored?5block?5lengths?$AA@ 00000001800171e0     infback.obj
 0002:00004200       ??_C@_0CE@GMIGFPBB@too?5many?5length?5or?5distance?5symb@ 0000000180017200     infback.obj
 0002:00004228       ??_C@_0BJ@HDEPPGOH@invalid?5code?5lengths?5set?$AA@ 0000000180017228     infback.obj
 0002:00004248       ??_C@_0BK@BMMPFBBH@invalid?5bit?5length?5repeat?$AA@ 0000000180017248     infback.obj
 0002:00004268       ??_C@_0CF@DGDMADCD@invalid?5code?5?9?9?5missing?5end?9of?9b@ 0000000180017268     infback.obj
 0002:00004290       ??_C@_0BM@IIMGAINC@invalid?5literal?1lengths?5set?$AA@ 0000000180017290     infback.obj
 0002:000042b0       ??_C@_0BG@GMDFCBGP@invalid?5distances?5set?$AA@ 00000001800172b0     infback.obj
 0002:000042c8       ??_C@_0BM@FFFLPBBC@invalid?5literal?1length?5code?$AA@ 00000001800172c8     infback.obj
 0002:000042e8       ??_C@_0BG@LBKINIKP@invalid?5distance?5code?$AA@ 00000001800172e8     infback.obj
 0002:00004300       ??_C@_0BO@ECPMAOGG@invalid?5distance?5too?5far?5back?$AA@ 0000000180017300     infback.obj
 0002:00004320       ??_C@_0BH@LIBMMIGA@incorrect?5header?5check?$AA@ 0000000180017320     inflate.obj
 0002:00004338       ??_C@_0BL@IHKGDAEE@unknown?5compression?5method?$AA@ 0000000180017338     inflate.obj
 0002:00004358       ??_C@_0BE@EMOGCLGO@invalid?5window?5size?$AA@ 0000000180017358     inflate.obj
 0002:00004370       ??_C@_0BJ@BLBBCOMO@unknown?5header?5flags?5set?$AA@ 0000000180017370     inflate.obj
 0002:00004390       ??_C@_0BE@GONKLEPM@header?5crc?5mismatch?$AA@ 0000000180017390     inflate.obj
 0002:000043a8       ??_C@_0BF@MEIGEHBE@incorrect?5data?5check?$AA@ 00000001800173a8     inflate.obj
 0002:000043c0       ??_C@_0BH@FGKKJGOC@incorrect?5length?5check?$AA@ 00000001800173c0     inflate.obj
 0002:000043d8       ??_C@_02JDPG@rb?$AA@       00000001800173d8     ioapi.obj
 0002:000043dc       ??_C@_03HMFOOINA@r?$CLb?$AA@ 00000001800173dc     ioapi.obj
 0002:000043e0       ??_C@_02GMLFBBN@wb?$AA@    00000001800173e0     ioapi.obj
 0002:000043e4       ??_C@_01JOAMLHOP@?9?$AA@   00000001800173e4     zip.obj
 0002:000043e8       ??_C@_0BA@MOKMMFOD@need?5dictionary?$AA@ 00000001800173e8     zutil.obj
 0002:000043f8       ??_C@_0L@FNAOCBOG@stream?5end?$AA@ 00000001800173f8     zutil.obj
 0002:00004408       ??_C@_0L@KIJFAKBJ@file?5error?$AA@ 0000000180017408     zutil.obj
 0002:00004418       ??_C@_0N@MKKNPMJD@stream?5error?$AA@ 0000000180017418     zutil.obj
 0002:00004428       ??_C@_0L@HAHMBNLP@data?5error?$AA@ 0000000180017428     zutil.obj
 0002:00004438       ??_C@_0BE@OGGJBMCE@insufficient?5memory?$AA@ 0000000180017438     zutil.obj
 0002:00004450       ??_C@_0N@DFPGLBGC@buffer?5error?$AA@ 0000000180017450     zutil.obj
 0002:00004460       ??_C@_0BF@CJFPCCEG@incompatible?5version?$AA@ 0000000180017460     zutil.obj
 0002:000044f0       _load_config_used          00000001800174f0     MSVCRT:loadcfg.obj
 0002:00004858       __rtc_iaa                  0000000180017858     MSVCRT:_initsect_.obj
 0002:00004860       __rtc_izz                  0000000180017860     MSVCRT:_initsect_.obj
 0002:00004868       __rtc_taa                  0000000180017868     MSVCRT:_initsect_.obj
 0002:00004870       __rtc_tzz                  0000000180017870     MSVCRT:_initsect_.obj
 0002:00006c40       __IMPORT_DESCRIPTOR_KERNEL32 0000000180019c40     kernel32:KERNEL32.dll
 0002:00006c54       __IMPORT_DESCRIPTOR_VCRUNTIME140 0000000180019c54     vcruntime:VCRUNTIME140.dll
 0002:00006c68       __IMPORT_DESCRIPTOR_api-ms-win-crt-stdio-l1-1-0 0000000180019c68     ucrt:api-ms-win-crt-stdio-l1-1-0.dll
 0002:00006c7c       __IMPORT_DESCRIPTOR_api-ms-win-crt-convert-l1-1-0 0000000180019c7c     ucrt:api-ms-win-crt-convert-l1-1-0.dll
 0002:00006c90       __IMPORT_DESCRIPTOR_api-ms-win-crt-heap-l1-1-0 0000000180019c90     ucrt:api-ms-win-crt-heap-l1-1-0.dll
 0002:00006ca4       __IMPORT_DESCRIPTOR_api-ms-win-crt-runtime-l1-1-0 0000000180019ca4     ucrt:api-ms-win-crt-runtime-l1-1-0.dll
 0002:00006cb8       __IMPORT_DESCRIPTOR_api-ms-win-crt-utility-l1-1-0 0000000180019cb8     ucrt:api-ms-win-crt-utility-l1-1-0.dll
 0002:00006ccc       __IMPORT_DESCRIPTOR_api-ms-win-crt-time-l1-1-0 0000000180019ccc     ucrt:api-ms-win-crt-time-l1-1-0.dll
 0002:00006ce0       __NULL_IMPORT_DESCRIPTOR   0000000180019ce0     kernel32:KERNEL32.dll
 0003:00000000       __scrt_native_dllmain_reason 000000018001b000     MSVCRT:utility.obj
 0003:00000008       __isa_available            000000018001b008     MSVCRT:_cpu_disp_.obj
 0003:0000000c       __isa_enabled              000000018001b00c     MSVCRT:_cpu_disp_.obj
 0003:00000010       __memcpy_nt_iters          000000018001b010     MSVCRT:_cpu_disp_.obj
 0003:00000018       __security_cookie          000000018001b018     MSVCRT:gs_cookie.obj
 0003:00000020       __security_cookie_complement 000000018001b020     MSVCRT:gs_cookie.obj
 0003:00000030       __scrt_ucrt_dll_is_in_use  000000018001b030     MSVCRT:ucrt_stubs.obj
 0003:000000a8       __scrt_current_native_startup_state 000000018001b0a8     MSVCRT:utility.obj
 0003:000000b0       __scrt_native_startup_lock 000000018001b0b0     MSVCRT:utility.obj
 0003:000000f0       ?__type_info_root_node@@3U__type_info_node@@A 000000018001b0f0     MSVCRT:tncleanup.obj
 0003:00000100       ?_OptionsStorage@?1??__local_stdio_printf_options@@9@4_KA 000000018001b100     MSVCRT:default_local_stdio_options.obj
 0003:00000108       ?_OptionsStorage@?1??__local_stdio_scanf_options@@9@4_KA 000000018001b108     MSVCRT:default_local_stdio_options.obj
 0003:00000110       __scrt_debugger_hook_flag  000000018001b110     MSVCRT:utility_desktop.obj
 0003:00000114       __favor                    000000018001b114     MSVCRT:_cpu_disp_.obj
 0003:00000120       __dyn_tls_init_callback    000000018001b120     <common>
 0003:00000128       ?_OptionsStorage@?1??__local_stdio_printf_options@@9@9 000000018001b128     <common>
 0003:00000130       ?_OptionsStorage@?1??__local_stdio_scanf_options@@9@9 000000018001b130     <common>

 entry point at        0001:00010af8

 Static symbols

 0000:fffdf000       .debug$S                   0000000180000000     kernel32:KERNEL32.dll
 0000:fffdf000       .debug$S                   0000000180000000     ucrt:api-ms-win-crt-stdio-l1-1-0.dll
 0000:fffdf000       .debug$S                   0000000180000000     kernel32:KERNEL32.dll
 0000:fffdf000       .debug$S                   0000000180000000     kernel32:KERNEL32.dll
 0000:fffdf000       .debug$S                   0000000180000000     kernel32:KERNEL32.dll
 0000:fffdf000       .debug$S                   0000000180000000     kernel32:KERNEL32.dll
 0000:fffdf000       .debug$S                   0000000180000000     kernel32:KERNEL32.dll
 0000:fffdf000       .debug$S                   0000000180000000     kernel32:KERNEL32.dll
 0000:fffdf000       .debug$S                   0000000180000000     kernel32:KERNEL32.dll
 0000:fffdf000       .debug$S                   0000000180000000     vcruntime:VCRUNTIME140.dll
 0000:fffdf000       .debug$S                   0000000180000000     kernel32:KERNEL32.dll
 0000:fffdf000       .debug$S                   0000000180000000     vcruntime:VCRUNTIME140.dll
 0000:fffdf000       .debug$S                   0000000180000000     vcruntime:VCRUNTIME140.dll
 0000:fffdf000       .debug$S                   0000000180000000     vcruntime:VCRUNTIME140.dll
 0000:fffdf000       .debug$S                   0000000180000000     vcruntime:VCRUNTIME140.dll
 0000:fffdf000       .debug$S                   0000000180000000     kernel32:KERNEL32.dll
 0000:fffdf000       .debug$S                   0000000180000000     vcruntime:VCRUNTIME140.dll
 0000:fffdf000       .debug$S                   0000000180000000     kernel32:KERNEL32.dll
 0000:fffdf000       .debug$S                   0000000180000000     ucrt:api-ms-win-crt-convert-l1-1-0.dll
 0000:fffdf000       .debug$S                   0000000180000000     ucrt:api-ms-win-crt-heap-l1-1-0.dll
 0000:fffdf000       .debug$S                   0000000180000000     vcruntime:VCRUNTIME140.dll
 0000:fffdf000       .debug$S                   0000000180000000     kernel32:KERNEL32.dll
 0000:fffdf000       .debug$S                   0000000180000000     ucrt:api-ms-win-crt-heap-l1-1-0.dll
 0000:fffdf000       .debug$S                   0000000180000000     kernel32:KERNEL32.dll
 0000:fffdf000       .debug$S                   0000000180000000     ucrt:api-ms-win-crt-runtime-l1-1-0.dll
 0000:fffdf000       .debug$S                   0000000180000000     ucrt:api-ms-win-crt-stdio-l1-1-0.dll
 0000:fffdf000       .debug$S                   0000000180000000     kernel32:KERNEL32.dll
 0000:fffdf000       .debug$S                   0000000180000000     ucrt:api-ms-win-crt-runtime-l1-1-0.dll
 0000:fffdf000       .debug$S                   0000000180000000     ucrt:api-ms-win-crt-utility-l1-1-0.dll
 0000:fffdf000       .debug$S                   0000000180000000     ucrt:api-ms-win-crt-runtime-l1-1-0.dll
 0000:fffdf000       .debug$S                   0000000180000000     kernel32:KERNEL32.dll
 0000:fffdf000       .debug$S                   0000000180000000     ucrt:api-ms-win-crt-runtime-l1-1-0.dll
 0000:fffdf000       .debug$S                   0000000180000000     ucrt:api-ms-win-crt-utility-l1-1-0.dll
 0000:fffdf000       .debug$S                   0000000180000000     ucrt:api-ms-win-crt-runtime-l1-1-0.dll
 0000:fffdf000       .debug$S                   0000000180000000     kernel32:KERNEL32.dll
 0000:fffdf000       .debug$S                   0000000180000000     ucrt:api-ms-win-crt-runtime-l1-1-0.dll
 0000:fffdf000       .debug$S                   0000000180000000     ucrt:api-ms-win-crt-time-l1-1-0.dll
 0000:fffdf000       .debug$S                   0000000180000000     ucrt:api-ms-win-crt-runtime-l1-1-0.dll
 0000:fffdf000       .debug$S                   0000000180000000     ucrt:api-ms-win-crt-stdio-l1-1-0.dll
 0000:fffdf000       .debug$S                   0000000180000000     ucrt:api-ms-win-crt-stdio-l1-1-0.dll
 0000:fffdf000       .debug$S                   0000000180000000     ucrt:api-ms-win-crt-stdio-l1-1-0.dll
 0000:fffdf000       .debug$S                   0000000180000000     ucrt:api-ms-win-crt-stdio-l1-1-0.dll
 0000:fffdf000       .debug$S                   0000000180000000     ucrt:api-ms-win-crt-stdio-l1-1-0.dll
 0000:fffdf000       .debug$S                   0000000180000000     kernel32:KERNEL32.dll
 0000:fffdf000       .debug$S                   0000000180000000     ucrt:api-ms-win-crt-runtime-l1-1-0.dll
 0000:fffdf000       .debug$S                   0000000180000000     ucrt:api-ms-win-crt-stdio-l1-1-0.dll
 0000:fffdf000       .debug$S                   0000000180000000     ucrt:api-ms-win-crt-runtime-l1-1-0.dll
 0000:fffdf000       .debug$S                   0000000180000000     kernel32:KERNEL32.dll
 0000:fffdf000       .debug$S                   0000000180000000     ucrt:api-ms-win-crt-runtime-l1-1-0.dll
 0000:fffdf000       .debug$S                   0000000180000000     ucrt:api-ms-win-crt-stdio-l1-1-0.dll
 0000:fffdf000       .debug$S                   0000000180000000     ucrt:api-ms-win-crt-runtime-l1-1-0.dll
 0000:fffdf000       .debug$S                   0000000180000000     kernel32:KERNEL32.dll
 0000:fffdf000       .debug$S                   0000000180000000     ucrt:api-ms-win-crt-runtime-l1-1-0.dll
 0000:fffdf000       .debug$S                   0000000180000000     ucrt:api-ms-win-crt-stdio-l1-1-0.dll
 0000:fffdf000       .debug$S                   0000000180000000     ucrt:api-ms-win-crt-runtime-l1-1-0.dll
 0000:fffdf000       .debug$S                   0000000180000000     kernel32:KERNEL32.dll
 0000:fffdf000       .debug$S                   0000000180000000     ucrt:api-ms-win-crt-stdio-l1-1-0.dll
 0000:fffdf000       .debug$S                   0000000180000000     kernel32:KERNEL32.dll
 0000:fffdf000       .debug$S                   0000000180000000     ucrt:api-ms-win-crt-stdio-l1-1-0.dll
 0000:fffdf000       .debug$S                   0000000180000000     zlib.exp
 0000:fffdf000       .debug$S                   0000000180000000     ucrt:api-ms-win-crt-stdio-l1-1-0.dll
 0000:fffdf000       .debug$S                   0000000180000000     kernel32:KERNEL32.dll
 0000:fffdf000       .debug$S                   0000000180000000     ucrt:api-ms-win-crt-stdio-l1-1-0.dll
 0000:fffdf000       .debug$S                   0000000180000000     ucrt:api-ms-win-crt-stdio-l1-1-0.dll
 0000:fffdf000       .debug$S                   0000000180000000     ucrt:api-ms-win-crt-stdio-l1-1-0.dll
 0001:000002e0       adler32_combine_           00000001800012e0 f   adler32.obj
 0001:000004d0       crc32_little               00000001800014d0 f   crc32.obj
 0001:000007d0       crc32_big                  00000001800017d0 f   crc32.obj
 0001:00000b60       gf2_matrix_times           0000000180001b60 f   crc32.obj
 0001:00000b80       gf2_matrix_square          0000000180001b80 f   crc32.obj
 0001:00000bc0       crc32_combine_             0000000180001bc0 f   crc32.obj
 0001:00001650       putShortMSB                0000000180002650 f   deflate.obj
 0001:00001680       flush_pending              0000000180002680 f   deflate.obj
 0001:000022f0       read_buf                   00000001800032f0 f   deflate.obj
 0001:00002390       lm_init                    0000000180003390 f   deflate.obj
 0001:00002450       fill_window                0000000180003450 f   deflate.obj
 0001:000026b0       deflate_stored             00000001800036b0 f   deflate.obj
 0001:000028a0       deflate_fast               00000001800038a0 f   deflate.obj
 0001:00002ca0       deflate_slow               0000000180003ca0 f   deflate.obj
 0001:000031b0       deflate_rle                00000001800041b0 f   deflate.obj
 0001:000034f0       deflate_huff               00000001800044f0 f   deflate.obj
 0001:00003820       gz_reset                   0000000180004820 f   gzlib.obj
 0001:00003870       gz_open                    0000000180004870 f   gzlib.obj
 0001:00003afc       $LN52                      0000000180004afc     gzlib.obj
 0001:00003b28       $LN51                      0000000180004b28     gzlib.obj
 0001:000040c0       gz_load                    00000001800050c0 f   gzread.obj
 0001:00004160       gz_avail                   0000000180005160 f   gzread.obj
 0001:000041f0       gz_look                    00000001800051f0 f   gzread.obj
 0001:000043e0       gz_decomp                  00000001800053e0 f   gzread.obj
 0001:000044f0       gz_fetch                   00000001800054f0 f   gzread.obj
 0001:000045a0       gz_skip                    00000001800055a0 f   gzread.obj
 0001:00004c00       gz_init                    0000000180005c00 f   gzwrite.obj
 0001:00004d00       gz_comp                    0000000180005d00 f   gzwrite.obj
 0001:00004e80       gz_zero                    0000000180005e80 f   gzwrite.obj
 0001:00005620       fixedtables                0000000180006620 f   infback.obj
 0001:000064f4       $LN473                     00000001800074f4     infback.obj
 0001:00006a00       fixedtables                0000000180007a00 f   inflate.obj
 0001:00006a30       updatewindow               0000000180007a30 f   inflate.obj
 0001:00008228       $LN799                     0000000180009228     inflate.obj
 0001:00008480       syncsearch                 0000000180009480 f   inflate.obj
 0001:00008ea0       fopen_file_func            0000000180009ea0 f   ioapi.obj
 0001:00008ef0       fopen64_file_func          0000000180009ef0 f   ioapi.obj
 0001:00008f40       fread_file_func            0000000180009f40 f   ioapi.obj
 0001:00008f60       fwrite_file_func           0000000180009f60 f   ioapi.obj
 0001:00008f80       ftell_file_func            0000000180009f80 f   ioapi.obj
 0001:00008f90       ftell64_file_func          0000000180009f90 f   ioapi.obj
 0001:00008fa0       fseek_file_func            0000000180009fa0 f   ioapi.obj
 0001:00009000       fseek64_file_func          000000018000a000 f   ioapi.obj
 0001:00009060       fclose_file_func           000000018000a060 f   ioapi.obj
 0001:00009070       ferror_file_func           000000018000a070 f   ioapi.obj
 0001:000090e0       win32_translate_open_mode  000000018000a0e0 f   iowin32.obj
 0001:00009140       win32_build_iowin          000000018000a140 f   iowin32.obj
 0001:000094e0       MySetFilePointerEx         000000018000a4e0 f   iowin32.obj
 0001:00009870       tr_static_init             000000018000a870 f   trees.obj
 0001:000098f0       init_block                 000000018000a8f0 f   trees.obj
 0001:00009970       pqdownheap                 000000018000a970 f   trees.obj
 0001:00009a60       gen_bitlen                 000000018000aa60 f   trees.obj
 0001:00009c70       gen_codes                  000000018000ac70 f   trees.obj
 0001:00009cf0       build_tree                 000000018000acf0 f   trees.obj
 0001:00009f40       scan_tree                  000000018000af40 f   trees.obj
 0001:0000a030       send_tree                  000000018000b030 f   trees.obj
 0001:0000a5c0       build_bl_tree              000000018000b5c0 f   trees.obj
 0001:0000a690       send_all_trees             000000018000b690 f   trees.obj
 0001:0000ad10       compress_block             000000018000bd10 f   trees.obj
 0001:0000b160       detect_data_type           000000018000c160 f   trees.obj
 0001:0000b1e0       bi_reverse                 000000018000c1e0 f   trees.obj
 0001:0000b200       bi_flush                   000000018000c200 f   trees.obj
 0001:0000b280       bi_windup                  000000018000c280 f   trees.obj
 0001:0000b2e0       copy_block                 000000018000c2e0 f   trees.obj
 0001:0000b460       unz64local_getByte         000000018000c460 f   unzip.obj
 0001:0000b4d0       unz64local_getShort        000000018000c4d0 f   unzip.obj
 0001:0000b550       unz64local_getLong         000000018000c550 f   unzip.obj
 0001:0000b620       unz64local_getLong64       000000018000c620 f   unzip.obj
 0001:0000b7a0       strcmpcasenosensitive_internal 000000018000c7a0 f   unzip.obj
 0001:0000b830       unz64local_SearchCentralDir 000000018000c830 f   unzip.obj
 0001:0000b9b0       unz64local_SearchCentralDir64 000000018000c9b0 f   unzip.obj
 0001:0000bbd0       unzOpenInternal            000000018000cbd0 f   unzip.obj
 0001:0000c190       unz64local_DosDateToTmuDate 000000018000d190 f   unzip.obj
 0001:0000c1f0       unz64local_GetCurrentFileInfoInternal 000000018000d1f0 f   unzip.obj
 0001:0000cce0       unz64local_CheckCurrentFileCoherencyHeader 000000018000dce0 f   unzip.obj
 0001:0000d790       time                       000000018000e790 f   zip.obj
 0001:0000d7a0       decrypt_byte               000000018000e7a0 f   zip.obj
 0001:0000d7c0       update_keys                000000018000e7c0 f   zip.obj
 0001:0000d820       init_keys                  000000018000e820 f   zip.obj
 0001:0000d890       crypthead                  000000018000e890 f   zip.obj
 0001:0000d9e0       allocate_new_datablock     000000018000e9e0 f   zip.obj
 0001:0000da10       free_datablock             000000018000ea10 f   zip.obj
 0001:0000da40       init_linkedlist            000000018000ea40 f   zip.obj
 0001:0000da50       free_linkedlist            000000018000ea50 f   zip.obj
 0001:0000da70       add_data_in_datablock      000000018000ea70 f   zip.obj
 0001:0000db40       zip64local_putValue        000000018000eb40 f   zip.obj
 0001:0000dbb0       zip64local_putValue_inmemory 000000018000ebb0 f   zip.obj
 0001:0000dc00       zip64local_TmzDateToDosDate 000000018000ec00 f   zip.obj
 0001:0000dc50       zip64local_getByte         000000018000ec50 f   zip.obj
 0001:0000dcc0       zip64local_getShort        000000018000ecc0 f   zip.obj
 0001:0000dd40       zip64local_getLong         000000018000ed40 f   zip.obj
 0001:0000de10       zip64local_getLong64       000000018000ee10 f   zip.obj
 0001:0000df90       zip64local_SearchCentralDir 000000018000ef90 f   zip.obj
 0001:0000e110       zip64local_SearchCentralDir64 000000018000f110 f   zip.obj
 0001:0000f570       zip64FlushWriteBuffer      0000000180010570 f   zip.obj
 0001:00010170       $$000000                   0000000180011170     gvmat64.obj
 0001:00010450       $$000000                   0000000180011450     inffasx64.obj
 0001:00010794       ?dllmain_crt_dispatch@@YAHQEAUHINSTANCE__@@KQEAX@Z 0000000180011794 f   MSVCRT:dll_dllmain.obj
 0001:000107e4       ?dllmain_crt_process_attach@@YAHQEAUHINSTANCE__@@QEAX@Z 00000001800117e4 f   MSVCRT:dll_dllmain.obj
 0001:00010910       ?dllmain_crt_process_detach@@YAH_N@Z 0000000180011910 f   MSVCRT:dll_dllmain.obj
 0001:00010994       ?dllmain_dispatch@@YAHQEAUHINSTANCE__@@KQEAX@Z 0000000180011994 f   MSVCRT:dll_dllmain.obj
 0001:00010a9c       ?dllmain_raw@@YAHQEAUHINSTANCE__@@KQEAX@Z 0000000180011a9c f   MSVCRT:dll_dllmain.obj
 0001:00010b7c       ?find_pe_section@@YAPEAU_IMAGE_SECTION_HEADER@@QEAE_K@Z 0000000180011b7c f   MSVCRT:utility.obj
 0001:00010bc8       ?is_potentially_valid_image_base@@YA_NQEAX@Z 0000000180011bc8 f   MSVCRT:utility.obj
 0001:00011750       $$000000                   0000000180012750     MSVCRT:_chkstk_.obj
 0001:000117c0       $$000000                   00000001800127c0     MSVCRT:_guard_dispatch_.obj
 0001:000117d2       ?fin$0@?0??dllmain_crt_process_attach@@YAHQEAUHINSTANCE__@@QEAX@Z@4HA 00000001800127d2 f   MSVCRT:dll_dllmain.obj
 0001:000117e9       ?fin$0@?0??dllmain_crt_process_detach@@YAH_N@Z@4HA 00000001800127e9 f   MSVCRT:dll_dllmain.obj
 0001:00011805       ?filt$0@?0??dllmain_dispatch@@YAHQEAUHINSTANCE__@@KQEAX@Z@4HA 0000000180012805 f   MSVCRT:dll_dllmain.obj
 0001:0001183b       __scrt_is_nonwritable_in_current_image$filt$0 000000018001283b f   MSVCRT:utility.obj
 0002:000002a0       crc_table                  00000001800132a0     crc32.obj
 0002:000022a0       ?my_version@?1??deflateInit2_@@9@9 00000001800152a0     deflate.obj
 0002:000022b0       configuration_table        00000001800152b0     deflate.obj
 0002:00002350       ?lenfix@?1??fixedtables@@9@9 0000000180015350     infback.obj
 0002:00002b50       ?distfix@?1??fixedtables@@9@9 0000000180015b50     infback.obj
 0002:00002bd0       ?order@?1??inflateBack@@9@9 0000000180015bd0     infback.obj
 0002:00002c00       ?lenfix@?1??fixedtables@@9@9 0000000180015c00     inflate.obj
 0002:00003400       ?distfix@?1??fixedtables@@9@9 0000000180016400     inflate.obj
 0002:00003480       ?order@?1??inflate@@9@9    0000000180016480     inflate.obj
 0002:000034b0       ?dext@?1??inflate_table@@9@9 00000001800164b0     inftrees.obj
 0002:000034f0       ?lext@?1??inflate_table@@9@9 00000001800164f0     inftrees.obj
 0002:00003530       ?lbase@?1??inflate_table@@9@9 0000000180016530     inftrees.obj
 0002:00003570       ?dbase@?1??inflate_table@@9@9 0000000180016570     inftrees.obj
 0002:000038b0       static_dtree               00000001800168b0     trees.obj
 0002:00003930       extra_blbits               0000000180016930     trees.obj
 0002:00003980       extra_lbits                0000000180016980     trees.obj
 0002:00003a00       base_dist                  0000000180016a00     trees.obj
 0002:00003a80       base_length                0000000180016a80     trees.obj
 0002:00003b00       extra_dbits                0000000180016b00     trees.obj
 0002:00003b80       static_ltree               0000000180016b80     trees.obj
 0002:00004000       bl_order                   0000000180017000     trees.obj
 0002:00004878       $unwind$adler32_combine_   0000000180017878     adler32.obj
 0002:00004880       $unwind$compress2          0000000180017880     compress.obj
 0002:00004888       $chain$0$compress2         0000000180017888     compress.obj
 0002:0000489c       $chain$2$compress2         000000018001789c     compress.obj
 0002:000048b0       $chain$3$compress2         00000001800178b0     compress.obj
 0002:000048c0       $unwind$compress           00000001800178c0     compress.obj
 0002:000048c8       $unwind$crc32_little       00000001800178c8     crc32.obj
 0002:000048d0       $chain$0$crc32_little      00000001800178d0     crc32.obj
 0002:000048e4       $chain$1$crc32_little      00000001800178e4     crc32.obj
 0002:000048f4       $unwind$crc32_big          00000001800178f4     crc32.obj
 0002:000048fc       $chain$0$crc32_big         00000001800178fc     crc32.obj
 0002:00004910       $chain$1$crc32_big         0000000180017910     crc32.obj
 0002:00004920       $unwind$gf2_matrix_square  0000000180017920     crc32.obj
 0002:00004928       $unwind$crc32_combine_     0000000180017928     crc32.obj
 0002:0000493c       $unwind$deflateInit_       000000018001793c     deflate.obj
 0002:00004944       $unwind$deflateInit2_      0000000180017944     deflate.obj
 0002:00004954       $chain$1$deflateInit2_     0000000180017954     deflate.obj
 0002:0000496c       $chain$2$deflateInit2_     000000018001796c     deflate.obj
 0002:00004980       $chain$3$deflateInit2_     0000000180017980     deflate.obj
 0002:00004990       $chain$5$deflateInit2_     0000000180017990     deflate.obj
 0002:000049ac       $chain$6$deflateInit2_     00000001800179ac     deflate.obj
 0002:000049c4       $chain$7$deflateInit2_     00000001800179c4     deflate.obj
 0002:000049d4       $unwind$deflateSetDictionary 00000001800179d4     deflate.obj
 0002:000049e4       $chain$3$deflateSetDictionary 00000001800179e4     deflate.obj
 0002:00004a04       $chain$5$deflateSetDictionary 0000000180017a04     deflate.obj
 0002:00004a18       $chain$6$deflateSetDictionary 0000000180017a18     deflate.obj
 0002:00004a28       $unwind$deflateResetKeep   0000000180017a28     deflate.obj
 0002:00004a34       $chain$0$deflateResetKeep  0000000180017a34     deflate.obj
 0002:00004a48       $chain$1$deflateResetKeep  0000000180017a48     deflate.obj
 0002:00004a58       $unwind$deflateReset       0000000180017a58     deflate.obj
 0002:00004a64       $unwind$deflatePrime       0000000180017a64     deflate.obj
 0002:00004a70       $unwind$deflateParams      0000000180017a70     deflate.obj
 0002:00004a84       $chain$0$deflateParams     0000000180017a84     deflate.obj
 0002:00004a98       $chain$1$deflateParams     0000000180017a98     deflate.obj
 0002:00004aa8       $unwind$flush_pending      0000000180017aa8     deflate.obj
 0002:00004ab8       $chain$0$flush_pending     0000000180017ab8     deflate.obj
 0002:00004acc       $chain$1$flush_pending     0000000180017acc     deflate.obj
 0002:00004adc       $unwind$deflate            0000000180017adc     deflate.obj
 0002:00004ae8       $chain$1$deflate           0000000180017ae8     deflate.obj
 0002:00004b00       $chain$2$deflate           0000000180017b00     deflate.obj
 0002:00004b14       $chain$3$deflate           0000000180017b14     deflate.obj
 0002:00004b24       $chain$5$deflate           0000000180017b24     deflate.obj
 0002:00004b3c       $chain$6$deflate           0000000180017b3c     deflate.obj
 0002:00004b4c       $unwind$deflateEnd         0000000180017b4c     deflate.obj
 0002:00004b54       $chain$0$deflateEnd        0000000180017b54     deflate.obj
 0002:00004b68       $chain$2$deflateEnd        0000000180017b68     deflate.obj
 0002:00004b7c       $chain$3$deflateEnd        0000000180017b7c     deflate.obj
 0002:00004b8c       $unwind$deflateCopy        0000000180017b8c     deflate.obj
 0002:00004b98       $chain$0$deflateCopy       0000000180017b98     deflate.obj
 0002:00004bac       $chain$3$deflateCopy       0000000180017bac     deflate.obj
 0002:00004bc4       $chain$5$deflateCopy       0000000180017bc4     deflate.obj
 0002:00004bdc       $chain$6$deflateCopy       0000000180017bdc     deflate.obj
 0002:00004bec       $unwind$read_buf           0000000180017bec     deflate.obj
 0002:00004c00       $unwind$lm_init            0000000180017c00     deflate.obj
 0002:00004c0c       $unwind$fill_window        0000000180017c0c     deflate.obj
 0002:00004c1c       $chain$0$fill_window       0000000180017c1c     deflate.obj
 0002:00004c30       $chain$1$fill_window       0000000180017c30     deflate.obj
 0002:00004c40       $unwind$deflate_stored     0000000180017c40     deflate.obj
 0002:00004c54       $unwind$deflate_fast       0000000180017c54     deflate.obj
 0002:00004c6c       $unwind$deflate_slow       0000000180017c6c     deflate.obj
 0002:00004c88       $unwind$deflate_rle        0000000180017c88     deflate.obj
 0002:00004ca0       $unwind$deflate_huff       0000000180017ca0     deflate.obj
 0002:00004cb0       $unwind$_vsnprintf_l       0000000180017cb0     gzlib.obj
 0002:00004cc0       $unwind$_vsnprintf         0000000180017cc0     gzlib.obj
 0002:00004cd4       $unwind$_snprintf          0000000180017cd4     gzlib.obj
 0002:00004ce4       $unwind$gz_reset           0000000180017ce4     gzlib.obj
 0002:00004cf0       $unwind$gz_open            0000000180017cf0     gzlib.obj
 0002:00004d04       $chain$0$gz_open           0000000180017d04     gzlib.obj
 0002:00004d18       $chain$1$gz_open           0000000180017d18     gzlib.obj
 0002:00004d2c       $chain$2$gz_open           0000000180017d2c     gzlib.obj
 0002:00004d3c       $chain$3$gz_open           0000000180017d3c     gzlib.obj
 0002:00004d4c       $chain$4$gz_open           0000000180017d4c     gzlib.obj
 0002:00004d64       $unwind$gzdopen            0000000180017d64     gzlib.obj
 0002:00004d74       $unwind$gzrewind           0000000180017d74     gzlib.obj
 0002:00004d7c       $unwind$gzseek64           0000000180017d7c     gzlib.obj
 0002:00004d88       $chain$0$gzseek64          0000000180017d88     gzlib.obj
 0002:00004d9c       $chain$2$gzseek64          0000000180017d9c     gzlib.obj
 0002:00004db0       $chain$4$gzseek64          0000000180017db0     gzlib.obj
 0002:00004dc4       $unwind$gzseek             0000000180017dc4     gzlib.obj
 0002:00004dcc       $unwind$gztell             0000000180017dcc     gzlib.obj
 0002:00004dd4       $unwind$gzoffset64         0000000180017dd4     gzlib.obj
 0002:00004ddc       $unwind$gzoffset           0000000180017ddc     gzlib.obj
 0002:00004de4       $unwind$gz_error           0000000180017de4     gzlib.obj
 0002:00004df4       $unwind$gz_load            0000000180017df4     gzread.obj
 0002:00004e08       $unwind$gz_avail           0000000180017e08     gzread.obj
 0002:00004e10       $unwind$gz_look            0000000180017e10     gzread.obj
 0002:00004e20       $unwind$gz_decomp          0000000180017e20     gzread.obj
 0002:00004e34       $unwind$gz_fetch           0000000180017e34     gzread.obj
 0002:00004e3c       $unwind$gz_skip            0000000180017e3c     gzread.obj
 0002:00004e48       $unwind$gzread             0000000180017e48     gzread.obj
 0002:00004e54       $chain$0$gzread            0000000180017e54     gzread.obj
 0002:00004e68       $chain$5$gzread            0000000180017e68     gzread.obj
 0002:00004e88       $unwind$gzgetc             0000000180017e88     gzread.obj
 0002:00004e90       $unwind$gzungetc           0000000180017e90     gzread.obj
 0002:00004e9c       $unwind$gzgets             0000000180017e9c     gzread.obj
 0002:00004ea8       $chain$3$gzgets            0000000180017ea8     gzread.obj
 0002:00004ec8       $chain$5$gzgets            0000000180017ec8     gzread.obj
 0002:00004ee8       $chain$6$gzgets            0000000180017ee8     gzread.obj
 0002:00004ef8       $unwind$gzdirect           0000000180017ef8     gzread.obj
 0002:00004f00       $unwind$gzclose_r          0000000180017f00     gzread.obj
 0002:00004f10       $unwind$vsnprintf          0000000180017f10     gzwrite.obj
 0002:00004f24       $unwind$gz_init            0000000180017f24     gzwrite.obj
 0002:00004f30       $unwind$gz_comp            0000000180017f30     gzwrite.obj
 0002:00004f44       $unwind$gz_zero            0000000180017f44     gzwrite.obj
 0002:00004f50       $chain$1$gz_zero           0000000180017f50     gzwrite.obj
 0002:00004f68       $chain$3$gz_zero           0000000180017f68     gzwrite.obj
 0002:00004f80       $unwind$gzwrite            0000000180017f80     gzwrite.obj
 0002:00004f98       $unwind$gzputc             0000000180017f98     gzwrite.obj
 0002:00004fa4       $unwind$gzputs             0000000180017fa4     gzwrite.obj
 0002:00004fac       $unwind$gzvprintf          0000000180017fac     gzwrite.obj
 0002:00004fc4       $unwind$gzprintf           0000000180017fc4     gzwrite.obj
 0002:00004fcc       $unwind$gzflush            0000000180017fcc     gzwrite.obj
 0002:00004fd8       $unwind$gzsetparams        0000000180017fd8     gzwrite.obj
 0002:00004fec       $unwind$gzclose_w          0000000180017fec     gzwrite.obj
 0002:00004ff8       $unwind$inflateBackInit_   0000000180017ff8     infback.obj
 0002:00005008       $chain$1$inflateBackInit_  0000000180018008     infback.obj
 0002:00005020       $chain$3$inflateBackInit_  0000000180018020     infback.obj
 0002:00005038       $chain$4$inflateBackInit_  0000000180018038     infback.obj
 0002:00005048       $unwind$inflateBack        0000000180018048     infback.obj
 0002:00005058       $chain$3$inflateBack       0000000180018058     infback.obj
 0002:00005078       $chain$4$inflateBack       0000000180018078     infback.obj
 0002:00005088       $unwind$inflateBackEnd     0000000180018088     infback.obj
 0002:00005090       $unwind$inflate_fast       0000000180018090     inffas8664.obj
 0002:000050a8       $unwind$inflateReset2      00000001800180a8     inflate.obj
 0002:000050b8       $chain$0$inflateReset2     00000001800180b8     inflate.obj
 0002:000050cc       $chain$2$inflateReset2     00000001800180cc     inflate.obj
 0002:000050e0       $chain$3$inflateReset2     00000001800180e0     inflate.obj
 0002:000050f0       $unwind$inflateInit2_      00000001800180f0     inflate.obj
 0002:000050fc       $chain$1$inflateInit2_     00000001800180fc     inflate.obj
 0002:00005114       $chain$3$inflateInit2_     0000000180018114     inflate.obj
 0002:0000512c       $chain$4$inflateInit2_     000000018001812c     inflate.obj
 0002:0000513c       $unwind$updatewindow       000000018001813c     inflate.obj
 0002:00005150       $chain$0$updatewindow      0000000180018150     inflate.obj
 0002:00005164       $chain$1$updatewindow      0000000180018164     inflate.obj
 0002:00005174       $unwind$inflate            0000000180018174     inflate.obj
 0002:00005180       $chain$4$inflate           0000000180018180     inflate.obj
 0002:000051a4       $chain$6$inflate           00000001800181a4     inflate.obj
 0002:000051c8       $chain$7$inflate           00000001800181c8     inflate.obj
 0002:000051d8       $unwind$inflateEnd         00000001800181d8     inflate.obj
 0002:000051e0       $unwind$inflateGetDictionary 00000001800181e0     inflate.obj
 0002:000051f0       $unwind$inflateSetDictionary 00000001800181f0     inflate.obj
 0002:00005204       $unwind$syncsearch         0000000180018204     inflate.obj
 0002:0000520c       $unwind$inflateSync        000000018001820c     inflate.obj
 0002:00005218       $chain$1$inflateSync       0000000180018218     inflate.obj
 0002:00005230       $chain$3$inflateSync       0000000180018230     inflate.obj
 0002:00005248       $chain$4$inflateSync       0000000180018248     inflate.obj
 0002:00005258       $unwind$inflateCopy        0000000180018258     inflate.obj
 0002:00005264       $chain$1$inflateCopy       0000000180018264     inflate.obj
 0002:0000527c       $chain$2$inflateCopy       000000018001827c     inflate.obj
 0002:00005290       $chain$3$inflateCopy       0000000180018290     inflate.obj
 0002:000052a0       $chain$5$inflateCopy       00000001800182a0     inflate.obj
 0002:000052bc       $chain$6$inflateCopy       00000001800182bc     inflate.obj
 0002:000052cc       $unwind$inflate_table      00000001800182cc     inftrees.obj
 0002:000052e0       $chain$0$inflate_table     00000001800182e0     inftrees.obj
 0002:000052f4       $chain$1$inflate_table     00000001800182f4     inftrees.obj
 0002:00005304       $unwind$call_ztell64       0000000180018304     ioapi.obj
 0002:0000530c       $unwind$fseek_file_func    000000018001830c     ioapi.obj
 0002:00005314       $unwind$fseek64_file_func  0000000180018314     ioapi.obj
 0002:0000531c       $unwind$win32_build_iowin  000000018001831c     iowin32.obj
 0002:00005324       $chain$0$win32_build_iowin 0000000180018324     iowin32.obj
 0002:00005338       $chain$2$win32_build_iowin 0000000180018338     iowin32.obj
 0002:0000534c       $chain$3$win32_build_iowin 000000018001834c     iowin32.obj
 0002:0000535c       $unwind$win32_open64_file_func 000000018001835c     iowin32.obj
 0002:00005368       $unwind$win32_open64_file_funcA 0000000180018368     iowin32.obj
 0002:00005374       $unwind$win32_open64_file_funcW 0000000180018374     iowin32.obj
 0002:0000537c       $unwind$win32_open_file_func 000000018001837c     iowin32.obj
 0002:00005388       $unwind$win32_read_file_func 0000000180018388     iowin32.obj
 0002:00005394       $unwind$win32_write_file_func 0000000180018394     iowin32.obj
 0002:000053a0       $unwind$MySetFilePointerEx 00000001800183a0     iowin32.obj
 0002:000053a8       $unwind$win32_tell_file_func 00000001800183a8     iowin32.obj
 0002:000053b0       $unwind$win32_tell64_file_func 00000001800183b0     iowin32.obj
 0002:000053b8       $unwind$win32_seek_file_func 00000001800183b8     iowin32.obj
 0002:000053c4       $unwind$win32_seek64_file_func 00000001800183c4     iowin32.obj
 0002:000053d0       $unwind$win32_close_file_func 00000001800183d0     iowin32.obj
 0002:000053dc       $unwind$pqdownheap         00000001800183dc     trees.obj
 0002:000053e8       $chain$0$pqdownheap        00000001800183e8     trees.obj
 0002:000053fc       $chain$2$pqdownheap        00000001800183fc     trees.obj
 0002:00005410       $chain$3$pqdownheap        0000000180018410     trees.obj
 0002:00005420       $unwind$gen_bitlen         0000000180018420     trees.obj
 0002:00005430       $chain$2$gen_bitlen        0000000180018430     trees.obj
 0002:0000544c       $chain$3$gen_bitlen        000000018001844c     trees.obj
 0002:0000545c       $unwind$gen_codes          000000018001845c     trees.obj
 0002:00005464       $unwind$build_tree         0000000180018464     trees.obj
 0002:00005480       $unwind$scan_tree          0000000180018480     trees.obj
 0002:0000548c       $unwind$send_tree          000000018001848c     trees.obj
 0002:00005494       $chain$3$send_tree         0000000180018494     trees.obj
 0002:000054b4       $chain$4$send_tree         00000001800184b4     trees.obj
 0002:000054c4       $unwind$build_bl_tree      00000001800184c4     trees.obj
 0002:000054cc       $unwind$send_all_trees     00000001800184cc     trees.obj
 0002:000054dc       $unwind$_tr_flush_block    00000001800184dc     trees.obj
 0002:000054f0       $unwind$compress_block     00000001800184f0     trees.obj
 0002:000054fc       $chain$1$compress_block    00000001800184fc     trees.obj
 0002:00005514       $chain$4$compress_block    0000000180018514     trees.obj
 0002:00005530       $chain$5$compress_block    0000000180018530     trees.obj
 0002:00005540       $chain$6$compress_block    0000000180018540     trees.obj
 0002:00005550       $unwind$copy_block         0000000180018550     trees.obj
 0002:00005558       $unwind$uncompress         0000000180018558     uncompr.obj
 0002:00005560       $chain$0$uncompress        0000000180018560     uncompr.obj
 0002:00005574       $chain$2$uncompress        0000000180018574     uncompr.obj
 0002:00005588       $chain$4$uncompress        0000000180018588     uncompr.obj
 0002:0000559c       $chain$5$uncompress        000000018001859c     uncompr.obj
 0002:000055ac       $unwind$unz64local_getByte 00000001800185ac     unzip.obj
 0002:000055bc       $unwind$unz64local_getShort 00000001800185bc     unzip.obj
 0002:000055d0       $unwind$unz64local_getLong 00000001800185d0     unzip.obj
 0002:000055e4       $unwind$unz64local_getLong64 00000001800185e4     unzip.obj
 0002:000055f8       $unwind$unz64local_SearchCentralDir 00000001800185f8     unzip.obj
 0002:00005608       $chain$0$unz64local_SearchCentralDir 0000000180018608     unzip.obj
 0002:0000561c       $chain$3$unz64local_SearchCentralDir 000000018001861c     unzip.obj
 0002:00005634       $chain$5$unz64local_SearchCentralDir 0000000180018634     unzip.obj
 0002:0000564c       $chain$6$unz64local_SearchCentralDir 000000018001864c     unzip.obj
 0002:0000565c       $unwind$unz64local_SearchCentralDir64 000000018001865c     unzip.obj
 0002:00005674       $chain$2$unz64local_SearchCentralDir64 0000000180018674     unzip.obj
 0002:00005688       $chain$3$unz64local_SearchCentralDir64 0000000180018688     unzip.obj
 0002:00005698       $unwind$unzOpenInternal    0000000180018698     unzip.obj
 0002:000056b0       $chain$3$unzOpenInternal   00000001800186b0     unzip.obj
 0002:000056c8       $chain$4$unzOpenInternal   00000001800186c8     unzip.obj
 0002:000056dc       $unwind$unzOpen2           00000001800186dc     unzip.obj
 0002:000056e4       $unwind$unzOpen2_64        00000001800186e4     unzip.obj
 0002:000056ec       $unwind$unzClose           00000001800186ec     unzip.obj
[...]
 0004:00000618       $pdata$4$inflateInit2_     000000018001c618     inflate.obj
 0004:00000624       $pdata$updatewindow        000000018001c624     inflate.obj
 0004:00000630       $pdata$0$updatewindow      000000018001c630     inflate.obj
 0004:0000063c       $pdata$1$updatewindow      000000018001c63c     inflate.obj
 0004:00000648       $pdata$inflate             000000018001c648     inflate.obj
 0004:00000654       $pdata$4$inflate           000000018001c654     inflate.obj
 0004:00000660       $pdata$6$inflate           000000018001c660     inflate.obj
 0004:0000066c       $pdata$7$inflate           000000018001c66c     inflate.obj
 0004:00000678       $pdata$inflateEnd          000000018001c678     inflate.obj
 0004:00000684       $pdata$inflateGetDictionary 000000018001c684     inflate.obj
 0004:00000690       $pdata$inflateSetDictionary 000000018001c690     inflate.obj
 0004:0000069c       $pdata$syncsearch          000000018001c69c     inflate.obj
 0004:000006a8       $pdata$inflateSync         000000018001c6a8     inflate.obj
 0004:000006b4       $pdata$1$inflateSync       000000018001c6b4     inflate.obj
 0004:000006c0       $pdata$3$inflateSync       000000018001c6c0     inflate.obj
 0004:000006cc       $pdata$4$inflateSync       000000018001c6cc     inflate.obj
 0004:000006d8       $pdata$inflateCopy         000000018001c6d8     inflate.obj
 0004:000006e4       $pdata$1$inflateCopy       000000018001c6e4     inflate.obj
 0004:000006f0       $pdata$2$inflateCopy       000000018001c6f0     inflate.obj
 0004:000006fc       $pdata$3$inflateCopy       000000018001c6fc     inflate.obj
 0004:00000708       $pdata$5$inflateCopy       000000018001c708     inflate.obj
 0004:00000714       $pdata$6$inflateCopy       000000018001c714     inflate.obj
 0004:00000720       $pdata$inflate_table       000000018001c720     inftrees.obj
 0004:0000072c       $pdata$0$inflate_table     000000018001c72c     inftrees.obj
 0004:00000738       $pdata$1$inflate_table     000000018001c738     inftrees.obj
 0004:00000744       $pdata$call_ztell64        000000018001c744     ioapi.obj
 0004:00000750       $pdata$fseek_file_func     000000018001c750     ioapi.obj
 0004:0000075c       $pdata$fseek64_file_func   000000018001c75c     ioapi.obj
 0004:00000768       $pdata$win32_build_iowin   000000018001c768     iowin32.obj
 0004:00000774       $pdata$0$win32_build_iowin 000000018001c774     iowin32.obj
 0004:00000780       $pdata$2$win32_build_iowin 000000018001c780     iowin32.obj
 0004:0000078c       $pdata$3$win32_build_iowin 000000018001c78c     iowin32.obj
 0004:00000798       $pdata$win32_open64_file_func 000000018001c798     iowin32.obj
 0004:000007a4       $pdata$win32_open64_file_funcA 000000018001c7a4     iowin32.obj
 0004:000007b0       $pdata$win32_open64_file_funcW 000000018001c7b0     iowin32.obj
 0004:000007bc       $pdata$win32_open_file_func 000000018001c7bc     iowin32.obj
 0004:000007c8       $pdata$win32_read_file_func 000000018001c7c8     iowin32.obj
 0004:000007d4       $pdata$win32_write_file_func 000000018001c7d4     iowin32.obj
 0004:000007e0       $pdata$MySetFilePointerEx  000000018001c7e0     iowin32.obj
 0004:000007ec       $pdata$win32_tell_file_func 000000018001c7ec     iowin32.obj
 0004:000007f8       $pdata$win32_tell64_file_func 000000018001c7f8     iowin32.obj
 0004:00000804       $pdata$win32_seek_file_func 000000018001c804     iowin32.obj
 0004:00000810       $pdata$win32_seek64_file_func 000000018001c810     iowin32.obj
 0004:0000081c       $pdata$win32_close_file_func 000000018001c81c     iowin32.obj
 0004:00000828       $pdata$pqdownheap          000000018001c828     trees.obj
 0004:00000834       $pdata$0$pqdownheap        000000018001c834     trees.obj
 0004:00000840       $pdata$2$pqdownheap        000000018001c840     trees.obj
 0004:0000084c       $pdata$3$pqdownheap        000000018001c84c     trees.obj
 0004:00000858       $pdata$gen_bitlen          000000018001c858     trees.obj
 0004:00000864       $pdata$2$gen_bitlen        000000018001c864     trees.obj
 0004:00000870       $pdata$3$gen_bitlen        000000018001c870     trees.obj
 0004:0000087c       $pdata$gen_codes           000000018001c87c     trees.obj
 0004:00000888       $pdata$build_tree          000000018001c888     trees.obj
 0004:00000894       $pdata$scan_tree           000000018001c894     trees.obj
 0004:000008a0       $pdata$send_tree           000000018001c8a0     trees.obj
 0004:000008ac       $pdata$3$send_tree         000000018001c8ac     trees.obj
 0004:000008b8       $pdata$4$send_tree         000000018001c8b8     trees.obj
 0004:000008c4       $pdata$build_bl_tree       000000018001c8c4     trees.obj
 0004:000008d0       $pdata$send_all_trees      000000018001c8d0     trees.obj
 0004:000008dc       $pdata$_tr_flush_block     000000018001c8dc     trees.obj
 0004:000008e8       $pdata$compress_block      000000018001c8e8     trees.obj
 0004:000008f4       $pdata$1$compress_block    000000018001c8f4     trees.obj
 0004:00000900       $pdata$4$compress_block    000000018001c900     trees.obj
 0004:0000090c       $pdata$5$compress_block    000000018001c90c     trees.obj
 0004:00000918       $pdata$6$compress_block    000000018001c918     trees.obj
 0004:00000924       $pdata$copy_block          000000018001c924     trees.obj
 0004:00000930       $pdata$uncompress          000000018001c930     uncompr.obj
 0004:0000093c       $pdata$0$uncompress        000000018001c93c     uncompr.obj
 0004:00000948       $pdata$2$uncompress        000000018001c948     uncompr.obj
 0004:00000954       $pdata$4$uncompress        000000018001c954     uncompr.obj
 0004:00000960       $pdata$5$uncompress        000000018001c960     uncompr.obj
 0004:0000096c       $pdata$unz64local_getByte  000000018001c96c     unzip.obj
 0004:00000978       $pdata$unz64local_getShort 000000018001c978     unzip.obj
 0004:00000984       $pdata$unz64local_getLong  000000018001c984     unzip.obj
 0004:00000990       $pdata$unz64local_getLong64 000000018001c990     unzip.obj
 0004:0000099c       $pdata$unz64local_SearchCentralDir 000000018001c99c     unzip.obj
 0004:000009a8       $pdata$0$unz64local_SearchCentralDir 000000018001c9a8     unzip.obj
 0004:000009b4       $pdata$3$unz64local_SearchCentralDir 000000018001c9b4     unzip.obj
 0004:000009c0       $pdata$5$unz64local_SearchCentralDir 000000018001c9c0     unzip.obj
 0004:000009cc       $pdata$6$unz64local_SearchCentralDir 000000018001c9cc     unzip.obj
 0004:000009d8       $pdata$unz64local_SearchCentralDir64 000000018001c9d8     unzip.obj
 0004:000009e4       $pdata$2$unz64local_SearchCentralDir64 000000018001c9e4     unzip.obj
 0004:000009f0       $pdata$3$unz64local_SearchCentralDir64 000000018001c9f0     unzip.obj
 0004:000009fc       $pdata$unzOpenInternal     000000018001c9fc     unzip.obj
 0004:00000a08       $pdata$3$unzOpenInternal   000000018001ca08     unzip.obj
 0004:00000a14       $pdata$4$unzOpenInternal   000000018001ca14     unzip.obj
 0004:00000a20       $pdata$unzOpen2            000000018001ca20     unzip.obj
 0004:00000a2c       $pdata$unzOpen2_64         000000018001ca2c     unzip.obj
 0004:00000a38       $pdata$unzClose            000000018001ca38     unzip.obj
 0004:00000a44       $pdata$unz64local_GetCurrentFileInfoInternal 000000018001ca44     unzip.obj
 0004:00000a50       $pdata$unzGetCurrentFileInfo64 000000018001ca50     unzip.obj
 0004:00000a5c       $pdata$unzGetCurrentFileInfo 000000018001ca5c     unzip.obj
 0004:00000a68       $pdata$unzGoToFirstFile    000000018001ca68     unzip.obj
 0004:00000a74       $pdata$unzGoToNextFile     000000018001ca74     unzip.obj
 0004:00000a80       $pdata$unzLocateFile       000000018001ca80     unzip.obj
 0004:00000a8c       $pdata$3$unzLocateFile     000000018001ca8c     unzip.obj
 0004:00000a98       $pdata$5$unzLocateFile     000000018001ca98     unzip.obj
 0004:00000aa4       $pdata$unzGetFilePos       000000018001caa4     unzip.obj
 0004:00000ab0       $pdata$unzGoToFilePos64    000000018001cab0     unzip.obj
 0004:00000abc       $pdata$0$unzGoToFilePos64  000000018001cabc     unzip.obj
 0004:00000ac8       $pdata$1$unzGoToFilePos64  000000018001cac8     unzip.obj
 0004:00000ad4       $pdata$unzGoToFilePos      000000018001cad4     unzip.obj
 0004:00000ae0       $pdata$unz64local_CheckCurrentFileCoherencyHeader 000000018001cae0     unzip.obj
 0004:00000aec       $pdata$unzOpenCurrentFile3 000000018001caec     unzip.obj
 0004:00000af8       $pdata$0$unzOpenCurrentFile3 000000018001caf8     unzip.obj
 0004:00000b04       $pdata$1$unzOpenCurrentFile3 000000018001cb04     unzip.obj
 0004:00000b10       $pdata$2$unzOpenCurrentFile3 000000018001cb10     unzip.obj
 0004:00000b1c       $pdata$4$unzOpenCurrentFile3 000000018001cb1c     unzip.obj
 0004:00000b28       $pdata$unzOpenCurrentFile  000000018001cb28     unzip.obj
 0004:00000b34       $pdata$unzOpenCurrentFilePassword 000000018001cb34     unzip.obj
 0004:00000b40       $pdata$unzOpenCurrentFile2 000000018001cb40     unzip.obj
 0004:00000b4c       $pdata$unzReadCurrentFile  000000018001cb4c     unzip.obj
 0004:00000b58       $pdata$0$unzReadCurrentFile 000000018001cb58     unzip.obj
 0004:00000b64       $pdata$2$unzReadCurrentFile 000000018001cb64     unzip.obj
 0004:00000b70       $pdata$4$unzReadCurrentFile 000000018001cb70     unzip.obj
 0004:00000b7c       $pdata$12$unzReadCurrentFile 000000018001cb7c     unzip.obj
 0004:00000b88       $pdata$14$unzReadCurrentFile 000000018001cb88     unzip.obj
 0004:00000b94       $pdata$unzGetLocalExtrafield 000000018001cb94     unzip.obj
 0004:00000ba0       $pdata$0$unzGetLocalExtrafield 000000018001cba0     unzip.obj
 0004:00000bac       $pdata$2$unzGetLocalExtrafield 000000018001cbac     unzip.obj
 0004:00000bb8       $pdata$4$unzGetLocalExtrafield 000000018001cbb8     unzip.obj
 0004:00000bc4       $pdata$6$unzGetLocalExtrafield 000000018001cbc4     unzip.obj
 0004:00000bd0       $pdata$8$unzGetLocalExtrafield 000000018001cbd0     unzip.obj
 0004:00000bdc       $pdata$unzCloseCurrentFile 000000018001cbdc     unzip.obj
 0004:00000be8       $pdata$0$unzCloseCurrentFile 000000018001cbe8     unzip.obj
 0004:00000bf4       $pdata$2$unzCloseCurrentFile 000000018001cbf4     unzip.obj
 0004:00000c00       $pdata$unzGetGlobalComment 000000018001cc00     unzip.obj
 0004:00000c0c       $pdata$update_keys         000000018001cc0c     zip.obj
 0004:00000c18       $pdata$init_keys           000000018001cc18     zip.obj
 0004:00000c24       $pdata$crypthead           000000018001cc24     zip.obj
 0004:00000c30       $pdata$allocate_new_datablock 000000018001cc30     zip.obj
 0004:00000c3c       $pdata$free_datablock      000000018001cc3c     zip.obj
 0004:00000c48       $pdata$0$free_datablock    000000018001cc48     zip.obj
 0004:00000c54       $pdata$1$free_datablock    000000018001cc54     zip.obj
 0004:00000c60       $pdata$free_linkedlist     000000018001cc60     zip.obj
 0004:00000c6c       $pdata$add_data_in_datablock 000000018001cc6c     zip.obj
 0004:00000c78       $pdata$0$add_data_in_datablock 000000018001cc78     zip.obj
 0004:00000c84       $pdata$2$add_data_in_datablock 000000018001cc84     zip.obj
 0004:00000c90       $pdata$zip64local_putValue 000000018001cc90     zip.obj
 0004:00000c9c       $pdata$0$zip64local_putValue 000000018001cc9c     zip.obj
 0004:00000ca8       $pdata$1$zip64local_putValue 000000018001cca8     zip.obj
 0004:00000cb4       $pdata$zip64local_putValue_inmemory 000000018001ccb4     zip.obj
 0004:00000cc0       $pdata$zip64local_getByte  000000018001ccc0     zip.obj
 0004:00000ccc       $pdata$zip64local_getShort 000000018001cccc     zip.obj
 0004:00000cd8       $pdata$zip64local_getLong  000000018001ccd8     zip.obj
 0004:00000ce4       $pdata$zip64local_getLong64 000000018001cce4     zip.obj
 0004:00000cf0       $pdata$zip64local_SearchCentralDir 000000018001ccf0     zip.obj
 0004:00000cfc       $pdata$0$zip64local_SearchCentralDir 000000018001ccfc     zip.obj
 0004:00000d08       $pdata$3$zip64local_SearchCentralDir 000000018001cd08     zip.obj
 0004:00000d14       $pdata$5$zip64local_SearchCentralDir 000000018001cd14     zip.obj
 0004:00000d20       $pdata$6$zip64local_SearchCentralDir 000000018001cd20     zip.obj
 0004:00000d2c       $pdata$zip64local_SearchCentralDir64 000000018001cd2c     zip.obj
 0004:00000d38       $pdata$2$zip64local_SearchCentralDir64 000000018001cd38     zip.obj
 0004:00000d44       $pdata$3$zip64local_SearchCentralDir64 000000018001cd44     zip.obj
 0004:00000d50       $pdata$LoadCentralDirectoryRecord 000000018001cd50     zip.obj
 0004:00000d5c       $pdata$zipOpen3            000000018001cd5c     zip.obj
 0004:00000d68       $pdata$zipOpen2            000000018001cd68     zip.obj
 0004:00000d74       $pdata$zipOpen2_64         000000018001cd74     zip.obj
 0004:00000d80       $pdata$Write_LocalFileHeader 000000018001cd80     zip.obj
 0004:00000d8c       $pdata$0$Write_LocalFileHeader 000000018001cd8c     zip.obj
 0004:00000d98       $pdata$1$Write_LocalFileHeader 000000018001cd98     zip.obj
 0004:00000da4       $pdata$zipOpenNewFileInZip4_64 000000018001cda4     zip.obj
 0004:00000db0       $pdata$0$zipOpenNewFileInZip4_64 000000018001cdb0     zip.obj
 0004:00000dbc       $pdata$2$zipOpenNewFileInZip4_64 000000018001cdbc     zip.obj
 0004:00000dc8       $pdata$6$zipOpenNewFileInZip4_64 000000018001cdc8     zip.obj
 0004:00000dd4       $pdata$7$zipOpenNewFileInZip4_64 000000018001cdd4     zip.obj
 0004:00000de0       $pdata$zipOpenNewFileInZip3 000000018001cde0     zip.obj
 0004:00000dec       $pdata$zipOpenNewFileInZip3_64 000000018001cdec     zip.obj
 0004:00000df8       $pdata$zipOpenNewFileInZip2 000000018001cdf8     zip.obj
 0004:00000e04       $pdata$zipOpenNewFileInZip2_64 000000018001ce04     zip.obj
 0004:00000e10       $pdata$zipOpenNewFileInZip64 000000018001ce10     zip.obj
 0004:00000e1c       $pdata$zipOpenNewFileInZip 000000018001ce1c     zip.obj
 0004:00000e28       $pdata$zip64FlushWriteBuffer 000000018001ce28     zip.obj
 0004:00000e34       $pdata$0$zip64FlushWriteBuffer 000000018001ce34     zip.obj
 0004:00000e40       $pdata$2$zip64FlushWriteBuffer 000000018001ce40     zip.obj
 0004:00000e4c       $pdata$3$zip64FlushWriteBuffer 000000018001ce4c     zip.obj
 0004:00000e58       $pdata$4$zip64FlushWriteBuffer 000000018001ce58     zip.obj
 0004:00000e64       $pdata$zipWriteInFileInZip 000000018001ce64     zip.obj
 0004:00000e70       $pdata$0$zipWriteInFileInZip 000000018001ce70     zip.obj
 0004:00000e7c       $pdata$1$zipWriteInFileInZip 000000018001ce7c     zip.obj
 0004:00000e88       $pdata$2$zipWriteInFileInZip 000000018001ce88     zip.obj
 0004:00000e94       $pdata$zipCloseFileInZipRaw64 000000018001ce94     zip.obj
 0004:00000ea0       $pdata$Write_Zip64EndOfCentralDirectoryLocator 000000018001cea0     zip.obj
 0004:00000eac       $pdata$Write_Zip64EndOfCentralDirectoryRecord 000000018001ceac     zip.obj
 0004:00000eb8       $pdata$Write_EndOfCentralDirectoryRecord 000000018001ceb8     zip.obj
 0004:00000ec4       $pdata$Write_GlobalComment 000000018001cec4     zip.obj
 0004:00000ed0       $pdata$zipClose            000000018001ced0     zip.obj
 0004:00000edc       $pdata$0$zipClose          000000018001cedc     zip.obj
 0004:00000ee8       $pdata$1$zipClose          000000018001cee8     zip.obj
 0004:00000ef4       $pdata$2$zipClose          000000018001cef4     zip.obj
 0004:00000f00       $pdata$3$zipClose          000000018001cf00     zip.obj
 0004:00000f0c       $pdata$4$zipClose          000000018001cf0c     zip.obj
 0004:00000f18       $pdata$5$zipClose          000000018001cf18     zip.obj
 0004:00000f24       $pdata$?dllmain_crt_dispatch@@YAHQEAUHINSTANCE__@@KQEAX@Z 000000018001cf24     MSVCRT:dll_dllmain.obj
 0004:00000f30       $pdata$?dllmain_crt_process_attach@@YAHQEAUHINSTANCE__@@QEAX@Z 000000018001cf30     MSVCRT:dll_dllmain.obj
 0004:00000f3c       $pdata$?dllmain_crt_process_detach@@YAH_N@Z 000000018001cf3c     MSVCRT:dll_dllmain.obj
 0004:00000f48       $pdata$?dllmain_dispatch@@YAHQEAUHINSTANCE__@@KQEAX@Z 000000018001cf48     MSVCRT:dll_dllmain.obj
 0004:00000f54       $pdata$?dllmain_raw@@YAHQEAUHINSTANCE__@@KQEAX@Z 000000018001cf54     MSVCRT:dll_dllmain.obj
 0004:00000f60       $pdata$_DllMainCRTStartup  000000018001cf60     MSVCRT:dll_dllmain.obj
 0004:00000f6c       $pdata$__scrt_acquire_startup_lock 000000018001cf6c     MSVCRT:utility.obj
 0004:00000f78       $pdata$__scrt_dllmain_after_initialize_c 000000018001cf78     MSVCRT:utility.obj
 0004:00000f84       $pdata$__scrt_dllmain_before_initialize_c 000000018001cf84     MSVCRT:utility.obj
 0004:00000f90       $pdata$__scrt_dllmain_crt_thread_attach 000000018001cf90     MSVCRT:utility.obj
 0004:00000f9c       $pdata$__scrt_dllmain_crt_thread_detach 000000018001cf9c     MSVCRT:utility.obj
 0004:00000fa8       $pdata$__scrt_dllmain_exception_filter 000000018001cfa8     MSVCRT:utility.obj
 0004:00000fb4       $pdata$__scrt_dllmain_uninitialize_c 000000018001cfb4     MSVCRT:utility.obj
 0004:00000fc0       $pdata$__scrt_dllmain_uninitialize_critical 000000018001cfc0     MSVCRT:utility.obj
 0004:00000fcc       $pdata$__scrt_initialize_crt 000000018001cfcc     MSVCRT:utility.obj
 0004:00000fd8       $pdata$__scrt_initialize_onexit_tables 000000018001cfd8     MSVCRT:utility.obj
 0004:00000fe4       $pdata$__scrt_is_nonwritable_in_current_image 000000018001cfe4     MSVCRT:utility.obj
 0004:00000ff0       $pdata$__scrt_release_startup_lock 000000018001cff0     MSVCRT:utility.obj
 0004:00000ffc       $pdata$__scrt_uninitialize_crt 000000018001cffc     MSVCRT:utility.obj
 0004:00001008       $pdata$_onexit             000000018001d008     MSVCRT:utility.obj
 0004:00001014       $pdata$atexit              000000018001d014     MSVCRT:utility.obj
 0004:00001020       $pdata$__security_init_cookie 000000018001d020     MSVCRT:gs_support.obj
 0004:0000102c       $pdata$DllMain             000000018001d02c     MSVCRT:dll_dllmain_stub.obj
 0004:00001038       $pdata$__scrt_initialize_default_local_stdio_options 000000018001d038     MSVCRT:default_local_stdio_options.obj
 0004:00001044       $pdata$__scrt_fastfail     000000018001d044     MSVCRT:utility_desktop.obj
 0004:00001050       $pdata$__scrt_get_show_window_mode 000000018001d050     MSVCRT:utility_desktop.obj
 0004:0000105c       $pdata$__scrt_is_managed_app 000000018001d05c     MSVCRT:utility_desktop.obj
 0004:00001068       $pdata$__scrt_unhandled_exception_filter 000000018001d068     MSVCRT:utility_desktop.obj
 0004:00001074       $pdata$_RTC_Initialize     000000018001d074     MSVCRT:_initsect_.obj
 0004:00001080       $pdata$_RTC_Terminate      000000018001d080     MSVCRT:_initsect_.obj
 0004:0000108c       $pdata$__isa_available_init 000000018001d08c     MSVCRT:_cpu_disp_.obj
 0004:000010b0       $pdata$?fin$0@?0??dllmain_crt_process_attach@@YAHQEAUHINSTANCE__@@QEAX@Z@4HA 000000018001d0b0     MSVCRT:dll_dllmain.obj
 0004:000010bc       $pdata$?fin$0@?0??dllmain_crt_process_detach@@YAH_N@Z@4HA 000000018001d0bc     MSVCRT:dll_dllmain.obj
 0004:000010c8       $pdata$?filt$0@?0??dllmain_dispatch@@YAHQEAUHINSTANCE__@@KQEAX@Z@4HA 000000018001d0c8     MSVCRT:dll_dllmain.obj
 0004:000010d4       $pdata$__scrt_is_nonwritable_in_current_image$filt$0 000000018001d0d4     MSVCRT:utility.obj
 0005:00000000       __guard_fids_?dllmain_crt_process_attach@@YAHQEAUHINSTANCE__@@QEAX@Z 000000018001e000     MSVCRT:dll_dllmain.obj
 0005:00000008       __guard_fids_?dllmain_dispatch@@YAHQEAUHINSTANCE__@@KQEAX@Z 000000018001e008     MSVCRT:dll_dllmain.obj
 0005:0000000c       __guard_fids___scrt_set_unhandled_exception_filter 000000018001e00c     MSVCRT:utility_desktop.obj
 0005:00000010       __guard_fids__             000000018001e010     MSVCRT:guard_support.obj
 0005:00000014       __guard_fids__guard_icall_checks_enforced 000000018001e014     MSVCRT:guard_support.obj
 0006:00000060       $R000000                   000000018001f060     zlib.res
