 zlib

 Timestamp is 568bd536 (Tue Jan  5 14:37:42 2016)

 Preferred load address is 0000000180000000

 Start         Length     Name                   Class
 0001:00000000 0002acb7H .text$mn                CODE
 0001:0002acc0 00001016H .text$mn$00             CODE
 0001:0002bce0 00001100H .text$x                 CODE
 0002:00000000 00000109H .CRT$XCA                DATA
 0002:00000110 00000109H .CRT$XCZ                DATA
 0002:00000220 00000109H .CRT$XIA                DATA
 0002:00000330 00000109H .CRT$XIZ                DATA
 0002:00000440 00000109H .CRT$XPA                DATA
 0002:00000550 00000109H .CRT$XPZ                DATA
 0002:00000660 00000109H .CRT$XTA                DATA
 0002:00000770 00000109H .CRT$XTZ                DATA
 0002:00000880 00004daeH .rdata                  DATA
 0002:00005630 00000194H .rdata$zzzdbg           DATA
 0002:000057c8 00000109H .rtc$IAA                DATA
 0002:000058d8 00000109H .rtc$IZZ                DATA
 0002:000059e8 00000109H .rtc$TAA                DATA
 0002:00005af8 00000109H .rtc$TZZ                DATA
 0002:00005c08 00000da0H .xdata                  DATA
 0002:000069b0 00000fb3H .edata                  DATA
 0003:00000000 000009a3H .data                   DATA
 0003:000009b0 00000751H .bss                    DATA
 0004:00000000 000010ecH .pdata                  DATA
 0005:00000000 00000388H .idata$5                DATA
 0005:00000388 0000003cH .idata$2                DATA
 0005:000003c4 00000014H .idata$3                DATA
 0005:000003d8 00000388H .idata$4                DATA
 0005:00000760 0000061dH .idata$6                DATA
 0006:00000000 00000120H .gfids$y                DATA
 0007:00000000 0000011bH .00cfg                  DATA
 0008:00000000 00000169H .rsrc$01                DATA
 0008:00000170 000004dcH .rsrc$02                DATA

  Address         Publics by Value              Rva+Base               Lib:Object

 0000:00000000       ___safe_se_handler_table   0000000000000000     <absolute>
 0000:00000000       ___safe_se_handler_count   0000000000000000     <absolute>
 0000:00000000       __guard_iat_table          0000000000000000     <absolute>
 0000:00000000       __guard_iat_count          0000000000000000     <absolute>
 0000:00000000       __guard_longjmp_count      0000000000000000     <absolute>
 0000:00000000       __guard_longjmp_table      0000000000000000     <absolute>
 0000:00000000       __guard_fids_table         0000000000000000     <absolute>
 0000:00000000       __guard_fids_count         0000000000000000     <absolute>
 0000:00000100       __guard_flags              0000000000000100     <absolute>
 0000:00000000       __ImageBase                0000000180000000     <linker-defined>
 0001:000009c0       longest_match              00000001800019c0 f   gvmat64.obj
 0001:00000c99       match_init                 0000000180001c99 f   gvmat64.obj
 0001:00000d50       inffas8664fnc              0000000180001d50 f   inffasx64.obj
 0001:00001130       adler32                    0000000180002130 f   adler32.obj
 0001:00001920       adler32_combine            0000000180002920 f   adler32.obj
 0001:00001a90       adler32_combine64          0000000180002a90 f   adler32.obj
 0001:00001d20       compress                   0000000180002d20 f   compress.obj
 0001:00001d70       compress2                  0000000180002d70 f   compress.obj
 0001:00001ea0       compressBound              0000000180002ea0 f   compress.obj
 0001:00001f40       crc32                      0000000180002f40 f   crc32.obj
 0001:000022b0       crc32_combine              00000001800032b0 f   crc32.obj
 0001:000022f0       get_crc_table              00000001800032f0 f   crc32.obj
 0001:000035a0       crc32_combine64            00000001800045a0 f   crc32.obj
 0001:00003b70       deflate                    0000000180004b70 f   deflate.obj
 0001:00004f60       deflateEnd                 0000000180005f60 f   deflate.obj
 0001:000050e0       deflateSetDictionary       00000001800060e0 f   deflate.obj
 0001:00005460       deflateCopy                0000000180006460 f   deflate.obj
 0001:00005770       deflateReset               0000000180006770 f   deflate.obj
 0001:000057b0       deflateParams              00000001800067b0 f   deflate.obj
 0001:00005980       deflateTune                0000000180006980 f   deflate.obj
 0001:00005a10       deflateBound               0000000180006a10 f   deflate.obj
 0001:00005c10       deflatePending             0000000180006c10 f   deflate.obj
 0001:00005c80       deflatePrime               0000000180006c80 f   deflate.obj
 0001:00005dc0       deflateSetHeader           0000000180006dc0 f   deflate.obj
 0001:00005e20       deflateInit_               0000000180006e20 f   deflate.obj
 0001:00005e80       deflateInit2_              0000000180006e80 f   deflate.obj
 0001:000062f0       deflateResetKeep           00000001800072f0 f   deflate.obj
 0001:0000aba0       gzclose                    000000018000bba0 f   gzclose.obj
 0001:0000ac10       gzdopen                    000000018000bc10 f   gzlib.obj
 0001:0000ac90       gzbuffer                   000000018000bc90 f   gzlib.obj
 0001:0000ad10       gzrewind                   000000018000bd10 f   gzlib.obj
 0001:0000ada0       gzeof                      000000018000bda0 f   gzlib.obj
 0001:0000ae10       gzerror                    000000018000be10 f   gzlib.obj
 0001:0000aed0       gzclearerr                 000000018000bed0 f   gzlib.obj
 0001:0000af50       gzopen                     000000018000bf50 f   gzlib.obj
 0001:0000af80       gzseek                     000000018000bf80 f   gzlib.obj
 0001:0000afe0       gztell                     000000018000bfe0 f   gzlib.obj
 0001:0000b030       gzoffset                   000000018000c030 f   gzlib.obj
 0001:0000b080       gzopen_w                   000000018000c080 f   gzlib.obj
 0001:0000b0b0       gzopen64                   000000018000c0b0 f   gzlib.obj
 0001:0000b0e0       gzseek64                   000000018000c0e0 f   gzlib.obj
 0001:0000b3f0       gztell64                   000000018000c3f0 f   gzlib.obj
 0001:0000b470       gzoffset64                 000000018000c470 f   gzlib.obj
 0001:0000b530       gz_error                   000000018000c530 f   gzlib.obj
 0001:0000bff0       __local_stdio_printf_options 000000018000cff0 f i gzlib.obj
 0001:0000c000       _snprintf                  000000018000d000 f i gzlib.obj
 0001:0000c070       _vsnprintf                 000000018000d070 f i gzlib.obj
 0001:0000c0c0       _vsnprintf_l               000000018000d0c0 f i gzlib.obj
 0001:0000c160       gzread                     000000018000d160 f   gzread.obj
 0001:0000c410       gzgets                     000000018000d410 f   gzread.obj
 0001:0000c640       gzgetc                     000000018000d640 f   gzread.obj
 0001:0000c740       gzungetc                   000000018000d740 f   gzread.obj
 0001:0000c990       gzdirect                   000000018000d990 f   gzread.obj
 0001:0000c9f0       gzclose_r                  000000018000d9f0 f   gzread.obj
 0001:0000caf0       gzgetc_                    000000018000daf0 f   gzread.obj
 0001:0000d860       gzsetparams                000000018000e860 f   gzwrite.obj
 0001:0000d990       gzwrite                    000000018000e990 f   gzwrite.obj
 0001:0000dc00       gzprintf                   000000018000ec00 f   gzwrite.obj
 0001:0000dc60       gzputs                     000000018000ec60 f   gzwrite.obj
 0001:0000dcd0       gzputc                     000000018000ecd0 f   gzwrite.obj
 0001:0000de50       gzflush                    000000018000ee50 f   gzwrite.obj
 0001:0000df10       gzclose_w                  000000018000ef10 f   gzwrite.obj
 0001:0000e050       gzvprintf                  000000018000f050 f   gzwrite.obj
 0001:0000eaa0       vsnprintf                  000000018000faa0 f i gzwrite.obj
 0001:0000eb40       inflateBack                000000018000fb40 f   infback.obj
 0001:00010750       inflateBackEnd             0000000180011750 f   infback.obj
 0001:000107c0       inflateBackInit_           00000001800117c0 f   infback.obj
 0001:00011110       inflate_fast               0000000180012110 f   inffas8664.obj
 0001:000115c0       inflate                    00000001800125c0 f   inflate.obj
 0001:000142d0       inflateEnd                 00000001800152d0 f   inflate.obj
 0001:00014370       inflateSetDictionary       0000000180015370 f   inflate.obj
 0001:00014470       inflateGetDictionary       0000000180015470 f   inflate.obj
 0001:00014560       inflateSync                0000000180015560 f   inflate.obj
 0001:00014760       inflateCopy                0000000180015760 f   inflate.obj
 0001:000149d0       inflateReset               00000001800159d0 f   inflate.obj
 0001:00014a40       inflateReset2              0000000180015a40 f   inflate.obj
 0001:00014b40       inflatePrime               0000000180015b40 f   inflate.obj
 0001:00014c30       inflateMark                0000000180015c30 f   inflate.obj
 0001:00014cd0       inflateGetHeader           0000000180015cd0 f   inflate.obj
 0001:00014d50       inflateInit_               0000000180015d50 f   inflate.obj
 0001:00014d90       inflateInit2_              0000000180015d90 f   inflate.obj
 0001:00014ef0       inflateSyncPoint           0000000180015ef0 f   inflate.obj
 0001:00014f60       inflateUndermine           0000000180015f60 f   inflate.obj
 0001:00014fe0       inflateResetKeep           0000000180015fe0 f   inflate.obj
 0001:00016410       inflate_table              0000000180017410 f   inftrees.obj
 0001:00016e00       fill_fopen64_filefunc      0000000180017e00 f   ioapi.obj
 0001:00016e90       fill_fopen_filefunc        0000000180017e90 f   ioapi.obj
 0001:00016f20       call_zopen64               0000000180017f20 f   ioapi.obj
 0001:00016f90       call_zseek64               0000000180017f90 f   ioapi.obj
 0001:00017020       call_ztell64               0000000180018020 f   ioapi.obj
 0001:00017090       fill_zlib_filefunc64_32_def_from_filefunc32 0000000180018090 f   ioapi.obj
 0001:00017740       fill_win32_filefunc        0000000180018740 f   iowin32.obj
 0001:000177d0       fill_win32_filefunc64      00000001800187d0 f   iowin32.obj
 0001:00017860       fill_win32_filefunc64A     0000000180018860 f   iowin32.obj
 0001:000178f0       fill_win32_filefunc64W     00000001800188f0 f   iowin32.obj
 0001:00017980       win32_open_file_func       0000000180018980 f   iowin32.obj
 0001:00017a50       win32_read_file_func       0000000180018a50 f   iowin32.obj
 0001:00017b00       win32_write_file_func      0000000180018b00 f   iowin32.obj
 0001:00017bb0       win32_tell64_file_func     0000000180018bb0 f   iowin32.obj
 0001:00017c50       win32_seek64_file_func     0000000180018c50 f   iowin32.obj
 0001:00017d40       win32_close_file_func      0000000180018d40 f   iowin32.obj
 0001:00017da0       win32_error_file_func      0000000180018da0 f   iowin32.obj
 0001:00017f30       win32_open64_file_func     0000000180018f30 f   iowin32.obj
 0001:00018000       win32_open64_file_funcA    0000000180019000 f   iowin32.obj
 0001:000180d0       win32_open64_file_funcW    00000001800190d0 f   iowin32.obj
 0001:000181b0       win32_tell_file_func       00000001800191b0 f   iowin32.obj
 0001:00018250       win32_seek_file_func       0000000180019250 f   iowin32.obj
 0001:00018640       _tr_init                   0000000180019640 f   trees.obj
 0001:00018700       _tr_tally                  0000000180019700 f   trees.obj
 0001:000188b0       _tr_flush_block            00000001800198b0 f   trees.obj
 0001:00018d30       _tr_flush_bits             0000000180019d30 f   trees.obj
 0001:00018d50       _tr_align                  0000000180019d50 f   trees.obj
 0001:00019060       _tr_stored_block           000000018001a060 f   trees.obj
 0001:0001d380       uncompress                 000000018001e380 f   uncompr.obj
 0001:0001d4f0       unzStringFileNameCompare   000000018001e4f0 f   unzip.obj
 0001:0001d550       unzOpen                    000000018001e550 f   unzip.obj
 0001:0001d580       unzOpen64                  000000018001e580 f   unzip.obj
 0001:0001d5b0       unzOpen2                   000000018001e5b0 f   unzip.obj
 0001:0001d620       unzOpen2_64                000000018001e620 f   unzip.obj
 0001:0001d6b0       unzClose                   000000018001e6b0 f   unzip.obj
 0001:0001d730       unzGetGlobalInfo           000000018001e730 f   unzip.obj
 0001:0001d780       unzGetGlobalInfo64         000000018001e780 f   unzip.obj
 0001:0001d7d0       unzGetGlobalComment        000000018001e7d0 f   unzip.obj
 0001:0001d8d0       unzGoToFirstFile           000000018001e8d0 f   unzip.obj
 0001:0001d9c0       unzGoToNextFile            000000018001e9c0 f   unzip.obj
 0001:0001db20       unzLocateFile              000000018001eb20 f   unzip.obj
 0001:0001dcf0       unzGetFilePos              000000018001ecf0 f   unzip.obj
 0001:0001dd40       unzGoToFilePos             000000018001ed40 f   unzip.obj
 0001:0001dd90       unzGetFilePos64            000000018001ed90 f   unzip.obj
 0001:0001de10       unzGoToFilePos64           000000018001ee10 f   unzip.obj
 0001:0001df00       unzGetCurrentFileInfo64    000000018001ef00 f   unzip.obj
 0001:0001df80       unzGetCurrentFileInfo      000000018001ef80 f   unzip.obj
 0001:0001e130       unzGetCurrentFileZStreamPos64 000000018001f130 f   unzip.obj
 0001:0001e190       unzOpenCurrentFile         000000018001f190 f   unzip.obj
 0001:0001e1c0       unzOpenCurrentFilePassword 000000018001f1c0 f   unzip.obj
 0001:0001e200       unzOpenCurrentFile2        000000018001f200 f   unzip.obj
 0001:0001e250       unzOpenCurrentFile3        000000018001f250 f   unzip.obj
 0001:0001e660       unzCloseCurrentFile        000000018001f660 f   unzip.obj
 0001:0001e770       unzReadCurrentFile         000000018001f770 f   unzip.obj
 0001:0001ecf0       unztell                    000000018001fcf0 f   unzip.obj
 0001:0001ed50       unztell64                  000000018001fd50 f   unzip.obj
 0001:0001edb0       unzeof                     000000018001fdb0 f   unzip.obj
 0001:0001ee20       unzGetLocalExtrafield      000000018001fe20 f   unzip.obj
 0001:0001ef60       unzGetOffset64             000000018001ff60 f   unzip.obj
 0001:0001efe0       unzGetOffset               000000018001ffe0 f   unzip.obj
 0001:0001f020       unzSetOffset64             0000000180020020 f   unzip.obj
 0001:0001f110       unzSetOffset               0000000180020110 f   unzip.obj
 0001:00021d10       zipOpen                    0000000180022d10 f   zip.obj
 0001:00021d40       zipOpen64                  0000000180022d40 f   zip.obj
 0001:00021d70       zipOpen2                   0000000180022d70 f   zip.obj
 0001:00021e00       zipOpen2_64                0000000180022e00 f   zip.obj
 0001:00021eb0       zipOpenNewFileInZip        0000000180022eb0 f   zip.obj
 0001:00021fa0       zipOpenNewFileInZip64      0000000180022fa0 f   zip.obj
 0001:00022090       zipOpenNewFileInZip2       0000000180023090 f   zip.obj
 0001:00022180       zipOpenNewFileInZip2_64    0000000180023180 f   zip.obj
 0001:00022270       zipOpenNewFileInZip3       0000000180023270 f   zip.obj
 0001:00022370       zipOpenNewFileInZip3_64    0000000180023370 f   zip.obj
 0001:00022470       zipOpenNewFileInZip4       0000000180023470 f   zip.obj
 0001:00022570       zipOpenNewFileInZip4_64    0000000180023570 f   zip.obj
 0001:00022ee0       zipWriteInFileInZip        0000000180023ee0 f   zip.obj
 0001:000231c0       zipCloseFileInZip          00000001800241c0 f   zip.obj
 0001:000231f0       zipCloseFileInZipRaw       00000001800241f0 f   zip.obj
 0001:00023230       zipCloseFileInZipRaw64     0000000180024230 f   zip.obj
 0001:00023a30       zipClose                   0000000180024a30 f   zip.obj
 0001:00023c80       zipRemoveExtraInfoBlock    0000000180024c80 f   zip.obj
 0001:000250c0       LoadCentralDirectoryRecord 00000001800260c0 f   zip.obj
 0001:00025850       zipOpen3                   0000000180026850 f   zip.obj
 0001:00025a60       Write_LocalFileHeader      0000000180026a60 f   zip.obj
 0001:00026020       Write_Zip64EndOfCentralDirectoryLocator 0000000180027020 f   zip.obj
 0001:00026110       Write_Zip64EndOfCentralDirectoryRecord 0000000180027110 f   zip.obj
 0001:00026320       Write_EndOfCentralDirectoryRecord 0000000180027320 f   zip.obj
 0001:00026560       Write_GlobalComment        0000000180027560 f   zip.obj
 0001:00027850       zlibVersion                0000000180028850 f   zutil.obj
 0001:00027860       zlibCompileFlags           0000000180028860 f   zutil.obj
 0001:000279a0       zError                     00000001800289a0 f   zutil.obj
 0001:000279d0       zcalloc                    00000001800289d0 f   zutil.obj
 0001:00027a20       zcfree                     0000000180028a20 f   zutil.obj
 0001:00027aba       ReadFile                   0000000180028aba f   kernel32:KERNEL32.dll
 0001:00027ac0       SetFilePointerEx           0000000180028ac0 f   kernel32:KERNEL32.dll
 0001:00027ac6       WriteFile                  0000000180028ac6 f   kernel32:KERNEL32.dll
 0001:00027acc       CreateFile2                0000000180028acc f   kernel32:KERNEL32.dll
 0001:00027ad2       CloseHandle                0000000180028ad2 f   kernel32:KERNEL32.dll
 0001:00027ad8       GetLastError               0000000180028ad8 f   kernel32:KERNEL32.dll
 0001:00027ade       MultiByteToWideChar        0000000180028ade f   kernel32:KERNEL32.dll
 0001:00027b00       _alloca_probe              0000000180028b00 f   MSVCRTD:_chkstk_.obj
 0001:00027b00       __chkstk                   0000000180028b00 f   MSVCRTD:_chkstk_.obj
 0001:00028080       _CRT_INIT                  0000000180029080 f   MSVCRTD:dll_dllmain.obj
 0001:000280c0       _DllMainCRTStartup         00000001800290c0 f   MSVCRTD:dll_dllmain.obj
 0001:00028110       ??$__crt_fast_decode_pointer@PEAP6AXXZ@@YAPEAP6AXXZQEAP6AXXZ@Z 0000000180029110 f i MSVCRTD:utility.obj
 0001:00028160       ??$__crt_fast_encode_pointer@PEAP6AXXZ@@YAPEAP6AXXZQEAP6AXXZ@Z 0000000180029160 f i MSVCRTD:utility.obj
 0001:000281b0       ?__crt_rotate_pointer_value@@YA_K_KH@Z 00000001800291b0 f i MSVCRTD:utility.obj
 0001:00028380       NtCurrentTeb               0000000180029380 f i MSVCRTD:utility.obj
 0001:00028390       __scrt_acquire_startup_lock 0000000180029390 f   MSVCRTD:utility.obj
 0001:00028410       __scrt_dllmain_after_initialize_c 0000000180029410 f   MSVCRTD:utility.obj
 0001:00028440       __scrt_dllmain_before_initialize_c 0000000180029440 f   MSVCRTD:utility.obj
 0001:00028470       __scrt_dllmain_crt_thread_attach 0000000180029470 f   MSVCRTD:utility.obj
 0001:000284b0       __scrt_dllmain_crt_thread_detach 00000001800294b0 f   MSVCRTD:utility.obj
 0001:000284d0       __scrt_dllmain_exception_filter 00000001800294d0 f   MSVCRTD:utility.obj
 0001:00028550       __scrt_dllmain_uninitialize_c 0000000180029550 f   MSVCRTD:utility.obj
 0001:00028590       __scrt_dllmain_uninitialize_critical 0000000180029590 f   MSVCRTD:utility.obj
 0001:000285b0       __scrt_initialize_crt      00000001800295b0 f   MSVCRTD:utility.obj
 0001:00028610       __scrt_initialize_onexit_tables 0000000180029610 f   MSVCRTD:utility.obj
 0001:00028750       __scrt_is_nonwritable_in_current_image 0000000180029750 f   MSVCRTD:utility.obj
 0001:00028800       __scrt_release_startup_lock 0000000180029800 f   MSVCRTD:utility.obj
 0001:00028840       __scrt_uninitialize_crt    0000000180029840 f   MSVCRTD:utility.obj
 0001:00028890       _onexit                    0000000180029890 f   MSVCRTD:utility.obj
 0001:00028940       at_quick_exit              0000000180029940 f   MSVCRTD:utility.obj
 0001:000289b0       atexit                     00000001800299b0 f   MSVCRTD:utility.obj
 0001:000289f0       __security_init_cookie     00000001800299f0 f   MSVCRTD:gs_support.obj
 0001:00028b50       DllMain                    0000000180029b50 f   MSVCRTD:dll_dllmain_stub.obj
 0001:00028ba0       ?__scrt_initialize_type_info@@YAXXZ 0000000180029ba0 f   MSVCRTD:tncleanup.obj
 0001:00028bc0       ?__scrt_uninitialize_type_info@@YAXXZ 0000000180029bc0 f   MSVCRTD:tncleanup.obj
 0001:00028be0       __local_stdio_scanf_options 0000000180029be0 f i MSVCRTD:default_local_stdio_options.obj
 0001:00028bf0       __scrt_initialize_default_local_stdio_options 0000000180029bf0 f   MSVCRTD:default_local_stdio_options.obj
 0001:00028c50       __scrt_get_dyn_tls_init_callback 0000000180029c50 f   MSVCRTD:dyn_tls_init.obj
 0001:00028c60       __crt_debugger_hook        0000000180029c60 f   MSVCRTD:utility_desktop.obj
 0001:00028c80       __scrt_fastfail            0000000180029c80 f   MSVCRTD:utility_desktop.obj
 0001:00028e80       __scrt_get_show_window_mode 0000000180029e80 f   MSVCRTD:utility_desktop.obj
 0001:00028ef0       __scrt_initialize_winrt    0000000180029ef0 f   MSVCRTD:utility_desktop.obj
 0001:00028f00       __scrt_is_managed_app      0000000180029f00 f   MSVCRTD:utility_desktop.obj
 0001:00028fd0       __scrt_set_unhandled_exception_filter 0000000180029fd0 f   MSVCRTD:utility_desktop.obj
 0001:00028ff0       __scrt_unhandled_exception_filter 0000000180029ff0 f   MSVCRTD:utility_desktop.obj
 0001:00029080       _RTC_Initialize            000000018002a080 f   MSVCRTD:_initsect_.obj
 0001:000290e0       _RTC_Terminate             000000018002a0e0 f   MSVCRTD:_initsect_.obj
 0001:00029140       _guard_check_icall         000000018002a140 f i MSVCRTD:checkcfg.obj
 0001:00029160       __isa_available_init       000000018002a160 f   MSVCRTD:_cpu_disp_.obj
 0001:000295c0       __scrt_is_ucrt_dll_in_use  000000018002a5c0 f   MSVCRTD:ucrt_detection.obj
 0001:000295f0       _guard_check_icall_nop     000000018002a5f0 f i MSVCRTD:guard_support.obj
 0001:00029600       _guard_icall_checks_enforced 000000018002a600 f i MSVCRTD:guard_support.obj
 0001:00029640       __GSHandlerCheck           000000018002a640 f   MSVCRTD:_gshandler_.obj
 0001:00029690       __GSHandlerCheckCommon     000000018002a690 f   MSVCRTD:_gshandler_.obj
 0001:000297e0       __security_check_cookie    000000018002a7e0 f   MSVCRTD:_amdsecgs_.obj
 0001:00029810       __raise_securityfailure    000000018002a810 f   MSVCRTD:gs_report.obj
 0001:00029860       __report_gsfailure         000000018002a860 f   MSVCRTD:gs_report.obj
 0001:00029970       __report_rangecheckfailure 000000018002a970 f   MSVCRTD:gs_report.obj
 0001:00029990       __report_securityfailure   000000018002a990 f   MSVCRTD:gs_report.obj
 0001:00029a60       __report_securityfailureEx 000000018002aa60 f   MSVCRTD:gs_report.obj
 0001:00029d5e       memcpy                     000000018002ad5e f   vcruntimed:VCRUNTIME140D.dll
 0001:00029d64       memset                     000000018002ad64 f   vcruntimed:VCRUNTIME140D.dll
 0001:00029d6a       memchr                     000000018002ad6a f   vcruntimed:VCRUNTIME140D.dll
 0001:00029d70       __telemetry_main_invoke_trigger 000000018002ad70 f   vcruntimed:VCRUNTIME140D.dll
 0001:00029d76       __telemetry_main_return_trigger 000000018002ad76 f   vcruntimed:VCRUNTIME140D.dll
 0001:00029d7c       __C_specific_handler       000000018002ad7c f   vcruntimed:VCRUNTIME140D.dll
 0001:00029d82       __std_type_info_destroy_list 000000018002ad82 f   vcruntimed:VCRUNTIME140D.dll
 0001:00029d88       __stdio_common_vsprintf    000000018002ad88 f   ucrtd:ucrtbased.dll
 0001:00029d8e       strlen                     000000018002ad8e f   ucrtd:ucrtbased.dll
 0001:00029d94       free                       000000018002ad94 f   ucrtd:ucrtbased.dll
 0001:00029d9a       malloc                     000000018002ad9a f   ucrtd:ucrtbased.dll
 0001:00029da0       wcstombs                   000000018002ada0 f   ucrtd:ucrtbased.dll
 0001:00029da6       _wopen                     000000018002ada6 f   ucrtd:ucrtbased.dll
 0001:00029dac       _lseeki64                  000000018002adac f   ucrtd:ucrtbased.dll
 0001:00029db2       _open                      000000018002adb2 f   ucrtd:ucrtbased.dll
 0001:00029db8       _errno                     000000018002adb8 f   ucrtd:ucrtbased.dll
 0001:00029dbe       strerror                   000000018002adbe f   ucrtd:ucrtbased.dll
 0001:00029dc4       _close                     000000018002adc4 f   ucrtd:ucrtbased.dll
 0001:00029dca       _read                      000000018002adca f   ucrtd:ucrtbased.dll
 0001:00029dd0       _write                     000000018002add0 f   ucrtd:ucrtbased.dll
 0001:00029dd6       fclose                     000000018002add6 f   ucrtd:ucrtbased.dll
 0001:00029ddc       ferror                     000000018002addc f   ucrtd:ucrtbased.dll
 0001:00029de2       fopen                      000000018002ade2 f   ucrtd:ucrtbased.dll
 0001:00029de8       fread                      000000018002ade8 f   ucrtd:ucrtbased.dll
 0001:00029dee       fseek                      000000018002adee f   ucrtd:ucrtbased.dll
 0001:00029df4       _fseeki64                  000000018002adf4 f   ucrtd:ucrtbased.dll
 0001:00029dfa       ftell                      000000018002adfa f   ucrtd:ucrtbased.dll
 0001:00029e00       _ftelli64                  000000018002ae00 f   ucrtd:ucrtbased.dll
 0001:00029e06       fwrite                     000000018002ae06 f   ucrtd:ucrtbased.dll
 0001:00029e0c       strcmp                     000000018002ae0c f   ucrtd:ucrtbased.dll
 0001:00029e12       srand                      000000018002ae12 f   ucrtd:ucrtbased.dll
 0001:00029e18       rand                       000000018002ae18 f   ucrtd:ucrtbased.dll
 0001:00029e1e       _time64                    000000018002ae1e f   ucrtd:ucrtbased.dll
 0001:00029e24       _initterm                  000000018002ae24 f   ucrtd:ucrtbased.dll
 0001:00029e2a       _initterm_e                000000018002ae2a f   ucrtd:ucrtbased.dll
 0001:00029e30       _seh_filter_dll            000000018002ae30 f   ucrtd:ucrtbased.dll
 0001:00029e36       _initialize_narrow_environment 000000018002ae36 f   ucrtd:ucrtbased.dll
 0001:00029e3c       _initialize_onexit_table   000000018002ae3c f   ucrtd:ucrtbased.dll
 0001:00029e42       _register_onexit_function  000000018002ae42 f   ucrtd:ucrtbased.dll
 0001:00029e48       _execute_onexit_table      000000018002ae48 f   ucrtd:ucrtbased.dll
 0001:00029e4e       _crt_atexit                000000018002ae4e f   ucrtd:ucrtbased.dll
 0001:00029e54       _crt_at_quick_exit         000000018002ae54 f   ucrtd:ucrtbased.dll
 0001:00029e5a       _cexit                     000000018002ae5a f   ucrtd:ucrtbased.dll
 0001:00029e60       terminate                  000000018002ae60 f   ucrtd:ucrtbased.dll
 0001:00029e66       QueryPerformanceCounter    000000018002ae66 f   kernel32:KERNEL32.dll
 0001:00029e6c       GetCurrentProcessId        000000018002ae6c f   kernel32:KERNEL32.dll
 0001:00029e72       GetCurrentThreadId         000000018002ae72 f   kernel32:KERNEL32.dll
 0001:00029e78       GetSystemTimeAsFileTime    000000018002ae78 f   kernel32:KERNEL32.dll
 0001:00029e7e       DisableThreadLibraryCalls  000000018002ae7e f   kernel32:KERNEL32.dll
 0001:00029e84       InitializeSListHead        000000018002ae84 f   kernel32:KERNEL32.dll
 0001:00029e8a       RtlCaptureContext          000000018002ae8a f   kernel32:KERNEL32.dll
 0001:00029e90       RtlLookupFunctionEntry     000000018002ae90 f   kernel32:KERNEL32.dll
 0001:00029e96       RtlVirtualUnwind           000000018002ae96 f   kernel32:KERNEL32.dll
 0001:00029e9c       IsDebuggerPresent          000000018002ae9c f   kernel32:KERNEL32.dll
 0001:00029ea2       UnhandledExceptionFilter   000000018002aea2 f   kernel32:KERNEL32.dll
 0001:00029ea8       SetUnhandledExceptionFilter 000000018002aea8 f   kernel32:KERNEL32.dll
 0001:00029eae       GetStartupInfoW            000000018002aeae f   kernel32:KERNEL32.dll
 0001:00029eb4       IsProcessorFeaturePresent  000000018002aeb4 f   kernel32:KERNEL32.dll
 0001:00029eba       GetModuleHandleW           000000018002aeba f   kernel32:KERNEL32.dll
 0001:00029ec0       GetCurrentProcess          000000018002aec0 f   kernel32:KERNEL32.dll
 0001:00029ec6       TerminateProcess           000000018002aec6 f   kernel32:KERNEL32.dll
 0001:00029ed0       __acrt_initialize          000000018002aed0 f   MSVCRTD:ucrt_stubs.obj
 0001:00029ed0       __vcrt_initialize          000000018002aed0 f   MSVCRTD:ucrt_stubs.obj
 0001:00029ed0       __scrt_stub_for_acrt_initialize 000000018002aed0 f   MSVCRTD:ucrt_stubs.obj
 0001:00029ee0       __vcrt_thread_attach       000000018002aee0 f   MSVCRTD:ucrt_stubs.obj
 0001:00029ee0       __acrt_thread_attach       000000018002aee0 f   MSVCRTD:ucrt_stubs.obj
 0001:00029ee0       __scrt_stub_for_acrt_thread_attach 000000018002aee0 f   MSVCRTD:ucrt_stubs.obj
 0001:00029ef0       __vcrt_thread_detach       000000018002aef0 f   MSVCRTD:ucrt_stubs.obj
 0001:00029ef0       __scrt_stub_for_acrt_thread_detach 000000018002aef0 f   MSVCRTD:ucrt_stubs.obj
 0001:00029ef0       __acrt_thread_detach       000000018002aef0 f   MSVCRTD:ucrt_stubs.obj
 0001:00029f00       __vcrt_uninitialize        000000018002af00 f   MSVCRTD:ucrt_stubs.obj
 0001:00029f00       __scrt_stub_for_acrt_uninitialize 000000018002af00 f   MSVCRTD:ucrt_stubs.obj
 0001:00029f00       __acrt_uninitialize        000000018002af00 f   MSVCRTD:ucrt_stubs.obj
 0001:00029f10       __acrt_uninitialize_critical 000000018002af10 f   MSVCRTD:ucrt_stubs.obj
 0001:00029f10       __scrt_stub_for_acrt_uninitialize_critical 000000018002af10 f   MSVCRTD:ucrt_stubs.obj
 0001:00029f10       __vcrt_uninitialize_critical 000000018002af10 f   MSVCRTD:ucrt_stubs.obj
 0001:00029f20       __scrt_stub_for_is_c_termination_complete 000000018002af20 f   MSVCRTD:ucrt_stubs.obj
 0001:00029f20       _is_c_termination_complete 000000018002af20 f   MSVCRTD:ucrt_stubs.obj
 0001:0002acd0       _guard_dispatch_icall_nop  000000018002bcd0 f   MSVCRTD:_guard_dispatch_.obj
 0002:00000000       __xc_a                     000000018002e000     MSVCRTD:initializers.obj
 0002:00000110       __xc_z                     000000018002e110     MSVCRTD:initializers.obj
 0002:00000220       __xi_a                     000000018002e220     MSVCRTD:initializers.obj
 0002:00000330       __xi_z                     000000018002e330     MSVCRTD:initializers.obj
 0002:00000440       __xp_a                     000000018002e440     MSVCRTD:initializers.obj
 0002:00000550       __xp_z                     000000018002e550     MSVCRTD:initializers.obj
 0002:00000660       __xt_a                     000000018002e660     MSVCRTD:initializers.obj
 0002:00000770       __xt_z                     000000018002e770     MSVCRTD:initializers.obj
 0002:00002ef0       deflate_copyright          0000000180030ef0     deflate.obj
 0002:000044d0       inflate_copyright          00000001800324d0     inftrees.obj
 0002:00004640       _length_code               0000000180032640     trees.obj
 0002:00004740       _dist_code                 0000000180032740     trees.obj
 0002:000052c0       unz_copyright              00000001800332c0     unzip.obj
 0002:00005330       zip_copyright              0000000180033330     zip.obj
 0002:00005390       z_errmsg                   0000000180033390     zutil.obj
 0002:000053f0       _pRawDllMain               00000001800333f0     MSVCRTD:dll_dllmain.obj
 0002:000053f0       _pDefaultRawDllMain        00000001800333f0     MSVCRTD:dll_dllmain.obj
 0002:00005460       _load_config_used          0000000180033460     MSVCRTD:loadcfg.obj
 0002:000057c8       __rtc_iaa                  00000001800337c8     MSVCRTD:_initsect_.obj
 0002:000058d8       __rtc_izz                  00000001800338d8     MSVCRTD:_initsect_.obj
 0002:000059e8       __rtc_taa                  00000001800339e8     MSVCRTD:_initsect_.obj
 0002:00005af8       __rtc_tzz                  0000000180033af8     MSVCRTD:_initsect_.obj
 0003:00000850       __scrt_native_dllmain_reason 0000000180036850     MSVCRTD:utility.obj
 0003:00000858       __isa_available            0000000180036858     MSVCRTD:_cpu_disp_.obj
 0003:0000085c       __isa_enabled              000000018003685c     MSVCRTD:_cpu_disp_.obj
 0003:00000860       __memcpy_nt_iters          0000000180036860     MSVCRTD:_cpu_disp_.obj
 0003:00000870       __security_cookie          0000000180036870     MSVCRTD:gs_cookie.obj
 0003:00000878       __security_cookie_complement 0000000180036878     MSVCRTD:gs_cookie.obj
 0003:00000890       __scrt_ucrt_dll_is_in_use  0000000180036890     MSVCRTD:ucrt_stubs.obj
 0003:000009f0       __scrt_current_native_startup_state 00000001800369f0     MSVCRTD:utility.obj
 0003:000009f8       __scrt_native_startup_lock 00000001800369f8     MSVCRTD:utility.obj
 0003:00000a10       ?__type_info_root_node@@3U__type_info_node@@A 0000000180036a10     MSVCRTD:tncleanup.obj
 0003:00000a28       ?_OptionsStorage@?1??__local_stdio_printf_options@@9@4_KA 0000000180036a28     MSVCRTD:default_local_stdio_options.obj
 0003:00000a38       ?_OptionsStorage@?1??__local_stdio_scanf_options@@9@4_KA 0000000180036a38     MSVCRTD:default_local_stdio_options.obj
 0003:00000a44       __scrt_debugger_hook_flag  0000000180036a44     MSVCRTD:utility_desktop.obj
 0003:00000a48       __favor                    0000000180036a48     MSVCRTD:_cpu_disp_.obj
 0003:000010d8       ?_OptionsStorage@?1??__local_stdio_printf_options@@9@9 00000001800370d8     <common>
 0003:000010f0       __dyn_tls_init_callback    00000001800370f0     <common>
 0005:00000000       __imp_ReadFile             000000018003a000     kernel32:KERNEL32.dll
 0005:00000008       __imp_SetFilePointerEx     000000018003a008     kernel32:KERNEL32.dll
 0005:00000010       __imp_WriteFile            000000018003a010     kernel32:KERNEL32.dll
 0005:00000018       __imp_CreateFile2          000000018003a018     kernel32:KERNEL32.dll
 0005:00000020       __imp_CloseHandle          000000018003a020     kernel32:KERNEL32.dll
 0005:00000028       __imp_GetLastError         000000018003a028     kernel32:KERNEL32.dll
 0005:00000030       __imp_MultiByteToWideChar  000000018003a030     kernel32:KERNEL32.dll
 0005:00000038       __imp_GetCurrentProcess    000000018003a038     kernel32:KERNEL32.dll
 0005:00000040       __imp_GetModuleHandleW     000000018003a040     kernel32:KERNEL32.dll
 0005:00000048       __imp_IsProcessorFeaturePresent 000000018003a048     kernel32:KERNEL32.dll
 0005:00000050       __imp_GetStartupInfoW      000000018003a050     kernel32:KERNEL32.dll
 0005:00000058       __imp_SetUnhandledExceptionFilter 000000018003a058     kernel32:KERNEL32.dll
 0005:00000060       __imp_UnhandledExceptionFilter 000000018003a060     kernel32:KERNEL32.dll
 0005:00000068       __imp_IsDebuggerPresent    000000018003a068     kernel32:KERNEL32.dll
 0005:00000070       __imp_RtlVirtualUnwind     000000018003a070     kernel32:KERNEL32.dll
 0005:00000078       __imp_RtlLookupFunctionEntry 000000018003a078     kernel32:KERNEL32.dll
 0005:00000080       __imp_RtlCaptureContext    000000018003a080     kernel32:KERNEL32.dll
 0005:00000088       __imp_InitializeSListHead  000000018003a088     kernel32:KERNEL32.dll
 0005:00000090       __imp_DisableThreadLibraryCalls 000000018003a090     kernel32:KERNEL32.dll
 0005:00000098       __imp_GetSystemTimeAsFileTime 000000018003a098     kernel32:KERNEL32.dll
 0005:000000a0       __imp_GetCurrentThreadId   000000018003a0a0     kernel32:KERNEL32.dll
 0005:000000a8       __imp_GetCurrentProcessId  000000018003a0a8     kernel32:KERNEL32.dll
 0005:000000b0       __imp_QueryPerformanceCounter 000000018003a0b0     kernel32:KERNEL32.dll
 0005:000000b8       __imp_TerminateProcess     000000018003a0b8     kernel32:KERNEL32.dll
 0005:000000c0       \177KERNEL32_NULL_THUNK_DATA 000000018003a0c0     kernel32:KERNEL32.dll
 0005:00000138       __imp_memcpy               000000018003a138     vcruntimed:VCRUNTIME140D.dll
 0005:00000140       __imp_memchr               000000018003a140     vcruntimed:VCRUNTIME140D.dll
 0005:00000148       __imp___telemetry_main_invoke_trigger 000000018003a148     vcruntimed:VCRUNTIME140D.dll
 0005:00000150       __imp___telemetry_main_return_trigger 000000018003a150     vcruntimed:VCRUNTIME140D.dll
 0005:00000158       __imp___C_specific_handler 000000018003a158     vcruntimed:VCRUNTIME140D.dll
 0005:00000160       __imp___std_type_info_destroy_list 000000018003a160     vcruntimed:VCRUNTIME140D.dll
 0005:00000168       __imp_memset               000000018003a168     vcruntimed:VCRUNTIME140D.dll
 0005:00000170       \177VCRUNTIME140D_NULL_THUNK_DATA 000000018003a170     vcruntimed:VCRUNTIME140D.dll
 0005:000001d0       __imp_fseek                000000018003a1d0     ucrtd:ucrtbased.dll
 0005:000001d8       __imp__fseeki64            000000018003a1d8     ucrtd:ucrtbased.dll
 0005:000001e0       __imp__errno               000000018003a1e0     ucrtd:ucrtbased.dll
 0005:000001e8       __imp__ftelli64            000000018003a1e8     ucrtd:ucrtbased.dll
 0005:000001f0       __imp_fwrite               000000018003a1f0     ucrtd:ucrtbased.dll
 0005:000001f8       __imp_strcmp               000000018003a1f8     ucrtd:ucrtbased.dll
 0005:00000200       __imp_srand                000000018003a200     ucrtd:ucrtbased.dll
 0005:00000208       __imp_rand                 000000018003a208     ucrtd:ucrtbased.dll
 0005:00000210       __imp__time64              000000018003a210     ucrtd:ucrtbased.dll
 0005:00000218       __imp__initterm            000000018003a218     ucrtd:ucrtbased.dll
 0005:00000220       __imp__initterm_e          000000018003a220     ucrtd:ucrtbased.dll
 0005:00000228       __imp__seh_filter_dll      000000018003a228     ucrtd:ucrtbased.dll
 0005:00000230       __imp__initialize_narrow_environment 000000018003a230     ucrtd:ucrtbased.dll
 0005:00000238       __imp__initialize_onexit_table 000000018003a238     ucrtd:ucrtbased.dll
 0005:00000240       __imp_fread                000000018003a240     ucrtd:ucrtbased.dll
 0005:00000248       __imp__execute_onexit_table 000000018003a248     ucrtd:ucrtbased.dll
 0005:00000250       __imp__crt_atexit          000000018003a250     ucrtd:ucrtbased.dll
 0005:00000258       __imp__crt_at_quick_exit   000000018003a258     ucrtd:ucrtbased.dll
 0005:00000260       __imp__cexit               000000018003a260     ucrtd:ucrtbased.dll
 0005:00000268       __imp_terminate            000000018003a268     ucrtd:ucrtbased.dll
 0005:00000270       __imp__open                000000018003a270     ucrtd:ucrtbased.dll
 0005:00000278       __imp__lseeki64            000000018003a278     ucrtd:ucrtbased.dll
 0005:00000280       __imp__wopen               000000018003a280     ucrtd:ucrtbased.dll
 0005:00000288       __imp_wcstombs             000000018003a288     ucrtd:ucrtbased.dll
 0005:00000290       __imp_malloc               000000018003a290     ucrtd:ucrtbased.dll
 0005:00000298       __imp_free                 000000018003a298     ucrtd:ucrtbased.dll
 0005:000002a0       __imp_strlen               000000018003a2a0     ucrtd:ucrtbased.dll
 0005:000002a8       __imp___stdio_common_vsprintf 000000018003a2a8     ucrtd:ucrtbased.dll
 0005:000002b0       __imp_fopen                000000018003a2b0     ucrtd:ucrtbased.dll
 0005:000002b8       __imp_ferror               000000018003a2b8     ucrtd:ucrtbased.dll
 0005:000002c0       __imp_fclose               000000018003a2c0     ucrtd:ucrtbased.dll
 0005:000002c8       __imp__write               000000018003a2c8     ucrtd:ucrtbased.dll
 0005:000002d0       __imp__read                000000018003a2d0     ucrtd:ucrtbased.dll
 0005:000002d8       __imp__close               000000018003a2d8     ucrtd:ucrtbased.dll
 0005:000002e0       __imp__register_onexit_function 000000018003a2e0     ucrtd:ucrtbased.dll
 0005:000002e8       __imp_strerror             000000018003a2e8     ucrtd:ucrtbased.dll
 0005:000002f0       __imp_ftell                000000018003a2f0     ucrtd:ucrtbased.dll
 0005:000002f8       \177ucrtbased_NULL_THUNK_DATA 000000018003a2f8     ucrtd:ucrtbased.dll
 0005:00000388       __IMPORT_DESCRIPTOR_KERNEL32 000000018003a388     kernel32:KERNEL32.dll
 0005:0000039c       __IMPORT_DESCRIPTOR_VCRUNTIME140D 000000018003a39c     vcruntimed:VCRUNTIME140D.dll
 0005:000003b0       __IMPORT_DESCRIPTOR_ucrtbased 000000018003a3b0     ucrtd:ucrtbased.dll
 0005:000003c4       __NULL_IMPORT_DESCRIPTOR   000000018003a3c4     kernel32:KERNEL32.dll
 0007:00000000       __guard_check_icall_fptr   000000018003c000     MSVCRTD:guard_support.obj
 0007:00000010       __guard_dispatch_icall_fptr 000000018003c010     MSVCRTD:guard_support.obj
