 pthreadVC2_debug

 Timestamp is 558c4f15 (Thu Jun 25 21:57:25 2015)

 Preferred load address is 0000000180000000

 Start         Length     Name                   Class
 0001:00000000 0000ed50H .text$mn                CODE
 0001:0000ed50 00001125H .text$x                 CODE
 0002:00000000 00000109H .CRT$XCA                DATA
 0002:00000110 00000109H .CRT$XCZ                DATA
 0002:00000220 00000109H .CRT$XIA                DATA
 0002:00000330 00000109H .CRT$XIAA               DATA
 0002:00000440 00000109H .CRT$XIC                DATA
 0002:00000550 00000109H .CRT$XIZ                DATA
 0002:00000660 00001fbcH .rdata                  DATA
 0002:0000261c 00000199H .rdata$debug            DATA
 0002:000027b8 00000109H .rtc$IAA                DATA
 0002:000028c8 00000109H .rtc$IMZ                DATA
 0002:000029d8 00000109H .rtc$IZZ                DATA
 0002:00002ae8 00000109H .rtc$TAA                DATA
 0002:00002bf8 00000109H .rtc$TMZ                DATA
 0002:00002d08 00000109H .rtc$TZZ                DATA
 0002:00002e18 00000c47H .xdata                  DATA
 0002:00003a60 000012c2H .edata                  DATA
 0003:00000000 000001d2H .data                   DATA
 0003:000001e0 000007f1H .bss                    DATA
 0004:00000000 00000a38H .pdata                  DATA
 0005:00000000 00000458H .idata$5                DATA
 0005:00000458 0000003cH .idata$2                DATA
 0005:00000494 00000014H .idata$3                DATA
 0005:000004a8 00000458H .idata$4                DATA
 0005:00000900 000007abH .idata$6                DATA
 0006:00000000 000001c0H .rsrc$01                DATA
 0006:000001c0 000007acH .rsrc$02                DATA

  Address         Publics by Value              Rva+Base               Lib:Object

 0000:00000000       __guard_fids_count         0000000000000000     <absolute>
 0000:00000000       ___safe_se_handler_table   0000000000000000     <absolute>
 0000:00000000       ___safe_se_handler_count   0000000000000000     <absolute>
 0000:00000000       __guard_flags              0000000000000000     <absolute>
 0000:00000000       __guard_fids_table         0000000000000000     <absolute>
 0000:00000000       __ImageBase                0000000180000000     <linker-defined>
 0001:000005b0       sched_yield                00000001800015b0 f   pthread.obj
 0001:000005e0       sched_get_priority_min     00000001800015e0 f   pthread.obj
 0001:00000630       sched_get_priority_max     0000000180001630 f   pthread.obj
 0001:00000680       sched_setscheduler         0000000180001680 f   pthread.obj
 0001:00000740       sched_getscheduler         0000000180001740 f   pthread.obj
 0001:000007e0       pthread_attr_init          00000001800017e0 f   pthread.obj
 0001:000008a0       pthread_attr_destroy       00000001800018a0 f   pthread.obj
 0001:00000910       pthread_attr_getdetachstate 0000000180001910 f   pthread.obj
 0001:00000970       pthread_attr_getstackaddr  0000000180001970 f   pthread.obj
 0001:000009d0       pthread_attr_getstacksize  00000001800019d0 f   pthread.obj
 0001:00000a30       pthread_attr_setdetachstate 0000000180001a30 f   pthread.obj
 0001:00000aa0       pthread_attr_setstackaddr  0000000180001aa0 f   pthread.obj
 0001:00000b00       pthread_attr_setstacksize  0000000180001b00 f   pthread.obj
 0001:00000b60       pthread_attr_getschedparam 0000000180001b60 f   pthread.obj
 0001:00000bd0       pthread_attr_setschedparam 0000000180001bd0 f   pthread.obj
 0001:00000c70       pthread_attr_setschedpolicy 0000000180001c70 f   pthread.obj
 0001:00000cd0       pthread_attr_getschedpolicy 0000000180001cd0 f   pthread.obj
 0001:00000d40       pthread_attr_setinheritsched 0000000180001d40 f   pthread.obj
 0001:00000db0       pthread_attr_getinheritsched 0000000180001db0 f   pthread.obj
 0001:00000e10       pthread_attr_setscope      0000000180001e10 f   pthread.obj
 0001:00000e80       pthread_attr_getscope      0000000180001e80 f   pthread.obj
 0001:00000eb0       pthread_create             0000000180001eb0 f   pthread.obj
 0001:000011e0       pthread_detach             00000001800021e0 f   pthread.obj
 0001:00001320       pthread_equal              0000000180002320 f   pthread.obj
 0001:00001390       pthread_exit               0000000180002390 f   pthread.obj
 0001:00001400       pthread_join               0000000180002400 f   pthread.obj
 0001:000015c0       pthread_self               00000001800025c0 f   pthread.obj
 0001:000017f0       pthread_cancel             00000001800027f0 f   pthread.obj
 0001:00001a60       pthread_setcancelstate     0000000180002a60 f   pthread.obj
 0001:00001bc0       pthread_setcanceltype      0000000180002bc0 f   pthread.obj
 0001:00001d20       pthread_testcancel         0000000180002d20 f   pthread.obj
 0001:00001e00       pthread_once               0000000180002e00 f   pthread.obj
 0001:00001ef0       ptw32_pop_cleanup          0000000180002ef0 f   pthread.obj
 0001:00001f70       ptw32_push_cleanup         0000000180002f70 f   pthread.obj
 0001:00001ff0       pthread_key_create         0000000180002ff0 f   pthread.obj
 0001:000020c0       pthread_key_delete         00000001800030c0 f   pthread.obj
 0001:00002210       pthread_setspecific        0000000180003210 f   pthread.obj
 0001:00002430       pthread_getspecific        0000000180003430 f   pthread.obj
 0001:000024b0       pthread_mutexattr_init     00000001800034b0 f   pthread.obj
 0001:00002540       pthread_mutexattr_destroy  0000000180003540 f   pthread.obj
 0001:000025c0       pthread_mutexattr_getpshared 00000001800035c0 f   pthread.obj
 0001:00002630       pthread_mutexattr_setpshared 0000000180003630 f   pthread.obj
 0001:000026b0       pthread_mutexattr_settype  00000001800036b0 f   pthread.obj
 0001:00002740       pthread_mutexattr_gettype  0000000180003740 f   pthread.obj
 0001:000027b0       pthread_barrierattr_init   00000001800037b0 f   pthread.obj
 0001:00002830       pthread_barrierattr_destroy 0000000180003830 f   pthread.obj
 0001:000028b0       pthread_barrierattr_getpshared 00000001800038b0 f   pthread.obj
 0001:00002920       pthread_barrierattr_setpshared 0000000180003920 f   pthread.obj
 0001:000029a0       pthread_mutex_init         00000001800039a0 f   pthread.obj
 0001:00002af0       pthread_mutex_destroy      0000000180003af0 f   pthread.obj
 0001:00002c50       pthread_mutex_lock         0000000180003c50 f   pthread.obj
 0001:00002ea0       pthread_mutex_timedlock    0000000180003ea0 f   pthread.obj
 0001:000030d0       pthread_mutex_trylock      00000001800040d0 f   pthread.obj
 0001:00003220       pthread_mutex_unlock       0000000180004220 f   pthread.obj
 0001:00003390       pthread_spin_init          0000000180004390 f   pthread.obj
 0001:00003510       pthread_spin_destroy       0000000180004510 f   pthread.obj
 0001:00003620       pthread_spin_lock          0000000180004620 f   pthread.obj
 0001:00003700       pthread_spin_trylock       0000000180004700 f   pthread.obj
 0001:000037e0       pthread_spin_unlock        00000001800047e0 f   pthread.obj
 0001:000038a0       pthread_barrier_init       00000001800048a0 f   pthread.obj
 0001:00003a00       pthread_barrier_destroy    0000000180004a00 f   pthread.obj
 0001:00003b00       pthread_barrier_wait       0000000180004b00 f   pthread.obj
 0001:00003c30       pthread_condattr_init      0000000180004c30 f   pthread.obj
 0001:00003ca0       pthread_condattr_destroy   0000000180004ca0 f   pthread.obj
 0001:00003d20       pthread_condattr_getpshared 0000000180004d20 f   pthread.obj
 0001:00003d90       pthread_condattr_setpshared 0000000180004d90 f   pthread.obj
 0001:00003e10       pthread_cond_init          0000000180004e10 f   pthread.obj
 0001:00004020       pthread_cond_destroy       0000000180005020 f   pthread.obj
 0001:000042e0       pthread_cond_wait          00000001800052e0 f   pthread.obj
 0001:00004330       pthread_cond_timedwait     0000000180005330 f   pthread.obj
 0001:00004390       pthread_cond_signal        0000000180005390 f   pthread.obj
 0001:000043d0       pthread_cond_broadcast     00000001800053d0 f   pthread.obj
 0001:00004410       pthread_setschedparam      0000000180005410 f   pthread.obj
 0001:000044d0       pthread_getschedparam      00000001800054d0 f   pthread.obj
 0001:00004570       pthread_setconcurrency     0000000180005570 f   pthread.obj
 0001:000045a0       pthread_getconcurrency     00000001800055a0 f   pthread.obj
 0001:000045b0       pthread_rwlock_init        00000001800055b0 f   pthread.obj
 0001:00004720       pthread_rwlock_destroy     0000000180005720 f   pthread.obj
 0001:00004980       pthread_rwlock_tryrdlock   0000000180005980 f   pthread.obj
 0001:00004b00       pthread_rwlock_trywrlock   0000000180005b00 f   pthread.obj
 0001:00004cd0       pthread_rwlock_rdlock      0000000180005cd0 f   pthread.obj
 0001:00004e50       pthread_rwlock_timedrdlock 0000000180005e50 f   pthread.obj
 0001:00005000       pthread_rwlock_wrlock      0000000180006000 f   pthread.obj
 0001:00005200       pthread_rwlock_timedwrlock 0000000180006200 f   pthread.obj
 0001:00005420       pthread_rwlock_unlock      0000000180006420 f   pthread.obj
 0001:00005570       pthread_rwlockattr_init    0000000180006570 f   pthread.obj
 0001:000055f0       pthread_rwlockattr_destroy 00000001800065f0 f   pthread.obj
 0001:00005670       pthread_rwlockattr_getpshared 0000000180006670 f   pthread.obj
 0001:000056e0       pthread_rwlockattr_setpshared 00000001800066e0 f   pthread.obj
 0001:00005760       pthread_kill               0000000180006760 f   pthread.obj
 0001:00005810       pthread_mutexattr_setkind_np 0000000180006810 f   pthread.obj
 0001:00005850       pthread_mutexattr_getkind_np 0000000180006850 f   pthread.obj
 0001:00005890       pthread_delay_np           0000000180006890 f   pthread.obj
 0001:00005a60       pthread_num_processors_np  0000000180006a60 f   pthread.obj
 0001:00005ab0       pthread_win32_process_attach_np 0000000180006ab0 f   pthread.obj
 0001:00005c80       pthread_win32_process_detach_np 0000000180006c80 f   pthread.obj
 0001:00005d70       pthread_win32_thread_attach_np 0000000180006d70 f   pthread.obj
 0001:00005d80       pthread_win32_thread_detach_np 0000000180006d80 f   pthread.obj
 0001:00005e60       pthread_win32_test_features_np 0000000180006e60 f   pthread.obj
 0001:00005eb0       pthread_timechange_handler_np 0000000180006eb0 f   pthread.obj
 0001:00005f70       pthread_getw32threadhandle_np 0000000180006f70 f   pthread.obj
 0001:00005f90       pthread_getw32threadid_np  0000000180006f90 f   pthread.obj
 0001:00005fb0       pthreadCancelableWait      0000000180006fb0 f   pthread.obj
 0001:00005ff0       pthreadCancelableTimedWait 0000000180006ff0 f   pthread.obj
 0001:00006030       ptw32_get_exception_services_code 0000000180007030 f   pthread.obj
 0001:00006040       sem_init                   0000000180007040 f   pthread.obj
 0001:00006190       sem_destroy                0000000180007190 f   pthread.obj
 0001:000062e0       sem_trywait                00000001800072e0 f   pthread.obj
 0001:000063d0       sem_wait                   00000001800073d0 f   pthread.obj
 0001:00006520       sem_timedwait              0000000180007520 f   pthread.obj
 0001:000066d0       sem_post                   00000001800076d0 f   pthread.obj
 0001:00006810       sem_post_multiple          0000000180007810 f   pthread.obj
 0001:00006980       sem_open                   0000000180007980 f   pthread.obj
 0001:000069d0       sem_close                  00000001800079d0 f   pthread.obj
 0001:00006a10       sem_unlink                 0000000180007a10 f   pthread.obj
 0001:00006a50       sem_getvalue               0000000180007a50 f   pthread.obj
 0001:00006b40       ptw32_is_attr              0000000180007b40 f   pthread.obj
 0001:00006ba0       ptw32_cond_check_need_init 0000000180007ba0 f   pthread.obj
 0001:00006c20       ptw32_mutex_check_need_init 0000000180007c20 f   pthread.obj
 0001:00006cf0       ptw32_rwlock_check_need_init 0000000180007cf0 f   pthread.obj
 0001:00006d70       ptw32_spinlock_check_need_init 0000000180007d70 f   pthread.obj
 0001:00006df0       ptw32_RegisterCancelation  0000000180007df0 f   pthread.obj
 0001:00006eb0       ptw32_processInitialize    0000000180007eb0 f   pthread.obj
 0001:00006f70       ptw32_processTerminate     0000000180007f70 f   pthread.obj
 0001:00007090       ptw32_threadDestroy        0000000180008090 f   pthread.obj
 0001:000071a0       ptw32_pop_cleanup_all      00000001800081a0 f   pthread.obj
 0001:000071e0       ptw32_new                  00000001800081e0 f   pthread.obj
 0001:000073c0       ptw32_threadReusePop       00000001800083c0 f   pthread.obj
 0001:000074b0       ptw32_threadReusePush      00000001800084b0 f   pthread.obj
 0001:000075b0       ptw32_getprocessors        00000001800085b0 f   pthread.obj
 0001:00007680       ptw32_setthreadpriority    0000000180008680 f   pthread.obj
 0001:00007780       ptw32_rwlock_cancelwrwait  0000000180008780 f   pthread.obj
 0001:000077f0       ptw32_threadStart          00000001800087f0 f   pthread.obj
 0001:00007970       ptw32_callUserDestroyRoutines 0000000180008970 f   pthread.obj
 0001:00007b60       ptw32_tkAssocCreate        0000000180008b60 f   pthread.obj
 0001:00007c70       ptw32_tkAssocDestroy       0000000180008c70 f   pthread.obj
 0001:00007dc0       ptw32_semwait              0000000180008dc0 f   pthread.obj
 0001:00007ee0       ptw32_relmillisecs         0000000180008ee0 f   pthread.obj
 0001:00008030       ptw32_mcs_lock_acquire     0000000180009030 f   pthread.obj
 0001:000080e0       ptw32_mcs_lock_release     00000001800090e0 f   pthread.obj
 0001:000081a0       ptw32_throw                00000001800091a0 f   pthread.obj
 0001:00008280       ptw32_mcs_flag_set         0000000180009280 f   pthread.obj
 0001:000082e0       ptw32_mcs_flag_wait        00000001800092e0 f   pthread.obj
 0001:00008990       DllMain                    0000000180009990 f   pthread.obj
 0001:0000b058       WSASetLastError            000000018000c058 f   ws2_32:WS2_32.dll
 0001:0000b05e       WSAGetLastError            000000018000c05e f   ws2_32:WS2_32.dll
 0001:0000b064       CloseHandle                000000018000c064 f   kernel32:KERNEL32.dll
 0001:0000b06a       DuplicateHandle            000000018000c06a f   kernel32:KERNEL32.dll
 0001:0000b070       GetLastError               000000018000c070 f   kernel32:KERNEL32.dll
 0001:0000b076       SetLastError               000000018000c076 f   kernel32:KERNEL32.dll
 0001:0000b07c       InitializeCriticalSection  000000018000c07c f   kernel32:KERNEL32.dll
 0001:0000b082       EnterCriticalSection       000000018000c082 f   kernel32:KERNEL32.dll
 0001:0000b088       LeaveCriticalSection       000000018000c088 f   kernel32:KERNEL32.dll
 0001:0000b08e       DeleteCriticalSection      000000018000c08e f   kernel32:KERNEL32.dll
 0001:0000b094       SetEvent                   000000018000c094 f   kernel32:KERNEL32.dll
 0001:0000b09a       ResetEvent                 000000018000c09a f   kernel32:KERNEL32.dll
 0001:0000b0a0       ReleaseSemaphore           000000018000c0a0 f   kernel32:KERNEL32.dll
 0001:0000b0a6       WaitForSingleObject        000000018000c0a6 f   kernel32:KERNEL32.dll
 0001:0000b0ac       CreateEventA               000000018000c0ac f   kernel32:KERNEL32.dll
 0001:0000b0b2       Sleep                      000000018000c0b2 f   kernel32:KERNEL32.dll
 0001:0000b0b8       GetCurrentProcess          000000018000c0b8 f   kernel32:KERNEL32.dll
 0001:0000b0be       GetCurrentProcessId        000000018000c0be f   kernel32:KERNEL32.dll
 0001:0000b0c4       GetCurrentThread           000000018000c0c4 f   kernel32:KERNEL32.dll
 0001:0000b0ca       GetCurrentThreadId         000000018000c0ca f   kernel32:KERNEL32.dll
 0001:0000b0d0       SetThreadPriority          000000018000c0d0 f   kernel32:KERNEL32.dll
 0001:0000b0d6       GetThreadPriority          000000018000c0d6 f   kernel32:KERNEL32.dll
 0001:0000b0dc       SuspendThread              000000018000c0dc f   kernel32:KERNEL32.dll
 0001:0000b0e2       ResumeThread               000000018000c0e2 f   kernel32:KERNEL32.dll
 0001:0000b0e8       TlsAlloc                   000000018000c0e8 f   kernel32:KERNEL32.dll
 0001:0000b0ee       TlsGetValue                000000018000c0ee f   kernel32:KERNEL32.dll
 0001:0000b0f4       TlsSetValue                000000018000c0f4 f   kernel32:KERNEL32.dll
 0001:0000b0fa       TlsFree                    000000018000c0fa f   kernel32:KERNEL32.dll
 0001:0000b100       GetThreadContext           000000018000c100 f   kernel32:KERNEL32.dll
 0001:0000b106       SetThreadContext           000000018000c106 f   kernel32:KERNEL32.dll
 0001:0000b10c       OpenProcess                000000018000c10c f   kernel32:KERNEL32.dll
 0001:0000b112       FreeLibrary                000000018000c112 f   kernel32:KERNEL32.dll
 0001:0000b118       GetProcAddress             000000018000c118 f   kernel32:KERNEL32.dll
 0001:0000b11e       GetProcessAffinityMask     000000018000c11e f   kernel32:KERNEL32.dll
 0001:0000b124       WaitForMultipleObjects     000000018000c124 f   kernel32:KERNEL32.dll
 0001:0000b12a       CreateSemaphoreA           000000018000c12a f   kernel32:KERNEL32.dll
 0001:0000b130       LoadLibraryA               000000018000c130 f   kernel32:KERNEL32.dll
 0001:0000b136       longjmp                    000000018000c136 f   MSVCRTD:MSVCR120D.dll
 0001:0000b13c       _errno                     000000018000c13c f   MSVCRTD:MSVCR120D.dll
 0001:0000b142       memcpy                     000000018000c142 f   MSVCRTD:MSVCR120D.dll
 0001:0000b148       memset                     000000018000c148 f   MSVCRTD:MSVCR120D.dll
 0001:0000b14e       exit                       000000018000c14e f   MSVCRTD:MSVCR120D.dll
 0001:0000b154       calloc                     000000018000c154 f   MSVCRTD:MSVCR120D.dll
 0001:0000b15a       free                       000000018000c15a f   MSVCRTD:MSVCR120D.dll
 0001:0000b160       malloc                     000000018000c160 f   MSVCRTD:MSVCR120D.dll
 0001:0000b166       _beginthreadex             000000018000c166 f   MSVCRTD:MSVCR120D.dll
 0001:0000b16c       _endthreadex               000000018000c16c f   MSVCRTD:MSVCR120D.dll
 0001:0000b172       _ftime64                   000000018000c172 f   MSVCRTD:MSVCR120D.dll
 0001:0000b180       _RTC_AllocaHelper          000000018000c180 f   MSVCRTD:stack.obj
 0001:0000b1c0       _RTC_CheckStackVars        000000018000c1c0 f   MSVCRTD:stack.obj
 0001:0000b250       _RTC_CheckStackVars2       000000018000c250 f   MSVCRTD:stack.obj
 0001:0000b360       _RTC_InitBase              000000018000c360 f   MSVCRTD:init.obj
 0001:0000b3a0       _RTC_Shutdown              000000018000c3a0 f   MSVCRTD:init.obj
 0001:0000b3d0       __GSHandlerCheck           000000018000c3d0 f   MSVCRTD:gshandler.obj
 0001:0000b410       __GSHandlerCheckCommon     000000018000c410 f   MSVCRTD:gshandler.obj
 0001:0000b520       __security_check_cookie    000000018000c520 f   MSVCRTD:amdsecgs.obj
 0001:0000b540       _setjmp                    000000018000c540 f   MSVCRTD:MSVCR120D.dll
 0001:0000b5e0       NtCurrentTeb               000000018000c5e0 f i MSVCRTD:crtdll.obj
 0001:0000b5f0       _CRT_INIT                  000000018000c5f0 f   MSVCRTD:crtdll.obj
 0001:0000b9a0       _DllMainCRTStartup         000000018000c9a0 f   MSVCRTD:crtdll.obj
 0001:0000bc00       ?_RTC_AllocaFailure@@YAXPEAXPEAU_RTC_ALLOCA_NODE@@H@Z 000000018000cc00 f   MSVCRTD:error.obj
 0001:0000bdc0       ?_RTC_Failure@@YAXPEAXH@Z  000000018000cdc0 f   MSVCRTD:error.obj
 0001:0000be10       ?_RTC_StackFailure@@YAXPEAXPEBD@Z 000000018000ce10 f   MSVCRTD:error.obj
 0001:0000c270       _RTC_UninitUse             000000018000d270 f   MSVCRTD:error.obj
 0001:0000c390       ?_RTC_GetErrorFunc@@YAP6AHHPEBDH00ZZPEBX@Z 000000018000d390 f   MSVCRTD:userapi.obj
 0001:0000c3a0       ?_RTC_GetErrorFuncW@@YAP6AHHPEB_WH00ZZPEBX@Z 000000018000d3a0 f   MSVCRTD:userapi.obj
 0001:0000c3b0       _RTC_GetErrDesc            000000018000d3b0 f   MSVCRTD:userapi.obj
 0001:0000c3d0       _RTC_NumErrors             000000018000d3d0 f   MSVCRTD:userapi.obj
 0001:0000c3e0       _RTC_SetErrorFunc          000000018000d3e0 f   MSVCRTD:userapi.obj
 0001:0000c400       _RTC_SetErrorFuncW         000000018000d400 f   MSVCRTD:userapi.obj
 0001:0000c420       _RTC_SetErrorType          000000018000d420 f   MSVCRTD:userapi.obj
 0001:0000c43e       _CRT_RTC_INITW             000000018000d43e f   MSVCRTD:MSVCR120D.dll
 0001:0000c450       __raise_securityfailure    000000018000d450 f   MSVCRTD:gs_report.obj
 0001:0000c4a0       __report_gsfailure         000000018000d4a0 f   MSVCRTD:gs_report.obj
 0001:0000c580       __report_rangecheckfailure 000000018000d580 f   MSVCRTD:gs_report.obj
 0001:0000c5a0       __report_securityfailure   000000018000d5a0 f   MSVCRTD:gs_report.obj
 0001:0000c640       __report_securityfailureEx 000000018000d640 f   MSVCRTD:gs_report.obj
 0001:0000c74e       __CppXcptFilter            000000018000d74e f   MSVCRTD:MSVCR120D.dll
 0001:0000c754       _amsg_exit                 000000018000d754 f   MSVCRTD:MSVCR120D.dll
 0001:0000c75a       _malloc_dbg                000000018000d75a f   MSVCRTD:MSVCR120D.dll
 0001:0000c760       _free_dbg                  000000018000d760 f   MSVCRTD:MSVCR120D.dll
 0001:0000c766       _CrtSetCheckCount          000000018000d766 f   MSVCRTD:MSVCR120D.dll
 0001:0000c770       _FindPESection             000000018000d770 f   MSVCRTD:pesect.obj
 0001:0000c820       _IsNonwritableInCurrentImage 000000018000d820 f   MSVCRTD:pesect.obj
 0001:0000c8b0       _ValidateImageBase         000000018000d8b0 f   MSVCRTD:pesect.obj
 0001:0000c930       __atonexitinit             000000018000d930 f   MSVCRTD:atonexit.obj
 0001:0000ca20       _onexit                    000000018000da20 f   MSVCRTD:atonexit.obj
 0001:0000caf0       atexit                     000000018000daf0 f   MSVCRTD:atonexit.obj
 0001:0000cb30       __security_init_cookie     000000018000db30 f   MSVCRTD:gs_support.obj
 0001:0000cc50       _RTC_Initialize            000000018000dc50 f   MSVCRTD:initsect.obj
 0001:0000cc90       _RTC_Terminate             000000018000dc90 f   MSVCRTD:initsect.obj
 0001:0000ccce       _initterm                  000000018000dcce f   MSVCRTD:MSVCR120D.dll
 0001:0000ccd4       _initterm_e                000000018000dcd4 f   MSVCRTD:MSVCR120D.dll
 0001:0000cce0       __clean_type_info_names    000000018000dce0 f   MSVCRTD:tncleanup.obj
 0001:0000ccf6       __C_specific_handler       000000018000dcf6 f   MSVCRTD:MSVCR120D.dll
 0001:0000d1c0       ?_RTC_GetSrcLine@@YAHPEAEPEA_WKPEAH1K@Z 000000018000e1c0 f   MSVCRTD:pdblkup.obj
 0001:0000d54a       __crt_debugger_hook        000000018000e54a f   MSVCRTD:MSVCR120D.dll
 0001:0000d550       __crtUnhandledException    000000018000e550 f   MSVCRTD:MSVCR120D.dll
 0001:0000d556       __crtTerminateProcess      000000018000e556 f   MSVCRTD:MSVCR120D.dll
 0001:0000d55c       __crtCaptureCurrentContext 000000018000e55c f   MSVCRTD:MSVCR120D.dll
 0001:0000d562       __crtCapturePreviousContext 000000018000e562 f   MSVCRTD:MSVCR120D.dll
 0001:0000d568       _lock                      000000018000e568 f   MSVCRTD:MSVCR120D.dll
 0001:0000d56e       _unlock                    000000018000e56e f   MSVCRTD:MSVCR120D.dll
 0001:0000d574       _CrtDbgReportW             000000018000e574 f   MSVCRTD:MSVCR120D.dll
 0001:0000d57a       _calloc_dbg                000000018000e57a f   MSVCRTD:MSVCR120D.dll
 0001:0000d580       __dllonexit                000000018000e580 f   MSVCRTD:MSVCR120D.dll
 0001:0000d586       __clean_type_info_names_internal 000000018000e586 f   MSVCRTD:MSVCR120D.dll
 0001:0000d58c       wcscpy_s                   000000018000e58c f   MSVCRTD:MSVCR120D.dll
 0001:0000d592       _wmakepath_s               000000018000e592 f   MSVCRTD:MSVCR120D.dll
 0001:0000d598       _wsplitpath_s              000000018000e598 f   MSVCRTD:MSVCR120D.dll
 0001:0000d59e       EncodePointer              000000018000e59e f   kernel32:KERNEL32.dll
 0001:0000d5a4       DecodePointer              000000018000e5a4 f   kernel32:KERNEL32.dll
 0001:0000d5aa       IsDebuggerPresent          000000018000e5aa f   kernel32:KERNEL32.dll
 0001:0000d5b0       RaiseException             000000018000e5b0 f   kernel32:KERNEL32.dll
 0001:0000d5b6       LoadLibraryExW             000000018000e5b6 f   kernel32:KERNEL32.dll
 0001:0000d5bc       MultiByteToWideChar        000000018000e5bc f   kernel32:KERNEL32.dll
 0001:0000d5c2       WideCharToMultiByte        000000018000e5c2 f   kernel32:KERNEL32.dll
 0001:0000d5c8       IsProcessorFeaturePresent  000000018000e5c8 f   kernel32:KERNEL32.dll
 0001:0000d5ce       QueryPerformanceCounter    000000018000e5ce f   kernel32:KERNEL32.dll
 0001:0000d5d4       GetSystemTimeAsFileTime    000000018000e5d4 f   kernel32:KERNEL32.dll
 0001:0000d5da       HeapAlloc                  000000018000e5da f   kernel32:KERNEL32.dll
 0001:0000d5e0       HeapFree                   000000018000e5e0 f   kernel32:KERNEL32.dll
 0001:0000d5e6       GetProcessHeap             000000018000e5e6 f   kernel32:KERNEL32.dll
 0001:0000d5ec       VirtualQuery               000000018000e5ec f   kernel32:KERNEL32.dll
 0001:0000d5f2       GetModuleFileNameW         000000018000e5f2 f   kernel32:KERNEL32.dll
 0001:0000d5f8       GetModuleHandleW           000000018000e5f8 f   kernel32:KERNEL32.dll
 0002:00000000       __xc_a                     0000000180011000     MSVCRTD:cinitexe.obj
 0002:00000110       __xc_z                     0000000180011110     MSVCRTD:cinitexe.obj
 0002:00000220       __xi_a                     0000000180011220     MSVCRTD:cinitexe.obj
 0002:00000550       __xi_z                     0000000180011550     MSVCRTD:cinitexe.obj
 0002:000017f8       _pDefaultRawDllMain        00000001800127f8     MSVCRTD:crtdll.obj
 0002:000017f8       _pRawDllMain               00000001800127f8     MSVCRTD:crtdll.obj
 0002:00001800       ??_C@_0CL@CCAGLLEM@f?3?2dd?2vctools?2crt?2crtw32?2dllstuf@ 0000000180012800     MSVCRTD:crtdll.obj
 0002:000018f0       ??_C@_0NN@NGPKDKPD@The?5value?5of?5ESP?5was?5not?5properl@ 00000001800128f0     MSVCRTD:error.obj
 0002:000019d0       ??_C@_0BBN@GPMLNJCF@A?5cast?5to?5a?5smaller?5data?5type?5ha@ 00000001800129d0     MSVCRTD:error.obj
 0002:00001af0       ??_C@_0BN@FFOINMNJ@Stack?5memory?5was?5corrupted?6?$AN?$AA@ 0000000180012af0     MSVCRTD:error.obj
 0002:00001b10       ??_C@_0DG@HKJMLLLP@A?5local?5variable?5was?5used?5before@ 0000000180012b10     MSVCRTD:error.obj
 0002:00001b48       ??_C@_0CM@NGINOKPC@Stack?5memory?5around?5_alloca?5was?5@ 0000000180012b48     MSVCRTD:error.obj
 0002:00001b78       ??_C@_0BO@GNIAFIKK@Unknown?5Runtime?5Check?5Error?6?$AN?$AA@ 0000000180012b78     MSVCRTD:error.obj
 0002:00001ba0       ??_C@_1GM@OLMCBDMB@?$AAR?$AAu?$AAn?$AAt?$AAi?$AAm?$AAe?$AA?5?$AAC?$AAh?$AAe?$AAc?$AAk?$AA?5?$AAE?$AAr?$AAr?$AAo?$AAr?$AA?4?$AA?6?$AA?$AN?$AA?5?$AAU?$AAn?$AAa?$AAb?$AAl?$AAe?$AA?5?$AAt?$AAo@ 0000000180012ba0     MSVCRTD:error.obj
 0002:00001c10       ??_C@_1EA@NFKNIFJP@?$AAR?$AAu?$AAn?$AA?9?$AAT?$AAi?$AAm?$AAe?$AA?5?$AAC?$AAh?$AAe?$AAc?$AAk?$AA?5?$AAF?$AAa?$AAi?$AAl?$AAu?$AAr?$AAe?$AA?5?$AA?$CD?$AA?$CF?$AAd?$AA?5?$AA?9?$AA?5?$AA?$CF?$AAs?$AA?$AA@ 0000000180012c10     MSVCRTD:error.obj
 0002:00001c50       ??_C@_0BB@PFFGGCJP@Unknown?5Filename?$AA@ 0000000180012c50     MSVCRTD:error.obj
 0002:00001c68       ??_C@_0BE@GNBOBNCK@Unknown?5Module?5Name?$AA@ 0000000180012c68     MSVCRTD:error.obj
 0002:00001c80       ??_C@_0CA@IODNCDPG@Run?9Time?5Check?5Failure?5?$CD?$CFd?5?9?5?$CFs?$AA@ 0000000180012c80     MSVCRTD:error.obj
 0002:00001ca0       ??_C@_0CG@IAFNJNEE@Stack?5corrupted?5near?5unknown?5var@ 0000000180012ca0     MSVCRTD:error.obj
 0002:00001cc8       ??_C@_05MKKEDADM@?$CF?42X?5?$AA@ 0000000180012cc8     MSVCRTD:error.obj
 0002:00001cd0       ??_C@_1BG@OILDLIOJ@?$AAu?$AAs?$AAe?$AAr?$AA3?$AA2?$AA?4?$AAd?$AAl?$AAl?$AA?$AA@ 0000000180012cd0     MSVCRTD:error.obj
 0002:00001ce8       ??_C@_09FOPFMPEJ@wsprintfA?$AA@ 0000000180012ce8     MSVCRTD:error.obj
 0002:00001d00       ??_C@_0EJ@LJKNEOLN@Stack?5area?5around?5_alloca?5memory@ 0000000180012d00     MSVCRTD:error.obj
 0002:00001d50       ??_C@_08OMAHNMHJ@?6Data?3?5?$DM?$AA@ 0000000180012d50     MSVCRTD:error.obj
 0002:00001d60       ??_C@_0CK@DKGBICFE@?6Allocation?5number?5within?5this?5f@ 0000000180012d60     MSVCRTD:error.obj
 0002:00001d90       ??_C@_07DFDJCKFN@?6Size?3?5?$AA@ 0000000180012d90     MSVCRTD:error.obj
 0002:00001d98       ??_C@_0N@MHFFIMFG@?6Address?3?50x?$AA@ 0000000180012d98     MSVCRTD:error.obj
 0002:00001db0       ??_C@_0EI@CLEPFNGI@Stack?5area?5around?5_alloca?5memory@ 0000000180012db0     MSVCRTD:error.obj
 0002:00001df8       ??_C@_0BE@EJFBLEMJ@?$CFs?$CFs?$CFp?$CFs?$CFI64d?$CFs?$CFd?$CFs?$AA@ 0000000180012df8     MSVCRTD:error.obj
 0002:00001e0c       ??_C@_01EEMJAFIK@?6?$AA@   0000000180012e0c     MSVCRTD:error.obj
 0002:00001e10       ??_C@_02LLMPMKNF@?$DO?5?$AA@ 0000000180012e10     MSVCRTD:error.obj
 0002:00001e18       ??_C@_08KJEDNCKC@?$CFs?$CFs?$CFs?$CFs?$AA@ 0000000180012e18     MSVCRTD:error.obj
 0002:00001e28       ??_C@_0DE@OHJBPMBP@A?5variable?5is?5being?5used?5without@ 0000000180012e28     MSVCRTD:error.obj
 0002:00001e88       ??_C@_0BJ@HEGAHDFO@Stack?5pointer?5corruption?$AA@ 0000000180012e88     MSVCRTD:userapi.obj
 0002:00001ea8       ??_C@_0CK@FEGOIOPB@Cast?5to?5smaller?5type?5causing?5los@ 0000000180012ea8     MSVCRTD:userapi.obj
 0002:00001ed8       ??_C@_0BI@CIGMDCBH@Stack?5memory?5corruption?$AA@ 0000000180012ed8     MSVCRTD:userapi.obj
 0002:00001ef0       ??_C@_0CK@CNLNOEPB@Local?5variable?5used?5before?5initi@ 0000000180012ef0     MSVCRTD:userapi.obj
 0002:00001f20       ??_C@_0BP@OGBCLIBO@Stack?5around?5_alloca?5corrupted?$AA@ 0000000180012f20     MSVCRTD:userapi.obj
 0002:00001f50       ??_C@_1MC@KPMPFEII@?$AA?$CI?$AA_?$AA_?$AAo?$AAn?$AAe?$AAx?$AAi?$AAt?$AAb?$AAe?$AAg?$AAi?$AAn?$AA?5?$AA?$CB?$AA?$DN?$AA?5?$AAN?$AAU?$AAL?$AAL?$AA?5?$AA?$CG?$AA?$CG?$AA?5?$AA_?$AA_?$AAo?$AAn?$AAe?$AAx@ 0000000180012f50     MSVCRTD:atonexit.obj
 0002:00002014       ??_C@_15GANGMFKL@?$AA?$CF?$AAs?$AA?$AA@ 0000000180013014     MSVCRTD:atonexit.obj
 0002:00002020       ??_C@_1FK@IGIDCAPD@?$AAf?$AA?3?$AA?2?$AAd?$AAd?$AA?2?$AAv?$AAc?$AAt?$AAo?$AAo?$AAl?$AAs?$AA?2?$AAc?$AAr?$AAt?$AA?2?$AAc?$AAr?$AAt?$AAw?$AA3?$AA2?$AA?2?$AAd?$AAl?$AAl?$AAs?$AAt?$AAu?$AAf@ 0000000180013020     MSVCRTD:atonexit.obj
 0002:00002080       ??_C@_0CN@LMJJPMEG@f?3?2dd?2vctools?2crt?2crtw32?2dllstuf@ 0000000180013080     MSVCRTD:atonexit.obj
 0002:000020b0       ?ProcessDetach@NativeDll@<CrtImplementationDetails>@@0IB 00000001800130b0     MSVCRTD:initsect.obj
 0002:000020b4       ?ProcessAttach@NativeDll@<CrtImplementationDetails>@@0IB 00000001800130b4     MSVCRTD:initsect.obj
 0002:000020b8       ?ThreadAttach@NativeDll@<CrtImplementationDetails>@@0IB 00000001800130b8     MSVCRTD:initsect.obj
 0002:000020bc       ?ThreadDetach@NativeDll@<CrtImplementationDetails>@@0IB 00000001800130bc     MSVCRTD:initsect.obj
 0002:000020c0       ?ProcessVerifier@NativeDll@<CrtImplementationDetails>@@0IB 00000001800130c0     MSVCRTD:initsect.obj
 0002:000020c4       ?value@?$integral_constant@_N$0A@@std@@2_NB 00000001800130c4     MSVCRTD:tncleanup.obj
 0002:000020c5       ?value@?$integral_constant@_N$00@std@@2_NB 00000001800130c5     MSVCRTD:tncleanup.obj
 0002:000020c8       ?LocalIdBitWidth@CrossScopeId@CodeViewInfo@@2IB 00000001800130c8     MSVCRTD:pdblkup.obj
 0002:000020cc       ?IdScopeBitWidth@CrossScopeId@CodeViewInfo@@2IB 00000001800130cc     MSVCRTD:pdblkup.obj
 0002:000020d0       ?StartCrossScopeId@CrossScopeId@CodeViewInfo@@2IB 00000001800130d0     MSVCRTD:pdblkup.obj
 0002:000020d4       ?LocalIdMask@CrossScopeId@CodeViewInfo@@2IB 00000001800130d4     MSVCRTD:pdblkup.obj
 0002:000020d8       ?ScopeIdMask@CrossScopeId@CodeViewInfo@@2IB 00000001800130d8     MSVCRTD:pdblkup.obj
 0002:000020dc       ?MaxLocalId@CrossScopeId@CodeViewInfo@@2IB 00000001800130dc     MSVCRTD:pdblkup.obj
 0002:000020e0       ?MaxScopeId@CrossScopeId@CodeViewInfo@@2IB 00000001800130e0     MSVCRTD:pdblkup.obj
 0002:00002138       ??_C@_1BK@GAEMIDIL@?$AAA?$AAD?$AAV?$AAA?$AAP?$AAI?$AA3?$AA2?$AA?4?$AAD?$AAL?$AAL?$AA?$AA@ 0000000180013138     MSVCRTD:pdblkup.obj
 0002:00002158       ??_C@_0O@COHOBMLB@RegOpenKeyExW?$AA@ 0000000180013158     MSVCRTD:pdblkup.obj
 0002:00002168       ??_C@_0BB@GLNAEDBD@RegQueryValueExW?$AA@ 0000000180013168     MSVCRTD:pdblkup.obj
 0002:00002180       ??_C@_0M@HLOHPNFA@RegCloseKey?$AA@ 0000000180013180     MSVCRTD:pdblkup.obj
 0002:00002190       ??_C@_1HE@HOJOLGOA@?$AAS?$AAO?$AAF?$AAT?$AAW?$AAA?$AAR?$AAE?$AA?2?$AAW?$AAo?$AAw?$AA6?$AA4?$AA3?$AA2?$AAN?$AAo?$AAd?$AAe?$AA?2?$AAM?$AAi?$AAc?$AAr?$AAo?$AAs?$AAo?$AAf?$AAt?$AA?2?$AAV@ 0000000180013190     MSVCRTD:pdblkup.obj
 0002:00002208       ??_C@_1BG@EABPBLLF@?$AAP?$AAr?$AAo?$AAd?$AAu?$AAc?$AAt?$AAD?$AAi?$AAr?$AA?$AA@ 0000000180013208     MSVCRTD:pdblkup.obj
 0002:00002240       ??_C@_1BC@EOIMGOME@?$AAM?$AAS?$AAP?$AAD?$AAB?$AA1?$AA2?$AA0?$AA?$AA@ 0000000180013240     MSVCRTD:pdblkup.obj
 0002:00002258       ??_C@_0BB@KCIACLNC@PDBOpenValidate5?$AA@ 0000000180013258     MSVCRTD:pdblkup.obj
 0002:0000226c       ??_C@_01KDCPPGHE@r?$AA@    000000018001326c     MSVCRTD:pdblkup.obj
 0002:00002270       _load_config_used          0000000180013270     MSVCRTD:loadcfg.obj
 0002:000027b8       __rtc_iaa                  00000001800137b8     MSVCRTD:initsect.obj
 0002:000029d8       __rtc_izz                  00000001800139d8     MSVCRTD:initsect.obj
 0002:00002ae8       __rtc_taa                  0000000180013ae8     MSVCRTD:initsect.obj
 0002:00002d08       __rtc_tzz                  0000000180013d08     MSVCRTD:initsect.obj
 0003:0000002c       ptw32_smp_system           000000018001602c     pthread.obj
 0003:00000070       ptw32_threadReuseTop       0000000180016070     pthread.obj
 0003:00000078       ptw32_threadReuseBottom    0000000180016078     pthread.obj
 0003:000000a0       __security_cookie          00000001800160a0     MSVCRTD:gs_cookie.obj
 0003:000000a8       __security_cookie_complement 00000001800160a8     MSVCRTD:gs_cookie.obj
 0003:000000b0       ?_RTC_ErrorLevels@@3PAHA   00000001800160b0     MSVCRTD:error.obj
 0003:000000c4       __native_dllmain_reason    00000001800160c4     MSVCRTD:natstart.obj
 0003:000001e0       ptw32_interlocked_compare_exchange 00000001800161e0     pthread.obj
 0003:000001e8       ptw32_register_cancelation 00000001800161e8     pthread.obj
 0003:000001f0       ptw32_processInitialized   00000001800161f0     pthread.obj
 0003:000001f4       ptw32_concurrency          00000001800161f4     pthread.obj
 0003:000001f8       ptw32_selfThreadKey        00000001800161f8     pthread.obj
 0003:00000200       ptw32_cleanupKey           0000000180016200     pthread.obj
 0003:00000208       ptw32_cond_list_head       0000000180016208     pthread.obj
 0003:00000210       ptw32_cond_list_tail       0000000180016210     pthread.obj
 0003:00000218       ptw32_features             0000000180016218     pthread.obj
 0003:00000248       ?wsprintffp@@3P6AHPEADPEBDZZEA 0000000180016248     MSVCRTD:error.obj
 0003:000007d8       ?__type_info_root_node@@3U__type_info_node@@A 00000001800167d8     MSVCRTD:tncleanup.obj
 0003:00000800       ptw32_spinlock_test_init_lock 0000000180016800     <common>
 0003:00000860       ptw32_rwlock_test_init_lock 0000000180016860     <common>
 0003:000008a0       ptw32_cond_test_init_lock  00000001800168a0     <common>
 0003:000008e0       ptw32_cond_list_lock       00000001800168e0     <common>
 0003:00000920       ptw32_mutex_test_init_lock 0000000180016920     <common>
 0003:00000960       ptw32_thread_reuse_lock    0000000180016960     <common>
 0003:00000988       __native_startup_lock      0000000180016988     <common>
 0003:0000099c       __native_startup_state     000000018001699c     <common>
 0003:000009a0       __onexitend                00000001800169a0     <common>
 0003:000009b8       __onexitbegin              00000001800169b8     <common>
 0003:000009c0       __dyn_tls_init_callback    00000001800169c0     <common>
 0005:00000000       __imp_GetModuleHandleW     0000000180018000     kernel32:KERNEL32.dll
 0005:00000008       __imp_GetModuleFileNameW   0000000180018008     kernel32:KERNEL32.dll
 0005:00000010       __imp_VirtualQuery         0000000180018010     kernel32:KERNEL32.dll
 0005:00000018       __imp_CloseHandle          0000000180018018     kernel32:KERNEL32.dll
 0005:00000020       __imp_DuplicateHandle      0000000180018020     kernel32:KERNEL32.dll
 0005:00000028       __imp_GetLastError         0000000180018028     kernel32:KERNEL32.dll
 0005:00000030       __imp_SetLastError         0000000180018030     kernel32:KERNEL32.dll
 0005:00000038       __imp_InitializeCriticalSection 0000000180018038     kernel32:KERNEL32.dll
 0005:00000040       __imp_EnterCriticalSection 0000000180018040     kernel32:KERNEL32.dll
 0005:00000048       __imp_LeaveCriticalSection 0000000180018048     kernel32:KERNEL32.dll
 0005:00000050       __imp_DeleteCriticalSection 0000000180018050     kernel32:KERNEL32.dll
 0005:00000058       __imp_SetEvent             0000000180018058     kernel32:KERNEL32.dll
 0005:00000060       __imp_ResetEvent           0000000180018060     kernel32:KERNEL32.dll
 0005:00000068       __imp_ReleaseSemaphore     0000000180018068     kernel32:KERNEL32.dll
 0005:00000070       __imp_WaitForSingleObject  0000000180018070     kernel32:KERNEL32.dll
 0005:00000078       __imp_CreateEventA         0000000180018078     kernel32:KERNEL32.dll
 0005:00000080       __imp_Sleep                0000000180018080     kernel32:KERNEL32.dll
 0005:00000088       __imp_GetCurrentProcess    0000000180018088     kernel32:KERNEL32.dll
 0005:00000090       __imp_GetCurrentProcessId  0000000180018090     kernel32:KERNEL32.dll
 0005:00000098       __imp_GetCurrentThread     0000000180018098     kernel32:KERNEL32.dll
 0005:000000a0       __imp_GetCurrentThreadId   00000001800180a0     kernel32:KERNEL32.dll
 0005:000000a8       __imp_SetThreadPriority    00000001800180a8     kernel32:KERNEL32.dll
 0005:000000b0       __imp_GetThreadPriority    00000001800180b0     kernel32:KERNEL32.dll
 0005:000000b8       __imp_SuspendThread        00000001800180b8     kernel32:KERNEL32.dll
 0005:000000c0       __imp_ResumeThread         00000001800180c0     kernel32:KERNEL32.dll
 0005:000000c8       __imp_TlsAlloc             00000001800180c8     kernel32:KERNEL32.dll
 0005:000000d0       __imp_TlsGetValue          00000001800180d0     kernel32:KERNEL32.dll
 0005:000000d8       __imp_TlsSetValue          00000001800180d8     kernel32:KERNEL32.dll
 0005:000000e0       __imp_TlsFree              00000001800180e0     kernel32:KERNEL32.dll
 0005:000000e8       __imp_GetThreadContext     00000001800180e8     kernel32:KERNEL32.dll
 0005:000000f0       __imp_SetThreadContext     00000001800180f0     kernel32:KERNEL32.dll
 0005:000000f8       __imp_OpenProcess          00000001800180f8     kernel32:KERNEL32.dll
 0005:00000100       __imp_FreeLibrary          0000000180018100     kernel32:KERNEL32.dll
 0005:00000108       __imp_GetProcAddress       0000000180018108     kernel32:KERNEL32.dll
 0005:00000110       __imp_GetProcessAffinityMask 0000000180018110     kernel32:KERNEL32.dll
 0005:00000118       __imp_WaitForMultipleObjects 0000000180018118     kernel32:KERNEL32.dll
 0005:00000120       __imp_CreateSemaphoreA     0000000180018120     kernel32:KERNEL32.dll
 0005:00000128       __imp_LoadLibraryA         0000000180018128     kernel32:KERNEL32.dll
 0005:00000130       __imp_HeapFree             0000000180018130     kernel32:KERNEL32.dll
 0005:00000138       __imp_HeapAlloc            0000000180018138     kernel32:KERNEL32.dll
 0005:00000140       __imp_GetSystemTimeAsFileTime 0000000180018140     kernel32:KERNEL32.dll
 0005:00000148       __imp_QueryPerformanceCounter 0000000180018148     kernel32:KERNEL32.dll
 0005:00000150       __imp_IsProcessorFeaturePresent 0000000180018150     kernel32:KERNEL32.dll
 0005:00000158       __imp_GetProcessHeap       0000000180018158     kernel32:KERNEL32.dll
 0005:00000160       __imp_WideCharToMultiByte  0000000180018160     kernel32:KERNEL32.dll
 0005:00000168       __imp_MultiByteToWideChar  0000000180018168     kernel32:KERNEL32.dll
 0005:00000170       __imp_LoadLibraryExW       0000000180018170     kernel32:KERNEL32.dll
 0005:00000178       __imp_RaiseException       0000000180018178     kernel32:KERNEL32.dll
 0005:00000180       __imp_IsDebuggerPresent    0000000180018180     kernel32:KERNEL32.dll
 0005:00000188       __imp_DecodePointer        0000000180018188     kernel32:KERNEL32.dll
 0005:00000190       __imp_EncodePointer        0000000180018190     kernel32:KERNEL32.dll
 0005:00000198       \177KERNEL32_NULL_THUNK_DATA 0000000180018198     kernel32:KERNEL32.dll
 0005:00000240       __imp___CppXcptFilter      0000000180018240     MSVCRTD:MSVCR120D.dll
 0005:00000248       __imp__amsg_exit           0000000180018248     MSVCRTD:MSVCR120D.dll
 0005:00000250       __imp__malloc_dbg          0000000180018250     MSVCRTD:MSVCR120D.dll
 0005:00000258       __imp__free_dbg            0000000180018258     MSVCRTD:MSVCR120D.dll
 0005:00000260       __imp__CrtSetCheckCount    0000000180018260     MSVCRTD:MSVCR120D.dll
 0005:00000268       __imp__initterm            0000000180018268     MSVCRTD:MSVCR120D.dll
 0005:00000270       __imp__initterm_e          0000000180018270     MSVCRTD:MSVCR120D.dll
 0005:00000278       __imp___C_specific_handler 0000000180018278     MSVCRTD:MSVCR120D.dll
 0005:00000280       __imp___crt_debugger_hook  0000000180018280     MSVCRTD:MSVCR120D.dll
 0005:00000288       __imp___crtUnhandledException 0000000180018288     MSVCRTD:MSVCR120D.dll
 0005:00000290       __imp___crtTerminateProcess 0000000180018290     MSVCRTD:MSVCR120D.dll
 0005:00000298       __imp___crtCaptureCurrentContext 0000000180018298     MSVCRTD:MSVCR120D.dll
 0005:000002a0       __imp___crtCapturePreviousContext 00000001800182a0     MSVCRTD:MSVCR120D.dll
 0005:000002a8       __imp__lock                00000001800182a8     MSVCRTD:MSVCR120D.dll
 0005:000002b0       __imp__unlock              00000001800182b0     MSVCRTD:MSVCR120D.dll
 0005:000002b8       __imp__CrtDbgReportW       00000001800182b8     MSVCRTD:MSVCR120D.dll
 0005:000002c0       __imp__calloc_dbg          00000001800182c0     MSVCRTD:MSVCR120D.dll
 0005:000002c8       __imp___dllonexit          00000001800182c8     MSVCRTD:MSVCR120D.dll
 0005:000002d0       __imp__onexit              00000001800182d0     MSVCRTD:MSVCR120D.dll
 0005:000002d8       __imp___clean_type_info_names_internal 00000001800182d8     MSVCRTD:MSVCR120D.dll
 0005:000002e0       __imp_wcscpy_s             00000001800182e0     MSVCRTD:MSVCR120D.dll
 0005:000002e8       __imp__wmakepath_s         00000001800182e8     MSVCRTD:MSVCR120D.dll
 0005:000002f0       __imp__wsplitpath_s        00000001800182f0     MSVCRTD:MSVCR120D.dll
 0005:000002f8       __imp__CRT_RTC_INITW       00000001800182f8     MSVCRTD:MSVCR120D.dll
 0005:00000300       __imp__setjmp              0000000180018300     MSVCRTD:MSVCR120D.dll
 0005:00000308       __imp__ftime64             0000000180018308     MSVCRTD:MSVCR120D.dll
 0005:00000310       __imp__endthreadex         0000000180018310     MSVCRTD:MSVCR120D.dll
 0005:00000318       __imp__beginthreadex       0000000180018318     MSVCRTD:MSVCR120D.dll
 0005:00000320       __imp_malloc               0000000180018320     MSVCRTD:MSVCR120D.dll
 0005:00000328       __imp_free                 0000000180018328     MSVCRTD:MSVCR120D.dll
 0005:00000330       __imp_exit                 0000000180018330     MSVCRTD:MSVCR120D.dll
 0005:00000338       __imp_memset               0000000180018338     MSVCRTD:MSVCR120D.dll
 0005:00000340       __imp_memcpy               0000000180018340     MSVCRTD:MSVCR120D.dll
 0005:00000348       __imp__errno               0000000180018348     MSVCRTD:MSVCR120D.dll
 0005:00000350       __imp_longjmp              0000000180018350     MSVCRTD:MSVCR120D.dll
 0005:00000358       __imp_calloc               0000000180018358     MSVCRTD:MSVCR120D.dll
 0005:00000360       \177MSVCR120D_NULL_THUNK_DATA 0000000180018360     MSVCRTD:MSVCR120D.dll
 0005:000003f0       __imp_WSAGetLastError      00000001800183f0     ws2_32:WS2_32.dll
 0005:000003f8       __imp_WSASetLastError      00000001800183f8     ws2_32:WS2_32.dll
 0005:00000400       \177WS2_32_NULL_THUNK_DATA 0000000180018400     ws2_32:WS2_32.dll
 0005:00000458       __IMPORT_DESCRIPTOR_WS2_32 0000000180018458     ws2_32:WS2_32.dll
 0005:0000046c       __IMPORT_DESCRIPTOR_KERNEL32 000000018001846c     kernel32:KERNEL32.dll
 0005:00000480       __IMPORT_DESCRIPTOR_MSVCR120D 0000000180018480     MSVCRTD:MSVCR120D.dll
 0005:00000494       __NULL_IMPORT_DESCRIPTOR   0000000180018494     ws2_32:WS2_32.dll
