 pthreadVC2_debug

 Timestamp is 568abb1c (Mon Jan  4 18:34:04 2016)

 Preferred load address is 0000000180000000

 Start         Length     Name                   Class
 0001:00000000 000100b6H .text$mn                CODE
 0001:000100c0 00001016H .text$mn$00             CODE
 0001:000110e0 00001164H .text$x                 CODE
 0002:00000000 00000109H .CRT$XCA                DATA
 0002:00000110 00000109H .CRT$XCZ                DATA
 0002:00000220 00000109H .CRT$XIA                DATA
 0002:00000330 00000109H .CRT$XIZ                DATA
 0002:00000440 00000109H .CRT$XPA                DATA
 0002:00000550 00000109H .CRT$XPZ                DATA
 0002:00000660 00000109H .CRT$XTA                DATA
 0002:00000770 00000109H .CRT$XTZ                DATA
 0002:00000880 00001df8H .rdata                  DATA
 0002:00002678 00000173H .rdata$zzzdbg           DATA
 0002:000027f0 00000109H .rtc$IAA                DATA
 0002:00002900 00000109H .rtc$IMZ                DATA
 0002:00002a10 00000109H .rtc$IZZ                DATA
 0002:00002b20 00000109H .rtc$TAA                DATA
 0002:00002c30 00000109H .rtc$TMZ                DATA
 0002:00002d40 00000109H .rtc$TZZ                DATA
 0002:00002e50 00000ebcH .xdata                  DATA
 0002:00003d10 000012c2H .edata                  DATA
 0003:00000000 000001f9H .data                   DATA
 0003:00000200 00000959H .bss                    DATA
 0004:00000000 00000e7cH .pdata                  DATA
 0005:00000000 000004d8H .idata$5                DATA
 0005:000004d8 00000050H .idata$2                DATA
 0005:00000528 00000014H .idata$3                DATA
 0005:00000540 000004d8H .idata$4                DATA
 0005:00000a18 000008acH .idata$6                DATA
 0006:00000000 0000012aH .gfids$y                DATA
 0007:00000000 0000011bH .00cfg                  DATA
 0008:00000000 000001c0H .rsrc$01                DATA
 0008:000001c0 000007acH .rsrc$02                DATA

  Address         Publics by Value              Rva+Base               Lib:Object

 0000:00000000       ___safe_se_handler_count   0000000000000000     <absolute>
 0000:00000000       __guard_longjmp_table      0000000000000000     <absolute>
 0000:00000000       __guard_iat_table          0000000000000000     <absolute>
 0000:00000000       __guard_longjmp_count      0000000000000000     <absolute>
 0000:00000000       ___safe_se_handler_table   0000000000000000     <absolute>
 0000:00000000       __guard_fids_table         0000000000000000     <absolute>
 0000:00000000       __guard_fids_count         0000000000000000     <absolute>
 0000:00000000       __guard_iat_count          0000000000000000     <absolute>
 0000:00000100       __guard_flags              0000000000000100     <absolute>
 0000:00000000       __ImageBase                0000000180000000     <linker-defined>
 0001:00000940       sched_yield                0000000180001940 f   pthread.obj
 0001:00000970       sched_get_priority_min     0000000180001970 f   pthread.obj
 0001:000009c0       sched_get_priority_max     00000001800019c0 f   pthread.obj
 0001:00000a10       sched_setscheduler         0000000180001a10 f   pthread.obj
 0001:00000ad0       sched_getscheduler         0000000180001ad0 f   pthread.obj
 0001:00000b70       pthread_attr_init          0000000180001b70 f   pthread.obj
 0001:00000c30       pthread_attr_destroy       0000000180001c30 f   pthread.obj
 0001:00000ca0       pthread_attr_getdetachstate 0000000180001ca0 f   pthread.obj
 0001:00000d00       pthread_attr_getstackaddr  0000000180001d00 f   pthread.obj
 0001:00000d60       pthread_attr_getstacksize  0000000180001d60 f   pthread.obj
 0001:00000dc0       pthread_attr_setdetachstate 0000000180001dc0 f   pthread.obj
 0001:00000e30       pthread_attr_setstackaddr  0000000180001e30 f   pthread.obj
 0001:00000e90       pthread_attr_setstacksize  0000000180001e90 f   pthread.obj
 0001:00000ef0       pthread_attr_getschedparam 0000000180001ef0 f   pthread.obj
 0001:00000f60       pthread_attr_setschedparam 0000000180001f60 f   pthread.obj
 0001:00001000       pthread_attr_setschedpolicy 0000000180002000 f   pthread.obj
 0001:00001060       pthread_attr_getschedpolicy 0000000180002060 f   pthread.obj
 0001:000010d0       pthread_attr_setinheritsched 00000001800020d0 f   pthread.obj
 0001:00001140       pthread_attr_getinheritsched 0000000180002140 f   pthread.obj
 0001:000011a0       pthread_attr_setscope      00000001800021a0 f   pthread.obj
 0001:00001210       pthread_attr_getscope      0000000180002210 f   pthread.obj
 0001:00001240       pthread_create             0000000180002240 f   pthread.obj
 0001:00001570       pthread_detach             0000000180002570 f   pthread.obj
 0001:000016b0       pthread_equal              00000001800026b0 f   pthread.obj
 0001:00001720       pthread_exit               0000000180002720 f   pthread.obj
 0001:00001790       pthread_join               0000000180002790 f   pthread.obj
 0001:00001950       pthread_self               0000000180002950 f   pthread.obj
 0001:00001b80       pthread_cancel             0000000180002b80 f   pthread.obj
 0001:00001df0       pthread_setcancelstate     0000000180002df0 f   pthread.obj
 0001:00001f50       pthread_setcanceltype      0000000180002f50 f   pthread.obj
 0001:000020b0       pthread_testcancel         00000001800030b0 f   pthread.obj
 0001:00002190       pthread_once               0000000180003190 f   pthread.obj
 0001:00002280       ptw32_pop_cleanup          0000000180003280 f   pthread.obj
 0001:00002300       ptw32_push_cleanup         0000000180003300 f   pthread.obj
 0001:00002380       pthread_key_create         0000000180003380 f   pthread.obj
 0001:00002450       pthread_key_delete         0000000180003450 f   pthread.obj
 0001:000025a0       pthread_setspecific        00000001800035a0 f   pthread.obj
 0001:000027c0       pthread_getspecific        00000001800037c0 f   pthread.obj
 0001:00002840       pthread_mutexattr_init     0000000180003840 f   pthread.obj
 0001:000028d0       pthread_mutexattr_destroy  00000001800038d0 f   pthread.obj
 0001:00002950       pthread_mutexattr_getpshared 0000000180003950 f   pthread.obj
 0001:000029c0       pthread_mutexattr_setpshared 00000001800039c0 f   pthread.obj
 0001:00002a40       pthread_mutexattr_settype  0000000180003a40 f   pthread.obj
 0001:00002ad0       pthread_mutexattr_gettype  0000000180003ad0 f   pthread.obj
 0001:00002b40       pthread_barrierattr_init   0000000180003b40 f   pthread.obj
 0001:00002bc0       pthread_barrierattr_destroy 0000000180003bc0 f   pthread.obj
 0001:00002c40       pthread_barrierattr_getpshared 0000000180003c40 f   pthread.obj
 0001:00002cb0       pthread_barrierattr_setpshared 0000000180003cb0 f   pthread.obj
 0001:00002d30       pthread_mutex_init         0000000180003d30 f   pthread.obj
 0001:00002e80       pthread_mutex_destroy      0000000180003e80 f   pthread.obj
 0001:00002fe0       pthread_mutex_lock         0000000180003fe0 f   pthread.obj
 0001:00003230       pthread_mutex_timedlock    0000000180004230 f   pthread.obj
 0001:00003460       pthread_mutex_trylock      0000000180004460 f   pthread.obj
 0001:000035b0       pthread_mutex_unlock       00000001800045b0 f   pthread.obj
 0001:00003720       pthread_spin_init          0000000180004720 f   pthread.obj
 0001:000038a0       pthread_spin_destroy       00000001800048a0 f   pthread.obj
 0001:000039b0       pthread_spin_lock          00000001800049b0 f   pthread.obj
 0001:00003a90       pthread_spin_trylock       0000000180004a90 f   pthread.obj
 0001:00003b70       pthread_spin_unlock        0000000180004b70 f   pthread.obj
 0001:00003c30       pthread_barrier_init       0000000180004c30 f   pthread.obj
 0001:00003d90       pthread_barrier_destroy    0000000180004d90 f   pthread.obj
 0001:00003e90       pthread_barrier_wait       0000000180004e90 f   pthread.obj
 0001:00003fc0       pthread_condattr_init      0000000180004fc0 f   pthread.obj
 0001:00004030       pthread_condattr_destroy   0000000180005030 f   pthread.obj
 0001:000040b0       pthread_condattr_getpshared 00000001800050b0 f   pthread.obj
 0001:00004120       pthread_condattr_setpshared 0000000180005120 f   pthread.obj
 0001:000041a0       pthread_cond_init          00000001800051a0 f   pthread.obj
 0001:000043b0       pthread_cond_destroy       00000001800053b0 f   pthread.obj
 0001:00004670       pthread_cond_wait          0000000180005670 f   pthread.obj
 0001:000046c0       pthread_cond_timedwait     00000001800056c0 f   pthread.obj
 0001:00004720       pthread_cond_signal        0000000180005720 f   pthread.obj
 0001:00004760       pthread_cond_broadcast     0000000180005760 f   pthread.obj
 0001:000047a0       pthread_setschedparam      00000001800057a0 f   pthread.obj
 0001:00004860       pthread_getschedparam      0000000180005860 f   pthread.obj
 0001:00004900       pthread_setconcurrency     0000000180005900 f   pthread.obj
 0001:00004930       pthread_getconcurrency     0000000180005930 f   pthread.obj
 0001:00004940       pthread_rwlock_init        0000000180005940 f   pthread.obj
 0001:00004ab0       pthread_rwlock_destroy     0000000180005ab0 f   pthread.obj
 0001:00004d10       pthread_rwlock_tryrdlock   0000000180005d10 f   pthread.obj
 0001:00004e90       pthread_rwlock_trywrlock   0000000180005e90 f   pthread.obj
 0001:00005060       pthread_rwlock_rdlock      0000000180006060 f   pthread.obj
 0001:000051e0       pthread_rwlock_timedrdlock 00000001800061e0 f   pthread.obj
 0001:00005390       pthread_rwlock_wrlock      0000000180006390 f   pthread.obj
 0001:00005590       pthread_rwlock_timedwrlock 0000000180006590 f   pthread.obj
 0001:000057b0       pthread_rwlock_unlock      00000001800067b0 f   pthread.obj
 0001:00005900       pthread_rwlockattr_init    0000000180006900 f   pthread.obj
 0001:00005980       pthread_rwlockattr_destroy 0000000180006980 f   pthread.obj
 0001:00005a00       pthread_rwlockattr_getpshared 0000000180006a00 f   pthread.obj
 0001:00005a70       pthread_rwlockattr_setpshared 0000000180006a70 f   pthread.obj
 0001:00005af0       pthread_kill               0000000180006af0 f   pthread.obj
 0001:00005ba0       pthread_mutexattr_setkind_np 0000000180006ba0 f   pthread.obj
 0001:00005be0       pthread_mutexattr_getkind_np 0000000180006be0 f   pthread.obj
 0001:00005c20       pthread_delay_np           0000000180006c20 f   pthread.obj
 0001:00005df0       pthread_num_processors_np  0000000180006df0 f   pthread.obj
 0001:00005e40       pthread_win32_process_attach_np 0000000180006e40 f   pthread.obj
 0001:00006010       pthread_win32_process_detach_np 0000000180007010 f   pthread.obj
 0001:00006100       pthread_win32_thread_attach_np 0000000180007100 f   pthread.obj
 0001:00006110       pthread_win32_thread_detach_np 0000000180007110 f   pthread.obj
 0001:000061f0       pthread_win32_test_features_np 00000001800071f0 f   pthread.obj
 0001:00006240       pthread_timechange_handler_np 0000000180007240 f   pthread.obj
 0001:00006300       pthread_getw32threadhandle_np 0000000180007300 f   pthread.obj
 0001:00006320       pthread_getw32threadid_np  0000000180007320 f   pthread.obj
 0001:00006340       pthreadCancelableWait      0000000180007340 f   pthread.obj
 0001:00006380       pthreadCancelableTimedWait 0000000180007380 f   pthread.obj
 0001:000063c0       ptw32_get_exception_services_code 00000001800073c0 f   pthread.obj
 0001:000063d0       sem_init                   00000001800073d0 f   pthread.obj
 0001:00006520       sem_destroy                0000000180007520 f   pthread.obj
 0001:00006670       sem_trywait                0000000180007670 f   pthread.obj
 0001:00006760       sem_wait                   0000000180007760 f   pthread.obj
 0001:000068b0       sem_timedwait              00000001800078b0 f   pthread.obj
 0001:00006a60       sem_post                   0000000180007a60 f   pthread.obj
 0001:00006ba0       sem_post_multiple          0000000180007ba0 f   pthread.obj
 0001:00006d10       sem_open                   0000000180007d10 f   pthread.obj
 0001:00006d60       sem_close                  0000000180007d60 f   pthread.obj
 0001:00006da0       sem_unlink                 0000000180007da0 f   pthread.obj
 0001:00006de0       sem_getvalue               0000000180007de0 f   pthread.obj
 0001:00006ed0       ptw32_is_attr              0000000180007ed0 f   pthread.obj
 0001:00006f30       ptw32_cond_check_need_init 0000000180007f30 f   pthread.obj
 0001:00006fb0       ptw32_mutex_check_need_init 0000000180007fb0 f   pthread.obj
 0001:00007080       ptw32_rwlock_check_need_init 0000000180008080 f   pthread.obj
 0001:00007100       ptw32_spinlock_check_need_init 0000000180008100 f   pthread.obj
 0001:00007180       ptw32_RegisterCancelation  0000000180008180 f   pthread.obj
 0001:00007240       ptw32_processInitialize    0000000180008240 f   pthread.obj
 0001:00007300       ptw32_processTerminate     0000000180008300 f   pthread.obj
 0001:00007420       ptw32_threadDestroy        0000000180008420 f   pthread.obj
 0001:00007530       ptw32_pop_cleanup_all      0000000180008530 f   pthread.obj
 0001:00007570       ptw32_new                  0000000180008570 f   pthread.obj
 0001:00007750       ptw32_threadReusePop       0000000180008750 f   pthread.obj
 0001:00007840       ptw32_threadReusePush      0000000180008840 f   pthread.obj
 0001:00007940       ptw32_getprocessors        0000000180008940 f   pthread.obj
 0001:00007a10       ptw32_setthreadpriority    0000000180008a10 f   pthread.obj
 0001:00007b10       ptw32_rwlock_cancelwrwait  0000000180008b10 f   pthread.obj
 0001:00007b80       ptw32_threadStart          0000000180008b80 f   pthread.obj
 0001:00007d00       ptw32_callUserDestroyRoutines 0000000180008d00 f   pthread.obj
 0001:00007ef0       ptw32_tkAssocCreate        0000000180008ef0 f   pthread.obj
 0001:00008000       ptw32_tkAssocDestroy       0000000180009000 f   pthread.obj
 0001:00008150       ptw32_semwait              0000000180009150 f   pthread.obj
 0001:00008270       ptw32_relmillisecs         0000000180009270 f   pthread.obj
 0001:000083c0       ptw32_mcs_lock_acquire     00000001800093c0 f   pthread.obj
 0001:00008470       ptw32_mcs_lock_release     0000000180009470 f   pthread.obj
 0001:00008530       ptw32_throw                0000000180009530 f   pthread.obj
 0001:00008610       ptw32_mcs_flag_set         0000000180009610 f   pthread.obj
 0001:00008670       ptw32_mcs_flag_wait        0000000180009670 f   pthread.obj
 0001:00008d20       DllMain                    0000000180009d20 f   pthread.obj
 0001:0000b3e8       WSASetLastError            000000018000c3e8 f   ws2_32:WS2_32.dll
 0001:0000b3ee       WSAGetLastError            000000018000c3ee f   ws2_32:WS2_32.dll
 0001:0000b3f4       CloseHandle                000000018000c3f4 f   kernel32:KERNEL32.dll
 0001:0000b3fa       DuplicateHandle            000000018000c3fa f   kernel32:KERNEL32.dll
 0001:0000b400       GetLastError               000000018000c400 f   kernel32:KERNEL32.dll
 0001:0000b406       SetLastError               000000018000c406 f   kernel32:KERNEL32.dll
 0001:0000b40c       InitializeCriticalSection  000000018000c40c f   kernel32:KERNEL32.dll
 0001:0000b412       EnterCriticalSection       000000018000c412 f   kernel32:KERNEL32.dll
 0001:0000b418       LeaveCriticalSection       000000018000c418 f   kernel32:KERNEL32.dll
 0001:0000b41e       DeleteCriticalSection      000000018000c41e f   kernel32:KERNEL32.dll
 0001:0000b424       SetEvent                   000000018000c424 f   kernel32:KERNEL32.dll
 0001:0000b42a       ResetEvent                 000000018000c42a f   kernel32:KERNEL32.dll
 0001:0000b430       ReleaseSemaphore           000000018000c430 f   kernel32:KERNEL32.dll
 0001:0000b436       WaitForSingleObject        000000018000c436 f   kernel32:KERNEL32.dll
 0001:0000b43c       CreateEventA               000000018000c43c f   kernel32:KERNEL32.dll
 0001:0000b442       Sleep                      000000018000c442 f   kernel32:KERNEL32.dll
 0001:0000b448       GetCurrentProcess          000000018000c448 f   kernel32:KERNEL32.dll
 0001:0000b44e       GetCurrentProcessId        000000018000c44e f   kernel32:KERNEL32.dll
 0001:0000b454       GetCurrentThread           000000018000c454 f   kernel32:KERNEL32.dll
 0001:0000b45a       GetCurrentThreadId         000000018000c45a f   kernel32:KERNEL32.dll
 0001:0000b460       SetThreadPriority          000000018000c460 f   kernel32:KERNEL32.dll
 0001:0000b466       GetThreadPriority          000000018000c466 f   kernel32:KERNEL32.dll
 0001:0000b46c       SuspendThread              000000018000c46c f   kernel32:KERNEL32.dll
 0001:0000b472       ResumeThread               000000018000c472 f   kernel32:KERNEL32.dll
 0001:0000b478       TlsAlloc                   000000018000c478 f   kernel32:KERNEL32.dll
 0001:0000b47e       TlsGetValue                000000018000c47e f   kernel32:KERNEL32.dll
 0001:0000b484       TlsSetValue                000000018000c484 f   kernel32:KERNEL32.dll
 0001:0000b48a       TlsFree                    000000018000c48a f   kernel32:KERNEL32.dll
 0001:0000b490       GetThreadContext           000000018000c490 f   kernel32:KERNEL32.dll
 0001:0000b496       SetThreadContext           000000018000c496 f   kernel32:KERNEL32.dll
 0001:0000b49c       OpenProcess                000000018000c49c f   kernel32:KERNEL32.dll
 0001:0000b4a2       FreeLibrary                000000018000c4a2 f   kernel32:KERNEL32.dll
 0001:0000b4a8       GetProcAddress             000000018000c4a8 f   kernel32:KERNEL32.dll
 0001:0000b4ae       GetProcessAffinityMask     000000018000c4ae f   kernel32:KERNEL32.dll
 0001:0000b4b4       WaitForMultipleObjects     000000018000c4b4 f   kernel32:KERNEL32.dll
 0001:0000b4ba       CreateSemaphoreA           000000018000c4ba f   kernel32:KERNEL32.dll
 0001:0000b4c0       LoadLibraryA               000000018000c4c0 f   kernel32:KERNEL32.dll
 0001:0000b4d0       _RTC_AllocaHelper          000000018000c4d0 f   MSVCRTD:_stack_.obj
 0001:0000b520       _RTC_CheckStackVars        000000018000c520 f   MSVCRTD:_stack_.obj
 0001:0000b5d0       _RTC_CheckStackVars2       000000018000c5d0 f   MSVCRTD:_stack_.obj
 0001:0000b720       _CRT_RTC_INIT              000000018000c720 f   MSVCRTD:_init_.obj
 0001:0000b730       _CRT_RTC_INITW             000000018000c730 f   MSVCRTD:_init_.obj
 0001:0000b740       _RTC_InitBase              000000018000c740 f   MSVCRTD:_init_.obj
 0001:0000b790       _RTC_Shutdown              000000018000c790 f   MSVCRTD:_init_.obj
 0001:0000b7c0       __GSHandlerCheck           000000018000c7c0 f   MSVCRTD:_gshandler_.obj
 0001:0000b810       __GSHandlerCheckCommon     000000018000c810 f   MSVCRTD:_gshandler_.obj
 0001:0000b960       __security_check_cookie    000000018000c960 f   MSVCRTD:_amdsecgs_.obj
 0001:0000bea0       _CRT_INIT                  000000018000cea0 f   MSVCRTD:dll_dllmain.obj
 0001:0000bee0       _DllMainCRTStartup         000000018000cee0 f   MSVCRTD:dll_dllmain.obj
 0001:0000bf30       ??$__vcrt_va_start_verify_argument_type@QEBD@@YAXXZ 000000018000cf30 f i MSVCRTD:_error_.obj
 0001:0000c010       ?_RTC_AllocaFailure@@YAXPEAXPEAU_RTC_ALLOCA_NODE@@H@Z 000000018000d010 f   MSVCRTD:_error_.obj
 0001:0000c200       ?_RTC_Failure@@YAXPEAXH@Z  000000018000d200 f   MSVCRTD:_error_.obj
 0001:0000c270       ?_RTC_StackFailure@@YAXPEAXPEBD@Z 000000018000d270 f   MSVCRTD:_error_.obj
 0001:0000c800       _RTC_UninitUse             000000018000d800 f   MSVCRTD:_error_.obj
 0001:0000c970       __local_stdio_printf_options 000000018000d970 f i MSVCRTD:_error_.obj
 0001:0000c980       _vsprintf_s_l              000000018000d980 f i MSVCRTD:_error_.obj
 0001:0000ca00       sprintf_s                  000000018000da00 f i MSVCRTD:_error_.obj
 0001:0000ca50       ?_RTC_GetErrorFunc@@YAP6AHHPEBDH00ZZPEBX@Z 000000018000da50 f   MSVCRTD:_userapi_.obj
 0001:0000ca60       ?_RTC_GetErrorFuncW@@YAP6AHHPEB_WH00ZZPEBX@Z 000000018000da60 f   MSVCRTD:_userapi_.obj
 0001:0000ca70       _RTC_GetErrDesc            000000018000da70 f   MSVCRTD:_userapi_.obj
 0001:0000ca90       _RTC_NumErrors             000000018000da90 f   MSVCRTD:_userapi_.obj
 0001:0000caa0       _RTC_SetErrorFunc          000000018000daa0 f   MSVCRTD:_userapi_.obj
 0001:0000cac0       _RTC_SetErrorFuncW         000000018000dac0 f   MSVCRTD:_userapi_.obj
 0001:0000cae0       _RTC_SetErrorType          000000018000dae0 f   MSVCRTD:_userapi_.obj
 0001:0000cb10       __raise_securityfailure    000000018000db10 f   MSVCRTD:gs_report.obj
 0001:0000cb60       __report_gsfailure         000000018000db60 f   MSVCRTD:gs_report.obj
 0001:0000cc70       __report_rangecheckfailure 000000018000dc70 f   MSVCRTD:gs_report.obj
 0001:0000cc90       __report_securityfailure   000000018000dc90 f   MSVCRTD:gs_report.obj
 0001:0000cd60       __report_securityfailureEx 000000018000dd60 f   MSVCRTD:gs_report.obj
 0001:0000d060       ??$__crt_fast_decode_pointer@PEAP6AXXZ@@YAPEAP6AXXZQEAP6AXXZ@Z 000000018000e060 f i MSVCRTD:utility.obj
 0001:0000d0b0       ??$__crt_fast_encode_pointer@PEAP6AXXZ@@YAPEAP6AXXZQEAP6AXXZ@Z 000000018000e0b0 f i MSVCRTD:utility.obj
 0001:0000d100       ?__crt_rotate_pointer_value@@YA_K_KH@Z 000000018000e100 f i MSVCRTD:utility.obj
 0001:0000d2d0       NtCurrentTeb               000000018000e2d0 f i MSVCRTD:utility.obj
 0001:0000d2e0       __scrt_acquire_startup_lock 000000018000e2e0 f   MSVCRTD:utility.obj
 0001:0000d360       __scrt_dllmain_after_initialize_c 000000018000e360 f   MSVCRTD:utility.obj
 0001:0000d390       __scrt_dllmain_before_initialize_c 000000018000e390 f   MSVCRTD:utility.obj
 0001:0000d3c0       __scrt_dllmain_crt_thread_attach 000000018000e3c0 f   MSVCRTD:utility.obj
 0001:0000d400       __scrt_dllmain_crt_thread_detach 000000018000e400 f   MSVCRTD:utility.obj
 0001:0000d420       __scrt_dllmain_exception_filter 000000018000e420 f   MSVCRTD:utility.obj
 0001:0000d4a0       __scrt_dllmain_uninitialize_c 000000018000e4a0 f   MSVCRTD:utility.obj
 0001:0000d4e0       __scrt_dllmain_uninitialize_critical 000000018000e4e0 f   MSVCRTD:utility.obj
 0001:0000d500       __scrt_initialize_crt      000000018000e500 f   MSVCRTD:utility.obj
 0001:0000d560       __scrt_initialize_onexit_tables 000000018000e560 f   MSVCRTD:utility.obj
 0001:0000d6a0       __scrt_is_nonwritable_in_current_image 000000018000e6a0 f   MSVCRTD:utility.obj
 0001:0000d750       __scrt_release_startup_lock 000000018000e750 f   MSVCRTD:utility.obj
 0001:0000d790       __scrt_uninitialize_crt    000000018000e790 f   MSVCRTD:utility.obj
 0001:0000d7e0       _onexit                    000000018000e7e0 f   MSVCRTD:utility.obj
 0001:0000d890       at_quick_exit              000000018000e890 f   MSVCRTD:utility.obj
 0001:0000d900       atexit                     000000018000e900 f   MSVCRTD:utility.obj
 0001:0000d940       __security_init_cookie     000000018000e940 f   MSVCRTD:gs_support.obj
 0001:0000daa0       ?__scrt_initialize_type_info@@YAXXZ 000000018000eaa0 f   MSVCRTD:tncleanup.obj
 0001:0000dac0       ?__scrt_uninitialize_type_info@@YAXXZ 000000018000eac0 f   MSVCRTD:tncleanup.obj
 0001:0000dae0       __local_stdio_scanf_options 000000018000eae0 f i MSVCRTD:default_local_stdio_options.obj
 0001:0000daf0       __scrt_initialize_default_local_stdio_options 000000018000eaf0 f   MSVCRTD:default_local_stdio_options.obj
 0001:0000db50       __scrt_get_dyn_tls_init_callback 000000018000eb50 f   MSVCRTD:dyn_tls_init.obj
 0001:0000db60       __crt_debugger_hook        000000018000eb60 f   MSVCRTD:utility_desktop.obj
 0001:0000db80       __scrt_fastfail            000000018000eb80 f   MSVCRTD:utility_desktop.obj
 0001:0000dd80       __scrt_get_show_window_mode 000000018000ed80 f   MSVCRTD:utility_desktop.obj
 0001:0000ddf0       __scrt_initialize_winrt    000000018000edf0 f   MSVCRTD:utility_desktop.obj
 0001:0000de00       __scrt_is_managed_app      000000018000ee00 f   MSVCRTD:utility_desktop.obj
 0001:0000ded0       __scrt_set_unhandled_exception_filter 000000018000eed0 f   MSVCRTD:utility_desktop.obj
 0001:0000def0       __scrt_unhandled_exception_filter 000000018000eef0 f   MSVCRTD:utility_desktop.obj
 0001:0000df80       _RTC_Initialize            000000018000ef80 f   MSVCRTD:_initsect_.obj
 0001:0000dfe0       _RTC_Terminate             000000018000efe0 f   MSVCRTD:_initsect_.obj
 0001:0000e040       _guard_check_icall         000000018000f040 f i MSVCRTD:checkcfg.obj
 0001:0000e680       ?_RTC_GetSrcLine@@YAHPEAEPEA_WKPEAH1K@Z 000000018000f680 f   MSVCRTD:_pdblkup_.obj
 0001:0000ec30       __isa_available_init       000000018000fc30 f   MSVCRTD:_cpu_disp_.obj
 0001:0000f090       __scrt_is_ucrt_dll_in_use  0000000180010090 f   MSVCRTD:ucrt_detection.obj
 0001:0000f0c0       _guard_check_icall_nop     00000001800100c0 f i MSVCRTD:guard_support.obj
 0001:0000f0d0       _guard_icall_checks_enforced 00000001800100d0 f i MSVCRTD:guard_support.obj
 0001:0000f110       longjmp                    0000000180010110 f   vcruntimed:VCRUNTIME140D.dll
 0001:0000f116       memcpy                     0000000180010116 f   vcruntimed:VCRUNTIME140D.dll
 0001:0000f11c       memset                     000000018001011c f   vcruntimed:VCRUNTIME140D.dll
 0001:0000f122       __intrinsic_setjmp         0000000180010122 f   vcruntimed:VCRUNTIME140D.dll
 0001:0000f122       _setjmp                    0000000180010122 f   vcruntimed:VCRUNTIME140D.dll
 0001:0000f128       __telemetry_main_invoke_trigger 0000000180010128 f   vcruntimed:VCRUNTIME140D.dll
 0001:0000f12e       __telemetry_main_return_trigger 000000018001012e f   vcruntimed:VCRUNTIME140D.dll
 0001:0000f134       __C_specific_handler       0000000180010134 f   vcruntimed:VCRUNTIME140D.dll
 0001:0000f13a       __std_type_info_destroy_list 000000018001013a f   vcruntimed:VCRUNTIME140D.dll
 0001:0000f140       __vcrt_GetModuleFileNameW  0000000180010140 f   vcruntimed:VCRUNTIME140D.dll
 0001:0000f146       __vcrt_GetModuleHandleW    0000000180010146 f   vcruntimed:VCRUNTIME140D.dll
 0001:0000f14c       __vcrt_LoadLibraryExW      000000018001014c f   vcruntimed:VCRUNTIME140D.dll
 0001:0000f152       _errno                     0000000180010152 f   ucrtd:ucrtbased.dll
 0001:0000f158       calloc                     0000000180010158 f   ucrtd:ucrtbased.dll
 0001:0000f15e       free                       000000018001015e f   ucrtd:ucrtbased.dll
 0001:0000f164       malloc                     0000000180010164 f   ucrtd:ucrtbased.dll
 0001:0000f16a       exit                       000000018001016a f   ucrtd:ucrtbased.dll
 0001:0000f170       _beginthreadex             0000000180010170 f   ucrtd:ucrtbased.dll
 0001:0000f176       _endthreadex               0000000180010176 f   ucrtd:ucrtbased.dll
 0001:0000f17c       _ftime64                   000000018001017c f   ucrtd:ucrtbased.dll
 0001:0000f182       _CrtDbgReport              0000000180010182 f   ucrtd:ucrtbased.dll
 0001:0000f188       _CrtDbgReportW             0000000180010188 f   ucrtd:ucrtbased.dll
 0001:0000f18e       _initterm                  000000018001018e f   ucrtd:ucrtbased.dll
 0001:0000f194       _initterm_e                0000000180010194 f   ucrtd:ucrtbased.dll
 0001:0000f19a       __stdio_common_vsprintf_s  000000018001019a f   ucrtd:ucrtbased.dll
 0001:0000f1a0       _seh_filter_dll            00000001800101a0 f   ucrtd:ucrtbased.dll
 0001:0000f1a6       _initialize_narrow_environment 00000001800101a6 f   ucrtd:ucrtbased.dll
 0001:0000f1ac       _initialize_onexit_table   00000001800101ac f   ucrtd:ucrtbased.dll
 0001:0000f1b2       _register_onexit_function  00000001800101b2 f   ucrtd:ucrtbased.dll
 0001:0000f1b8       _execute_onexit_table      00000001800101b8 f   ucrtd:ucrtbased.dll
 0001:0000f1be       _crt_atexit                00000001800101be f   ucrtd:ucrtbased.dll
 0001:0000f1c4       _crt_at_quick_exit         00000001800101c4 f   ucrtd:ucrtbased.dll
 0001:0000f1ca       _cexit                     00000001800101ca f   ucrtd:ucrtbased.dll
 0001:0000f1d0       terminate                  00000001800101d0 f   ucrtd:ucrtbased.dll
 0001:0000f1d6       _wmakepath_s               00000001800101d6 f   ucrtd:ucrtbased.dll
 0001:0000f1dc       _wsplitpath_s              00000001800101dc f   ucrtd:ucrtbased.dll
 0001:0000f1e2       wcscpy_s                   00000001800101e2 f   ucrtd:ucrtbased.dll
 0001:0000f1e8       IsDebuggerPresent          00000001800101e8 f   kernel32:KERNEL32.dll
 0001:0000f1ee       RaiseException             00000001800101ee f   kernel32:KERNEL32.dll
 0001:0000f1f4       MultiByteToWideChar        00000001800101f4 f   kernel32:KERNEL32.dll
 0001:0000f1fa       WideCharToMultiByte        00000001800101fa f   kernel32:KERNEL32.dll
 0001:0000f200       RtlCaptureContext          0000000180010200 f   kernel32:KERNEL32.dll
 0001:0000f206       RtlLookupFunctionEntry     0000000180010206 f   kernel32:KERNEL32.dll
 0001:0000f20c       RtlVirtualUnwind           000000018001020c f   kernel32:KERNEL32.dll
 0001:0000f212       UnhandledExceptionFilter   0000000180010212 f   kernel32:KERNEL32.dll
 0001:0000f218       SetUnhandledExceptionFilter 0000000180010218 f   kernel32:KERNEL32.dll
 0001:0000f21e       TerminateProcess           000000018001021e f   kernel32:KERNEL32.dll
 0001:0000f224       IsProcessorFeaturePresent  0000000180010224 f   kernel32:KERNEL32.dll
 0001:0000f22a       QueryPerformanceCounter    000000018001022a f   kernel32:KERNEL32.dll
 0001:0000f230       GetSystemTimeAsFileTime    0000000180010230 f   kernel32:KERNEL32.dll
 0001:0000f236       InitializeSListHead        0000000180010236 f   kernel32:KERNEL32.dll
 0001:0000f23c       GetStartupInfoW            000000018001023c f   kernel32:KERNEL32.dll
 0001:0000f242       GetModuleHandleW           0000000180010242 f   kernel32:KERNEL32.dll
 0001:0000f248       HeapAlloc                  0000000180010248 f   kernel32:KERNEL32.dll
 0001:0000f24e       HeapFree                   000000018001024e f   kernel32:KERNEL32.dll
 0001:0000f254       GetProcessHeap             0000000180010254 f   kernel32:KERNEL32.dll
 0001:0000f25a       VirtualQuery               000000018001025a f   kernel32:KERNEL32.dll
 0001:0000f260       __acrt_initialize          0000000180010260 f   MSVCRTD:ucrt_stubs.obj
 0001:0000f260       __scrt_stub_for_acrt_initialize 0000000180010260 f   MSVCRTD:ucrt_stubs.obj
 0001:0000f260       __vcrt_initialize          0000000180010260 f   MSVCRTD:ucrt_stubs.obj
 0001:0000f270       __acrt_thread_attach       0000000180010270 f   MSVCRTD:ucrt_stubs.obj
 0001:0000f270       __scrt_stub_for_acrt_thread_attach 0000000180010270 f   MSVCRTD:ucrt_stubs.obj
 0001:0000f270       __vcrt_thread_attach       0000000180010270 f   MSVCRTD:ucrt_stubs.obj
 0001:0000f280       __vcrt_thread_detach       0000000180010280 f   MSVCRTD:ucrt_stubs.obj
 0001:0000f280       __acrt_thread_detach       0000000180010280 f   MSVCRTD:ucrt_stubs.obj
 0001:0000f280       __scrt_stub_for_acrt_thread_detach 0000000180010280 f   MSVCRTD:ucrt_stubs.obj
 0001:0000f290       __scrt_stub_for_acrt_uninitialize 0000000180010290 f   MSVCRTD:ucrt_stubs.obj
 0001:0000f290       __acrt_uninitialize        0000000180010290 f   MSVCRTD:ucrt_stubs.obj
 0001:0000f290       __vcrt_uninitialize        0000000180010290 f   MSVCRTD:ucrt_stubs.obj
 0001:0000f2a0       __scrt_stub_for_acrt_uninitialize_critical 00000001800102a0 f   MSVCRTD:ucrt_stubs.obj
 0001:0000f2a0       __vcrt_uninitialize_critical 00000001800102a0 f   MSVCRTD:ucrt_stubs.obj
 0001:0000f2a0       __acrt_uninitialize_critical 00000001800102a0 f   MSVCRTD:ucrt_stubs.obj
 0001:0000f2b0       _is_c_termination_complete 00000001800102b0 f   MSVCRTD:ucrt_stubs.obj
 0001:0000f2b0       __scrt_stub_for_is_c_termination_complete 00000001800102b0 f   MSVCRTD:ucrt_stubs.obj
 0001:000100d0       _guard_dispatch_icall_nop  00000001800110d0 f   MSVCRTD:_guard_dispatch_.obj
 0002:00000000       __xc_a                     0000000180014000     MSVCRTD:initializers.obj
 0002:00000110       __xc_z                     0000000180014110     MSVCRTD:initializers.obj
 0002:00000220       __xi_a                     0000000180014220     MSVCRTD:initializers.obj
 0002:00000330       __xi_z                     0000000180014330     MSVCRTD:initializers.obj
 0002:00000440       __xp_a                     0000000180014440     MSVCRTD:initializers.obj
 0002:00000550       __xp_z                     0000000180014550     MSVCRTD:initializers.obj
 0002:00000660       __xt_a                     0000000180014660     MSVCRTD:initializers.obj
 0002:00000770       __xt_z                     0000000180014770     MSVCRTD:initializers.obj
 0002:000019d8       _pDefaultRawDllMain        00000001800159d8     MSVCRTD:dll_dllmain.obj
 0002:000019d8       _pRawDllMain               00000001800159d8     MSVCRTD:dll_dllmain.obj
 0002:00001ad0       ??_C@_0NN@NGPKDKPD@The?5value?5of?5ESP?5was?5not?5properl@ 0000000180015ad0     MSVCRTD:_error_.obj
 0002:00001be0       ??_C@_0BBN@GPMLNJCF@A?5cast?5to?5a?5smaller?5data?5type?5ha@ 0000000180015be0     MSVCRTD:_error_.obj
 0002:00001d38       ??_C@_0BN@FFOINMNJ@Stack?5memory?5was?5corrupted?6?$AN?$AA@ 0000000180015d38     MSVCRTD:_error_.obj
 0002:00001d60       ??_C@_0DG@HKJMLLLP@A?5local?5variable?5was?5used?5before@ 0000000180015d60     MSVCRTD:_error_.obj
 0002:00001da0       ??_C@_0CM@NGINOKPC@Stack?5memory?5around?5_alloca?5was?5@ 0000000180015da0     MSVCRTD:_error_.obj
 0002:00001dd8       ??_C@_0BO@GNIAFIKK@Unknown?5Runtime?5Check?5Error?6?$AN?$AA@ 0000000180015dd8     MSVCRTD:_error_.obj
 0002:00001e00       ??_C@_1GM@OLMCBDMB@?$AAR?$AAu?$AAn?$AAt?$AAi?$AAm?$AAe?$AA?5?$AAC?$AAh?$AAe?$AAc?$AAk?$AA?5?$AAE?$AAr?$AAr?$AAo?$AAr?$AA?4?$AA?6?$AA?$AN?$AA?5?$AAU?$AAn?$AAa?$AAb?$AAl?$AAe?$AA?5?$AAt?$AAo@ 0000000180015e00     MSVCRTD:_error_.obj
 0002:00001e90       ??_C@_1EA@NFKNIFJP@?$AAR?$AAu?$AAn?$AA?9?$AAT?$AAi?$AAm?$AAe?$AA?5?$AAC?$AAh?$AAe?$AAc?$AAk?$AA?5?$AAF?$AAa?$AAi?$AAl?$AAu?$AAr?$AAe?$AA?5?$AA?$CD?$AA?$CF?$AAd?$AA?5?$AA?9?$AA?5?$AA?$CF?$AAs?$AA?$AA@ 0000000180015e90     MSVCRTD:_error_.obj
 0002:00001ee0       ??_C@_0BB@PFFGGCJP@Unknown?5Filename?$AA@ 0000000180015ee0     MSVCRTD:_error_.obj
 0002:00001ef8       ??_C@_0BE@GNBOBNCK@Unknown?5Module?5Name?$AA@ 0000000180015ef8     MSVCRTD:_error_.obj
 0002:00001f10       ??_C@_0CA@IODNCDPG@Run?9Time?5Check?5Failure?5?$CD?$CFd?5?9?5?$CFs?$AA@ 0000000180015f10     MSVCRTD:_error_.obj
 0002:00001f38       ??_C@_0CG@IAFNJNEE@Stack?5corrupted?5near?5unknown?5var@ 0000000180015f38     MSVCRTD:_error_.obj
 0002:00001f68       ??_C@_05MKKEDADM@?$CF?42X?5?$AA@ 0000000180015f68     MSVCRTD:_error_.obj
 0002:00001f70       ??_C@_0EJ@LJKNEOLN@Stack?5area?5around?5_alloca?5memory@ 0000000180015f70     MSVCRTD:_error_.obj
 0002:00001fc8       ??_C@_08OMAHNMHJ@?6Data?3?5?$DM?$AA@ 0000000180015fc8     MSVCRTD:_error_.obj
 0002:00001fd8       ??_C@_0CK@DKGBICFE@?6Allocation?5number?5within?5this?5f@ 0000000180015fd8     MSVCRTD:_error_.obj
 0002:00002010       ??_C@_07DFDJCKFN@?6Size?3?5?$AA@ 0000000180016010     MSVCRTD:_error_.obj
 0002:00002020       ??_C@_0N@MHFFIMFG@?6Address?3?50x?$AA@ 0000000180016020     MSVCRTD:_error_.obj
 0002:00002030       ??_C@_0EI@CLEPFNGI@Stack?5area?5around?5_alloca?5memory@ 0000000180016030     MSVCRTD:_error_.obj
 0002:00002088       ??_C@_0BC@HHMKLAND@?$CFs?$CFs?$CFp?$CFs?$CFzd?$CFs?$CFd?$CFs?$AA@ 0000000180016088     MSVCRTD:_error_.obj
 0002:000020a0       ??_C@_01EEMJAFIK@?6?$AA@   00000001800160a0     MSVCRTD:_error_.obj
 0002:000020a4       ??_C@_02LLMPMKNF@?$DO?5?$AA@ 00000001800160a4     MSVCRTD:_error_.obj
 0002:000020a8       ??_C@_08KJEDNCKC@?$CFs?$CFs?$CFs?$CFs?$AA@ 00000001800160a8     MSVCRTD:_error_.obj
 0002:000020b8       ??_C@_0DE@OHJBPMBP@A?5variable?5is?5being?5used?5without@ 00000001800160b8     MSVCRTD:_error_.obj
 0002:00002128       ??_C@_0BJ@HEGAHDFO@Stack?5pointer?5corruption?$AA@ 0000000180016128     MSVCRTD:_userapi_.obj
 0002:00002148       ??_C@_0CK@FEGOIOPB@Cast?5to?5smaller?5type?5causing?5los@ 0000000180016148     MSVCRTD:_userapi_.obj
 0002:00002180       ??_C@_0BI@CIGMDCBH@Stack?5memory?5corruption?$AA@ 0000000180016180     MSVCRTD:_userapi_.obj
 0002:000021a0       ??_C@_0CK@CNLNOEPB@Local?5variable?5used?5before?5initi@ 00000001800161a0     MSVCRTD:_userapi_.obj
 0002:000021d8       ??_C@_0BP@OGBCLIBO@Stack?5around?5_alloca?5corrupted?$AA@ 00000001800161d8     MSVCRTD:_userapi_.obj
 0002:00002280       ??_C@_1EI@MLPKHBGE@?$AAa?$AAp?$AAi?$AA?9?$AAm?$AAs?$AA?9?$AAw?$AAi?$AAn?$AA?9?$AAc?$AAo?$AAr?$AAe?$AA?9?$AAr?$AAe?$AAg?$AAi?$AAs?$AAt?$AAr?$AAy?$AA?9?$AAl?$AA1?$AA?9?$AA1?$AA?9?$AA0?$AA?4@ 0000000180016280     MSVCRTD:_pdblkup_.obj
 0002:000022d8       ??_C@_1BK@JHLNAEJL@?$AAa?$AAd?$AAv?$AAa?$AAp?$AAi?$AA3?$AA2?$AA?4?$AAd?$AAl?$AAl?$AA?$AA@ 00000001800162d8     MSVCRTD:_pdblkup_.obj
 0002:000022f8       ??_C@_0O@COHOBMLB@RegOpenKeyExW?$AA@ 00000001800162f8     MSVCRTD:_pdblkup_.obj
 0002:00002308       ??_C@_0BB@GLNAEDBD@RegQueryValueExW?$AA@ 0000000180016308     MSVCRTD:_pdblkup_.obj
 0002:00002320       ??_C@_0M@HLOHPNFA@RegCloseKey?$AA@ 0000000180016320     MSVCRTD:_pdblkup_.obj
 0002:00002330       ??_C@_1HE@EBEAGLFB@?$AAS?$AAO?$AAF?$AAT?$AAW?$AAA?$AAR?$AAE?$AA?2?$AAW?$AAo?$AAw?$AA6?$AA4?$AA3?$AA2?$AAN?$AAo?$AAd?$AAe?$AA?2?$AAM?$AAi?$AAc?$AAr?$AAo?$AAs?$AAo?$AAf?$AAt?$AA?2?$AAV@ 0000000180016330     MSVCRTD:_pdblkup_.obj
 0002:000023c0       ??_C@_1BG@EABPBLLF@?$AAP?$AAr?$AAo?$AAd?$AAu?$AAc?$AAt?$AAD?$AAi?$AAr?$AA?$AA@ 00000001800163c0     MSVCRTD:_pdblkup_.obj
 0002:00002408       ??_C@_1BC@JINFINNJ@?$AAM?$AAS?$AAP?$AAD?$AAB?$AA1?$AA4?$AA0?$AA?$AA@ 0000000180016408     MSVCRTD:_pdblkup_.obj
 0002:00002420       ??_C@_0BB@KCIACLNC@PDBOpenValidate5?$AA@ 0000000180016420     MSVCRTD:_pdblkup_.obj
 0002:00002434       ??_C@_01KDCPPGHE@r?$AA@    0000000180016434     MSVCRTD:_pdblkup_.obj
 0002:00002480       _load_config_used          0000000180016480     MSVCRTD:loadcfg.obj
 0002:000027f0       __rtc_iaa                  00000001800167f0     MSVCRTD:_initsect_.obj
 0002:00002a10       __rtc_izz                  0000000180016a10     MSVCRTD:_initsect_.obj
 0002:00002b20       __rtc_taa                  0000000180016b20     MSVCRTD:_initsect_.obj
 0002:00002d40       __rtc_tzz                  0000000180016d40     MSVCRTD:_initsect_.obj
 0003:00000020       ptw32_threadReuseTop       0000000180019020     pthread.obj
 0003:00000028       ptw32_threadReuseBottom    0000000180019028     pthread.obj
 0003:00000030       ptw32_smp_system           0000000180019030     pthread.obj
 0003:000000a0       __security_cookie          00000001800190a0     MSVCRTD:gs_cookie.obj
 0003:000000a8       __security_cookie_complement 00000001800190a8     MSVCRTD:gs_cookie.obj
 0003:000000b8       ?_RTC_ErrorLevels@@3PAHA   00000001800190b8     MSVCRTD:_error_.obj
 0003:000000d0       __scrt_native_dllmain_reason 00000001800190d0     MSVCRTD:utility.obj
 0003:000000d8       __isa_available            00000001800190d8     MSVCRTD:_cpu_disp_.obj
 0003:000000dc       __isa_enabled              00000001800190dc     MSVCRTD:_cpu_disp_.obj
 0003:000000e0       __memcpy_nt_iters          00000001800190e0     MSVCRTD:_cpu_disp_.obj
 0003:000000f0       __scrt_ucrt_dll_is_in_use  00000001800190f0     MSVCRTD:ucrt_stubs.obj
 0003:00000200       ptw32_interlocked_compare_exchange 0000000180019200     pthread.obj
 0003:00000208       ptw32_register_cancelation 0000000180019208     pthread.obj
 0003:00000210       ptw32_processInitialized   0000000180019210     pthread.obj
 0003:00000214       ptw32_concurrency          0000000180019214     pthread.obj
 0003:00000218       ptw32_selfThreadKey        0000000180019218     pthread.obj
 0003:00000220       ptw32_cleanupKey           0000000180019220     pthread.obj
 0003:00000228       ptw32_cond_list_head       0000000180019228     pthread.obj
 0003:00000230       ptw32_cond_list_tail       0000000180019230     pthread.obj
 0003:00000238       ptw32_features             0000000180019238     pthread.obj
 0003:00000268       ?_OptionsStorage@?1??__local_stdio_printf_options@@9@4_KA 0000000180019268     MSVCRTD:_error_.obj
 0003:00000948       __scrt_current_native_startup_state 0000000180019948     MSVCRTD:utility.obj
 0003:00000950       __scrt_native_startup_lock 0000000180019950     MSVCRTD:utility.obj
 0003:00000970       ?__type_info_root_node@@3U__type_info_node@@A 0000000180019970     MSVCRTD:tncleanup.obj
 0003:00000988       ?_OptionsStorage@?1??__local_stdio_scanf_options@@9@4_KA 0000000180019988     MSVCRTD:default_local_stdio_options.obj
 0003:00000994       __scrt_debugger_hook_flag  0000000180019994     MSVCRTD:utility_desktop.obj
 0003:000009a4       __favor                    00000001800199a4     MSVCRTD:_cpu_disp_.obj
 0003:000009c0       ptw32_spinlock_test_init_lock 00000001800199c0     <common>
 0003:00000a20       ptw32_rwlock_test_init_lock 0000000180019a20     <common>
 0003:00000a60       ptw32_cond_test_init_lock  0000000180019a60     <common>
 0003:00000aa0       ptw32_cond_list_lock       0000000180019aa0     <common>
 0003:00000ae0       ptw32_mutex_test_init_lock 0000000180019ae0     <common>
 0003:00000b20       ptw32_thread_reuse_lock    0000000180019b20     <common>
 0003:00000b48       __dyn_tls_init_callback    0000000180019b48     <common>
 0005:00000000       __imp_VirtualQuery         000000018001b000     kernel32:KERNEL32.dll
 0005:00000008       __imp_GetProcessHeap       000000018001b008     kernel32:KERNEL32.dll
 0005:00000010       __imp_HeapFree             000000018001b010     kernel32:KERNEL32.dll
 0005:00000018       __imp_CloseHandle          000000018001b018     kernel32:KERNEL32.dll
 0005:00000020       __imp_DuplicateHandle      000000018001b020     kernel32:KERNEL32.dll
 0005:00000028       __imp_GetLastError         000000018001b028     kernel32:KERNEL32.dll
 0005:00000030       __imp_SetLastError         000000018001b030     kernel32:KERNEL32.dll
 0005:00000038       __imp_InitializeCriticalSection 000000018001b038     kernel32:KERNEL32.dll
 0005:00000040       __imp_EnterCriticalSection 000000018001b040     kernel32:KERNEL32.dll
 0005:00000048       __imp_LeaveCriticalSection 000000018001b048     kernel32:KERNEL32.dll
 0005:00000050       __imp_DeleteCriticalSection 000000018001b050     kernel32:KERNEL32.dll
 0005:00000058       __imp_SetEvent             000000018001b058     kernel32:KERNEL32.dll
 0005:00000060       __imp_ResetEvent           000000018001b060     kernel32:KERNEL32.dll
 0005:00000068       __imp_ReleaseSemaphore     000000018001b068     kernel32:KERNEL32.dll
 0005:00000070       __imp_WaitForSingleObject  000000018001b070     kernel32:KERNEL32.dll
 0005:00000078       __imp_CreateEventA         000000018001b078     kernel32:KERNEL32.dll
 0005:00000080       __imp_Sleep                000000018001b080     kernel32:KERNEL32.dll
 0005:00000088       __imp_GetCurrentProcess    000000018001b088     kernel32:KERNEL32.dll
 0005:00000090       __imp_GetCurrentProcessId  000000018001b090     kernel32:KERNEL32.dll
 0005:00000098       __imp_GetCurrentThread     000000018001b098     kernel32:KERNEL32.dll
 0005:000000a0       __imp_GetCurrentThreadId   000000018001b0a0     kernel32:KERNEL32.dll
 0005:000000a8       __imp_SetThreadPriority    000000018001b0a8     kernel32:KERNEL32.dll
 0005:000000b0       __imp_GetThreadPriority    000000018001b0b0     kernel32:KERNEL32.dll
 0005:000000b8       __imp_SuspendThread        000000018001b0b8     kernel32:KERNEL32.dll
 0005:000000c0       __imp_ResumeThread         000000018001b0c0     kernel32:KERNEL32.dll
 0005:000000c8       __imp_TlsAlloc             000000018001b0c8     kernel32:KERNEL32.dll
 0005:000000d0       __imp_TlsGetValue          000000018001b0d0     kernel32:KERNEL32.dll
 0005:000000d8       __imp_TlsSetValue          000000018001b0d8     kernel32:KERNEL32.dll
 0005:000000e0       __imp_TlsFree              000000018001b0e0     kernel32:KERNEL32.dll
 0005:000000e8       __imp_GetThreadContext     000000018001b0e8     kernel32:KERNEL32.dll
 0005:000000f0       __imp_SetThreadContext     000000018001b0f0     kernel32:KERNEL32.dll
 0005:000000f8       __imp_OpenProcess          000000018001b0f8     kernel32:KERNEL32.dll
 0005:00000100       __imp_FreeLibrary          000000018001b100     kernel32:KERNEL32.dll
 0005:00000108       __imp_GetProcAddress       000000018001b108     kernel32:KERNEL32.dll
 0005:00000110       __imp_GetProcessAffinityMask 000000018001b110     kernel32:KERNEL32.dll
 0005:00000118       __imp_WaitForMultipleObjects 000000018001b118     kernel32:KERNEL32.dll
 0005:00000120       __imp_CreateSemaphoreA     000000018001b120     kernel32:KERNEL32.dll
 0005:00000128       __imp_LoadLibraryA         000000018001b128     kernel32:KERNEL32.dll
 0005:00000130       __imp_RaiseException       000000018001b130     kernel32:KERNEL32.dll
 0005:00000138       __imp_MultiByteToWideChar  000000018001b138     kernel32:KERNEL32.dll
 0005:00000140       __imp_WideCharToMultiByte  000000018001b140     kernel32:KERNEL32.dll
 0005:00000148       __imp_RtlCaptureContext    000000018001b148     kernel32:KERNEL32.dll
 0005:00000150       __imp_RtlLookupFunctionEntry 000000018001b150     kernel32:KERNEL32.dll
 0005:00000158       __imp_RtlVirtualUnwind     000000018001b158     kernel32:KERNEL32.dll
 0005:00000160       __imp_UnhandledExceptionFilter 000000018001b160     kernel32:KERNEL32.dll
 0005:00000168       __imp_SetUnhandledExceptionFilter 000000018001b168     kernel32:KERNEL32.dll
 0005:00000170       __imp_TerminateProcess     000000018001b170     kernel32:KERNEL32.dll
 0005:00000178       __imp_IsProcessorFeaturePresent 000000018001b178     kernel32:KERNEL32.dll
 0005:00000180       __imp_QueryPerformanceCounter 000000018001b180     kernel32:KERNEL32.dll
 0005:00000188       __imp_GetSystemTimeAsFileTime 000000018001b188     kernel32:KERNEL32.dll
 0005:00000190       __imp_HeapAlloc            000000018001b190     kernel32:KERNEL32.dll
 0005:00000198       __imp_GetModuleHandleW     000000018001b198     kernel32:KERNEL32.dll
 0005:000001a0       __imp_GetStartupInfoW      000000018001b1a0     kernel32:KERNEL32.dll
 0005:000001a8       __imp_InitializeSListHead  000000018001b1a8     kernel32:KERNEL32.dll
 0005:000001b0       __imp_IsDebuggerPresent    000000018001b1b0     kernel32:KERNEL32.dll
 0005:000001b8       \177KERNEL32_NULL_THUNK_DATA 000000018001b1b8     kernel32:KERNEL32.dll
 0005:00000268       __imp___vcrt_LoadLibraryExW 000000018001b268     vcruntimed:VCRUNTIME140D.dll
 0005:00000270       __imp___vcrt_GetModuleHandleW 000000018001b270     vcruntimed:VCRUNTIME140D.dll
 0005:00000278       __imp___vcrt_GetModuleFileNameW 000000018001b278     vcruntimed:VCRUNTIME140D.dll
 0005:00000280       __imp___std_type_info_destroy_list 000000018001b280     vcruntimed:VCRUNTIME140D.dll
 0005:00000288       __imp___C_specific_handler 000000018001b288     vcruntimed:VCRUNTIME140D.dll
 0005:00000290       __imp___telemetry_main_return_trigger 000000018001b290     vcruntimed:VCRUNTIME140D.dll
 0005:00000298       __imp___telemetry_main_invoke_trigger 000000018001b298     vcruntimed:VCRUNTIME140D.dll
 0005:000002a0       __imp___intrinsic_setjmp   000000018001b2a0     vcruntimed:VCRUNTIME140D.dll
 0005:000002a8       __imp_memset               000000018001b2a8     vcruntimed:VCRUNTIME140D.dll
 0005:000002b0       __imp_memcpy               000000018001b2b0     vcruntimed:VCRUNTIME140D.dll
 0005:000002b8       __imp_longjmp              000000018001b2b8     vcruntimed:VCRUNTIME140D.dll
 0005:000002c0       \177VCRUNTIME140D_NULL_THUNK_DATA 000000018001b2c0     vcruntimed:VCRUNTIME140D.dll
 0005:00000328       __imp_WSASetLastError      000000018001b328     ws2_32:WS2_32.dll
 0005:00000330       __imp_WSAGetLastError      000000018001b330     ws2_32:WS2_32.dll
 0005:00000338       \177WS2_32_NULL_THUNK_DATA 000000018001b338     ws2_32:WS2_32.dll
 0005:00000390       __imp__cexit               000000018001b390     ucrtd:ucrtbased.dll
 0005:00000398       __imp_terminate            000000018001b398     ucrtd:ucrtbased.dll
 0005:000003a0       __imp__wmakepath_s         000000018001b3a0     ucrtd:ucrtbased.dll
 0005:000003a8       __imp__wsplitpath_s        000000018001b3a8     ucrtd:ucrtbased.dll
 0005:000003b0       __imp_wcscpy_s             000000018001b3b0     ucrtd:ucrtbased.dll
 0005:000003b8       __imp__register_onexit_function 000000018001b3b8     ucrtd:ucrtbased.dll
 0005:000003c0       __imp__initialize_onexit_table 000000018001b3c0     ucrtd:ucrtbased.dll
 0005:000003c8       __imp__initialize_narrow_environment 000000018001b3c8     ucrtd:ucrtbased.dll
 0005:000003d0       __imp__seh_filter_dll      000000018001b3d0     ucrtd:ucrtbased.dll
 0005:000003d8       __imp___stdio_common_vsprintf_s 000000018001b3d8     ucrtd:ucrtbased.dll
 0005:000003e0       __imp__crt_at_quick_exit   000000018001b3e0     ucrtd:ucrtbased.dll
 0005:000003e8       __imp__initterm            000000018001b3e8     ucrtd:ucrtbased.dll
 0005:000003f0       __imp__CrtDbgReportW       000000018001b3f0     ucrtd:ucrtbased.dll
 0005:000003f8       __imp__CrtDbgReport        000000018001b3f8     ucrtd:ucrtbased.dll
 0005:00000400       __imp__ftime64             000000018001b400     ucrtd:ucrtbased.dll
 0005:00000408       __imp__endthreadex         000000018001b408     ucrtd:ucrtbased.dll
 0005:00000410       __imp__beginthreadex       000000018001b410     ucrtd:ucrtbased.dll
 0005:00000418       __imp_exit                 000000018001b418     ucrtd:ucrtbased.dll
 0005:00000420       __imp_malloc               000000018001b420     ucrtd:ucrtbased.dll
 0005:00000428       __imp_free                 000000018001b428     ucrtd:ucrtbased.dll
 0005:00000430       __imp_calloc               000000018001b430     ucrtd:ucrtbased.dll
 0005:00000438       __imp__errno               000000018001b438     ucrtd:ucrtbased.dll
 0005:00000440       __imp__crt_atexit          000000018001b440     ucrtd:ucrtbased.dll
 0005:00000448       __imp__initterm_e          000000018001b448     ucrtd:ucrtbased.dll
 0005:00000450       __imp__execute_onexit_table 000000018001b450     ucrtd:ucrtbased.dll
 0005:00000458       \177ucrtbased_NULL_THUNK_DATA 000000018001b458     ucrtd:ucrtbased.dll
 0005:000004d8       __IMPORT_DESCRIPTOR_WS2_32 000000018001b4d8     ws2_32:WS2_32.dll
 0005:000004ec       __IMPORT_DESCRIPTOR_KERNEL32 000000018001b4ec     kernel32:KERNEL32.dll
 0005:00000500       __IMPORT_DESCRIPTOR_VCRUNTIME140D 000000018001b500     vcruntimed:VCRUNTIME140D.dll
 0005:00000514       __IMPORT_DESCRIPTOR_ucrtbased 000000018001b514     ucrtd:ucrtbased.dll
 0005:00000528       __NULL_IMPORT_DESCRIPTOR   000000018001b528     ws2_32:WS2_32.dll
 0007:00000000       __guard_check_icall_fptr   000000018001e000     MSVCRTD:guard_support.obj
 0007:00000010       __guard_dispatch_icall_fptr 000000018001e010     MSVCRTD:guard_support.obj
