 pthreadVC2_debug

 Timestamp is 5408a3e8 (Thu Sep 04 21:39:52 2014)

 Preferred load address is 10000000

 Start         Length     Name                   Class
 0001:00000000 0000d66bH .text$mn                CODE
 0002:00000000 00000104H .CRT$XCA                DATA
 0002:00000104 00000104H .CRT$XCZ                DATA
 0002:00000208 00000104H .CRT$XIA                DATA
 0002:0000030c 00000104H .CRT$XIAA               DATA
 0002:00000410 00000104H .CRT$XIC                DATA
 0002:00000514 00000104H .CRT$XIZ                DATA
 0002:00000620 00000d43H .rdata                  DATA
 0002:00001364 00000199H .rdata$debug            DATA
 0002:00001500 00000104H .rdata$sxdata           DATA
 0002:00001604 00000104H .rtc$IAA                DATA
 0002:00001708 00000104H .rtc$IMZ                DATA
 0002:0000180c 00000104H .rtc$IZZ                DATA
 0002:00001910 00000104H .rtc$TAA                DATA
 0002:00001a14 00000104H .rtc$TMZ                DATA
 0002:00001b18 00000104H .rtc$TZZ                DATA
 0002:00001c20 000001c4H .xdata$x                DATA
 0002:00001df0 000012c2H .edata                  DATA
 0003:00000000 000001eaH .data                   DATA
 0003:00000200 0000048cH .bss                    DATA
 0004:00000000 0000022cH .idata$5                DATA
 0004:0000022c 0000003cH .idata$2                DATA
 0004:00000268 00000014H .idata$3                DATA
 0004:0000027c 0000022cH .idata$4                DATA
 0004:000004a8 000007bcH .idata$6                DATA
 0005:00000000 000001c0H .rsrc$01                DATA
 0005:000001c0 000007acH .rsrc$02                DATA

  Address         Publics by Value              Rva+Base       Lib:Object

 0000:00000000       ___guard_flags             00000000     <absolute>
 0000:00000000       ___guard_fids_table        00000000     <absolute>
 0000:00000000       ___guard_fids_count        00000000     <absolute>
 0000:00000001       ___safe_se_handler_count   00000001     <absolute>
 0000:00000000       ___ImageBase               10000000     <linker-defined>
 0001:000005c0       _sched_yield               100015c0 f   pthread.obj
 0001:000005f0       _sched_get_priority_min    100015f0 f   pthread.obj
 0001:00000630       _sched_get_priority_max    10001630 f   pthread.obj
 0001:00000670       _sched_setscheduler        10001670 f   pthread.obj
 0001:00000740       _sched_getscheduler        10001740 f   pthread.obj
 0001:000007f0       _pthread_attr_init         100017f0 f   pthread.obj
 0001:00000890       _pthread_attr_destroy      10001890 f   pthread.obj
 0001:000008f0       _pthread_attr_getdetachstate 100018f0 f   pthread.obj
 0001:00000930       _pthread_attr_getstackaddr 10001930 f   pthread.obj
 0001:00000970       _pthread_attr_getstacksize 10001970 f   pthread.obj
 0001:000009b0       _pthread_attr_setdetachstate 100019b0 f   pthread.obj
 0001:00000a00       _pthread_attr_setstackaddr 10001a00 f   pthread.obj
 0001:00000a30       _pthread_attr_setstacksize 10001a30 f   pthread.obj
 0001:00000a60       _pthread_attr_getschedparam 10001a60 f   pthread.obj
 0001:00000ab0       _pthread_attr_setschedparam 10001ab0 f   pthread.obj
 0001:00000b30       _pthread_attr_setschedpolicy 10001b30 f   pthread.obj
 0001:00000b70       _pthread_attr_getschedpolicy 10001b70 f   pthread.obj
 0001:00000bc0       _pthread_attr_setinheritsched 10001bc0 f   pthread.obj
 0001:00000c10       _pthread_attr_getinheritsched 10001c10 f   pthread.obj
 0001:00000c50       _pthread_attr_setscope     10001c50 f   pthread.obj
 0001:00000c90       _pthread_attr_getscope     10001c90 f   pthread.obj
 0001:00000cb0       _pthread_create            10001cb0 f   pthread.obj
 0001:00000f10       _pthread_detach            10001f10 f   pthread.obj
 0001:00001030       _pthread_equal             10002030 f   pthread.obj
 0001:00001080       _pthread_exit              10002080 f   pthread.obj
 0001:000010e0       _pthread_join              100020e0 f   pthread.obj
 0001:00001230       _pthread_self              10002230 f   pthread.obj
 0001:000013d0       _pthread_cancel            100023d0 f   pthread.obj
 0001:000015f0       _pthread_setcancelstate    100025f0 f   pthread.obj
 0001:00001730       _pthread_setcanceltype     10002730 f   pthread.obj
 0001:00001870       _pthread_testcancel        10002870 f   pthread.obj
 0001:00001960       _pthread_once              10002960 f   pthread.obj
 0001:00001a60       _ptw32_pop_cleanup         10002a60 f   pthread.obj
 0001:00001ae0       _ptw32_push_cleanup        10002ae0 f   pthread.obj
 0001:00001b30       _pthread_key_create        10002b30 f   pthread.obj
 0001:00001c00       _pthread_key_delete        10002c00 f   pthread.obj
 0001:00001d40       _pthread_setspecific       10002d40 f   pthread.obj
 0001:00001f00       _pthread_getspecific       10002f00 f   pthread.obj
 0001:00001f90       _pthread_mutexattr_init    10002f90 f   pthread.obj
 0001:00002010       _pthread_mutexattr_destroy 10003010 f   pthread.obj
 0001:00002080       _pthread_mutexattr_getpshared 10003080 f   pthread.obj
 0001:000020d0       _pthread_mutexattr_setpshared 100030d0 f   pthread.obj
 0001:00002130       _pthread_mutexattr_settype 10003130 f   pthread.obj
 0001:000021a0       _pthread_mutexattr_gettype 100031a0 f   pthread.obj
 0001:000021f0       _pthread_barrierattr_init  100031f0 f   pthread.obj
 0001:00002260       _pthread_barrierattr_destroy 10003260 f   pthread.obj
 0001:000022d0       _pthread_barrierattr_getpshared 100032d0 f   pthread.obj
 0001:00002320       _pthread_barrierattr_setpshared 10003320 f   pthread.obj
 0001:00002380       _pthread_mutex_init        10003380 f   pthread.obj
 0001:000024b0       _pthread_mutex_destroy     100034b0 f   pthread.obj
 0001:00002610       _pthread_mutex_lock        10003610 f   pthread.obj
 0001:00002800       _pthread_mutex_timedlock   10003800 f   pthread.obj
 0001:000029d0       _pthread_mutex_trylock     100039d0 f   pthread.obj
 0001:00002ab0       _pthread_mutex_unlock      10003ab0 f   pthread.obj
 0001:00002bf0       _pthread_spin_init         10003bf0 f   pthread.obj
 0001:00002d70       _pthread_spin_destroy      10003d70 f   pthread.obj
 0001:00002e70       _pthread_spin_lock         10003e70 f   pthread.obj
 0001:00002f20       _pthread_spin_trylock      10003f20 f   pthread.obj
 0001:00002fe0       _pthread_spin_unlock       10003fe0 f   pthread.obj
 0001:00003080       _pthread_barrier_init      10004080 f   pthread.obj
 0001:000031b0       _pthread_barrier_destroy   100041b0 f   pthread.obj
 0001:00003290       _pthread_barrier_wait      10004290 f   pthread.obj
 0001:000033a0       _pthread_condattr_init     100043a0 f   pthread.obj
 0001:00003400       _pthread_condattr_destroy  10004400 f   pthread.obj
 0001:00003470       _pthread_condattr_getpshared 10004470 f   pthread.obj
 0001:000034c0       _pthread_condattr_setpshared 100044c0 f   pthread.obj
 0001:00003520       _pthread_cond_init         10004520 f   pthread.obj
 0001:00003700       _pthread_cond_destroy      10004700 f   pthread.obj
 0001:000039b0       _pthread_cond_wait         100049b0 f   pthread.obj
 0001:000039d0       _pthread_cond_timedwait    100049d0 f   pthread.obj
 0001:00003a00       _pthread_cond_signal       10004a00 f   pthread.obj
 0001:00003a20       _pthread_cond_broadcast    10004a20 f   pthread.obj
 0001:00003a40       _pthread_setschedparam     10004a40 f   pthread.obj
 0001:00003ac0       _pthread_getschedparam     10004ac0 f   pthread.obj
 0001:00003b30       _pthread_setconcurrency    10004b30 f   pthread.obj
 0001:00003b50       _pthread_getconcurrency    10004b50 f   pthread.obj
 0001:00003b60       _pthread_rwlock_init       10004b60 f   pthread.obj
 0001:00003cb0       _pthread_rwlock_destroy    10004cb0 f   pthread.obj
 0001:00003ee0       _pthread_rwlock_tryrdlock  10004ee0 f   pthread.obj
 0001:00004020       _pthread_rwlock_trywrlock  10005020 f   pthread.obj
 0001:000041a0       _pthread_rwlock_rdlock     100051a0 f   pthread.obj
 0001:000042e0       _pthread_rwlock_timedrdlock 100052e0 f   pthread.obj
 0001:00004450       _pthread_rwlock_wrlock     10005450 f   pthread.obj
 0001:00004630       _pthread_rwlock_timedwrlock 10005630 f   pthread.obj
 0001:00004820       _pthread_rwlock_unlock     10005820 f   pthread.obj
 0001:00004940       _pthread_rwlockattr_init   10005940 f   pthread.obj
 0001:000049b0       _pthread_rwlockattr_destroy 100059b0 f   pthread.obj
 0001:00004a20       _pthread_rwlockattr_getpshared 10005a20 f   pthread.obj
 0001:00004a70       _pthread_rwlockattr_setpshared 10005a70 f   pthread.obj
 0001:00004ad0       _pthread_kill              10005ad0 f   pthread.obj
 0001:00004b60       _pthread_mutexattr_setkind_np 10005b60 f   pthread.obj
 0001:00004b80       _pthread_mutexattr_getkind_np 10005b80 f   pthread.obj
 0001:00004ba0       _pthread_delay_np          10005ba0 f   pthread.obj
 0001:00004d60       _pthread_num_processors_np 10005d60 f   pthread.obj
 0001:00004dd0       _pthread_win32_process_attach_np 10005dd0 f   pthread.obj
 0001:00005060       _pthread_win32_process_detach_np 10006060 f   pthread.obj
 0001:00005160       _pthread_win32_thread_attach_np 10006160 f   pthread.obj
 0001:00005170       _pthread_win32_thread_detach_np 10006170 f   pthread.obj
 0001:00005230       _pthread_win32_test_features_np 10006230 f   pthread.obj
 0001:00005260       _pthread_timechange_handler_np 10006260 f   pthread.obj
 0001:00005330       _pthread_getw32threadhandle_np 10006330 f   pthread.obj
 0001:00005340       _pthread_getw32threadid_np 10006340 f   pthread.obj
 0001:00005350       _pthreadCancelableWait     10006350 f   pthread.obj
 0001:00005370       _pthreadCancelableTimedWait 10006370 f   pthread.obj
 0001:00005390       _ptw32_get_exception_services_code 10006390 f   pthread.obj
 0001:000053a0       _sem_init                  100063a0 f   pthread.obj
 0001:000054e0       _sem_destroy               100064e0 f   pthread.obj
 0001:00005620       _sem_trywait               10006620 f   pthread.obj
 0001:00005700       _sem_wait                  10006700 f   pthread.obj
 0001:00005860       _sem_timedwait             10006860 f   pthread.obj
 0001:00005a10       _sem_post                  10006a10 f   pthread.obj
 0001:00005b30       _sem_post_multiple         10006b30 f   pthread.obj
 0001:00005c80       _sem_open                  10006c80 f   pthread.obj
 0001:00005cb0       _sem_close                 10006cb0 f   pthread.obj
 0001:00005ce0       _sem_unlink                10006ce0 f   pthread.obj
 0001:00005d10       _sem_getvalue              10006d10 f   pthread.obj
 0001:00005df0       _ptw32_is_attr             10006df0 f   pthread.obj
 0001:00005e30       _ptw32_cond_check_need_init 10006e30 f   pthread.obj
 0001:00005eb0       _ptw32_mutex_check_need_init 10006eb0 f   pthread.obj
 0001:00005f70       _ptw32_rwlock_check_need_init 10006f70 f   pthread.obj
 0001:00005ff0       _ptw32_spinlock_check_need_init 10006ff0 f   pthread.obj
 0001:00006070       _ptw32_InterlockedCompareExchange@12 10007070 f   pthread.obj
 0001:000060c0       _ptw32_InterlockedExchange@8 100070c0 f   pthread.obj
 0001:00006110       _ptw32_RegisterCancelation 10007110 f   pthread.obj
 0001:000061d0       _ptw32_processInitialize   100071d0 f   pthread.obj
 0001:000062b0       _ptw32_processTerminate    100072b0 f   pthread.obj
 0001:00006410       _ptw32_threadDestroy       10007410 f   pthread.obj
 0001:00006510       _ptw32_pop_cleanup_all     10007510 f   pthread.obj
 0001:00006530       _ptw32_new                 10007530 f   pthread.obj
 0001:000066a0       _ptw32_threadReusePop      100076a0 f   pthread.obj
 0001:00006780       _ptw32_threadReusePush     10007780 f   pthread.obj
 0001:00006880       _ptw32_getprocessors       10007880 f   pthread.obj
 0001:00006980       _ptw32_setthreadpriority   10007980 f   pthread.obj
 0001:00006a70       _ptw32_rwlock_cancelwrwait 10007a70 f   pthread.obj
 0001:00006ad0       _ptw32_threadStart@4       10007ad0 f   pthread.obj
 0001:00006c20       _ptw32_callUserDestroyRoutines 10007c20 f   pthread.obj
 0001:00006df0       _ptw32_tkAssocCreate       10007df0 f   pthread.obj
 0001:00006ec0       _ptw32_tkAssocDestroy      10007ec0 f   pthread.obj
 0001:00006fc0       _ptw32_semwait             10007fc0 f   pthread.obj
 0001:000070d0       _ptw32_relmillisecs        100080d0 f   pthread.obj
 0001:00007230       _ptw32_mcs_lock_acquire    10008230 f   pthread.obj
 0001:000072c0       _ptw32_mcs_lock_release    100082c0 f   pthread.obj
 0001:00007370       _ptw32_throw               10008370 f   pthread.obj
 0001:00007450       _ptw32_mcs_flag_set        10008450 f   pthread.obj
 0001:000074a0       _ptw32_mcs_flag_wait       100084a0 f   pthread.obj
 0001:00007ac0       _DllMain@12                10008ac0 f   pthread.obj
 0001:00009d22       _WSASetLastError@4         1000ad22 f   ws2_32:WS2_32.dll
 0001:00009d28       _WSAGetLastError@0         1000ad28 f   ws2_32:WS2_32.dll
 0001:00009d2e       _InterlockedDecrement@4    1000ad2e f   kernel32:KERNEL32.dll
 0001:00009d34       _InterlockedExchange@8     1000ad34 f   kernel32:KERNEL32.dll
 0001:00009d3a       _InterlockedExchangeAdd@8  1000ad3a f   kernel32:KERNEL32.dll
 0001:00009d40       _FreeLibrary@4             1000ad40 f   kernel32:KERNEL32.dll
 0001:00009d46       _GetProcAddress@8          1000ad46 f   kernel32:KERNEL32.dll
 0001:00009d4c       _GetProcessAffinityMask@12 1000ad4c f   kernel32:KERNEL32.dll
 0001:00009d52       _OpenProcess@12            1000ad52 f   kernel32:KERNEL32.dll
 0001:00009d58       _GetCurrentProcess@0       1000ad58 f   kernel32:KERNEL32.dll
 0001:00009d5e       _GetCurrentProcessId@0     1000ad5e f   kernel32:KERNEL32.dll
 0001:00009d64       _GetCurrentThread@0        1000ad64 f   kernel32:KERNEL32.dll
 0001:00009d6a       _GetCurrentThreadId@0      1000ad6a f   kernel32:KERNEL32.dll
 0001:00009d70       _SetThreadPriority@8       1000ad70 f   kernel32:KERNEL32.dll
 0001:00009d76       _GetThreadPriority@4       1000ad76 f   kernel32:KERNEL32.dll
 0001:00009d7c       _GetLastError@0            1000ad7c f   kernel32:KERNEL32.dll
 0001:00009d82       _SetLastError@4            1000ad82 f   kernel32:KERNEL32.dll
 0001:00009d88       _GetThreadContext@8        1000ad88 f   kernel32:KERNEL32.dll
 0001:00009d8e       _SetThreadContext@8        1000ad8e f   kernel32:KERNEL32.dll
 0001:00009d94       _SuspendThread@4           1000ad94 f   kernel32:KERNEL32.dll
 0001:00009d9a       _ResumeThread@4            1000ad9a f   kernel32:KERNEL32.dll
 0001:00009da0       _InitializeCriticalSection@4 1000ada0 f   kernel32:KERNEL32.dll
 0001:00009da6       _EnterCriticalSection@4    1000ada6 f   kernel32:KERNEL32.dll
 0001:00009dac       _LeaveCriticalSection@4    1000adac f   kernel32:KERNEL32.dll
 0001:00009db2       _DeleteCriticalSection@4   1000adb2 f   kernel32:KERNEL32.dll
 0001:00009db8       _SetEvent@4                1000adb8 f   kernel32:KERNEL32.dll
 0001:00009dbe       _ResetEvent@4              1000adbe f   kernel32:KERNEL32.dll
 0001:00009dc4       _ReleaseSemaphore@12       1000adc4 f   kernel32:KERNEL32.dll
 0001:00009dca       _WaitForSingleObject@8     1000adca f   kernel32:KERNEL32.dll
 0001:00009dd0       _WaitForMultipleObjects@16 1000add0 f   kernel32:KERNEL32.dll
 0001:00009dd6       _Sleep@4                   1000add6 f   kernel32:KERNEL32.dll
 0001:00009ddc       _CloseHandle@4             1000addc f   kernel32:KERNEL32.dll
 0001:00009de2       _DuplicateHandle@28        1000ade2 f   kernel32:KERNEL32.dll
 0001:00009de8       _TlsAlloc@0                1000ade8 f   kernel32:KERNEL32.dll
 0001:00009dee       _TlsGetValue@4             1000adee f   kernel32:KERNEL32.dll
 0001:00009df4       _TlsSetValue@8             1000adf4 f   kernel32:KERNEL32.dll
 0001:00009dfa       _TlsFree@4                 1000adfa f   kernel32:KERNEL32.dll
 0001:00009e00       _CreateEventA@16           1000ae00 f   kernel32:KERNEL32.dll
 0001:00009e06       _CreateSemaphoreA@16       1000ae06 f   kernel32:KERNEL32.dll
 0001:00009e0c       _LoadLibraryA@4            1000ae0c f   kernel32:KERNEL32.dll
 0001:00009e12       _longjmp                   1000ae12 f   MSVCRTD:MSVCR120D.dll
 0001:00009e18       __errno                    1000ae18 f   MSVCRTD:MSVCR120D.dll
 0001:00009e1e       _memcpy                    1000ae1e f   MSVCRTD:MSVCR120D.dll
 0001:00009e24       _memset                    1000ae24 f   MSVCRTD:MSVCR120D.dll
 0001:00009e2a       _exit                      1000ae2a f   MSVCRTD:MSVCR120D.dll
 0001:00009e30       _calloc                    1000ae30 f   MSVCRTD:MSVCR120D.dll
 0001:00009e36       _free                      1000ae36 f   MSVCRTD:MSVCR120D.dll
 0001:00009e3c       _malloc                    1000ae3c f   MSVCRTD:MSVCR120D.dll
 0001:00009e42       __beginthreadex            1000ae42 f   MSVCRTD:MSVCR120D.dll
 0001:00009e48       __endthreadex              1000ae48 f   MSVCRTD:MSVCR120D.dll
 0001:00009e4e       __ftime64                  1000ae4e f   MSVCRTD:MSVCR120D.dll
 0001:00009e60       @_RTC_AllocaHelper@12      1000ae60 f   MSVCRTD:stack.obj
 0001:00009ea0       @_RTC_CheckStackVars2@12   1000aea0 f   MSVCRTD:stack.obj
 0001:00009f80       @_RTC_CheckStackVars@8     1000af80 f   MSVCRTD:stack.obj
 0001:00009fe0       __RTC_CheckEsp             1000afe0 f   MSVCRTD:stack.obj
 0001:0000a010       @__security_check_cookie@4 1000b010 f   MSVCRTD:secchk.obj
 0001:0000a020       __RTC_InitBase             1000b020 f   MSVCRTD:init.obj
 0001:0000a050       __RTC_Shutdown             1000b050 f   MSVCRTD:init.obj
 0001:0000a070       __alldiv                   1000b070 f   MSVCRTD:lldiv.obj
 0001:0000a120       __allmul                   1000b120 f   MSVCRTD:llmul.obj
 0001:0000a154       __setjmp3                  1000b154 f   MSVCRTD:MSVCR120D.dll
 0001:0000a1e0       _NtCurrentTeb              1000b1e0 f i MSVCRTD:crtdll.obj
 0001:0000a1f0       __CRT_INIT@12              1000b1f0 f   MSVCRTD:crtdll.obj
 0001:0000a4d0       __DllMainCRTStartup@12     1000b4d0 f   MSVCRTD:crtdll.obj
 0001:0000a810       ?_RTC_AllocaFailure@@YAXPAXPAU_RTC_ALLOCA_NODE@@H@Z 1000b810 f   MSVCRTD:error.obj
 0001:0000a990       ?_RTC_Failure@@YAXPAXH@Z   1000b990 f   MSVCRTD:error.obj
 0001:0000a9e0       ?_RTC_StackFailure@@YAXPAXPBD@Z 1000b9e0 f   MSVCRTD:error.obj
 0001:0000ad60       __RTC_UninitUse            1000bd60 f   MSVCRTD:error.obj
 0001:0000ae50       ___raise_securityfailure   1000be50 f   MSVCRTD:gs_report.obj
 0001:0000aea0       ___report_gsfailure        1000bea0 f   MSVCRTD:gs_report.obj
 0001:0000afb0       ___report_rangecheckfailure 1000bfb0 f   MSVCRTD:gs_report.obj
 0001:0000afc0       ___report_securityfailure  1000bfc0 f   MSVCRTD:gs_report.obj
 0001:0000b0a0       ___report_securityfailureEx 1000c0a0 f   MSVCRTD:gs_report.obj
 0001:0000b1d0       ?_RTC_GetErrorFunc@@YAP6AHHPBDH00ZZPBX@Z 1000c1d0 f   MSVCRTD:userapi.obj
 0001:0000b1e0       ?_RTC_GetErrorFuncW@@YAP6AHHPB_WH00ZZPBX@Z 1000c1e0 f   MSVCRTD:userapi.obj
 0001:0000b1f0       __RTC_GetErrDesc           1000c1f0 f   MSVCRTD:userapi.obj
 0001:0000b210       __RTC_NumErrors            1000c210 f   MSVCRTD:userapi.obj
 0001:0000b220       __RTC_SetErrorFunc         1000c220 f   MSVCRTD:userapi.obj
 0001:0000b240       __RTC_SetErrorFuncW        1000c240 f   MSVCRTD:userapi.obj
 0001:0000b260       __RTC_SetErrorType         1000c260 f   MSVCRTD:userapi.obj
 0001:0000b284       __CRT_RTC_INITW            1000c284 f   MSVCRTD:MSVCR120D.dll
 0001:0000b28a       ___CppXcptFilter           1000c28a f   MSVCRTD:MSVCR120D.dll
 0001:0000b290       __amsg_exit                1000c290 f   MSVCRTD:MSVCR120D.dll
 0001:0000b296       __malloc_dbg               1000c296 f   MSVCRTD:MSVCR120D.dll
 0001:0000b29c       __free_dbg                 1000c29c f   MSVCRTD:MSVCR120D.dll
 0001:0000b2a2       __CrtSetCheckCount         1000c2a2 f   MSVCRTD:MSVCR120D.dll
 0001:0000b2b0       __FindPESection            1000c2b0 f   MSVCRTD:pesect.obj
 0001:0000b330       __IsNonwritableInCurrentImage 1000c330 f   MSVCRTD:pesect.obj
 0001:0000b460       __ValidateImageBase        1000c460 f   MSVCRTD:pesect.obj
 0001:0000b4c0       ___atonexitinit            1000c4c0 f   MSVCRTD:atonexit.obj
 0001:0000b570       __onexit                   1000c570 f   MSVCRTD:atonexit.obj
 0001:0000b670       _atexit                    1000c670 f   MSVCRTD:atonexit.obj
 0001:0000b6a0       ___security_init_cookie    1000c6a0 f   MSVCRTD:gs_support.obj
 0001:0000b780       __RTC_Initialize           1000c780 f   MSVCRTD:initsect.obj
 0001:0000b7b0       __RTC_Terminate            1000c7b0 f   MSVCRTD:initsect.obj
 0001:0000b7d6       __initterm                 1000c7d6 f   MSVCRTD:MSVCR120D.dll
 0001:0000b7dc       __initterm_e               1000c7dc f   MSVCRTD:MSVCR120D.dll
 0001:0000b7f0       ___clean_type_info_names   1000c7f0 f   MSVCRTD:tncleanup.obj
 0001:0000b810       __except_handler4          1000c810 f   MSVCRTD:chandler4gs.obj
 0001:0000bc80       ?_RTC_GetSrcLine@@YAHPAEPA_WKPAH1K@Z 1000cc80 f   MSVCRTD:pdblkup.obj
 0001:0000bf2e       __crt_debugger_hook        1000cf2e f   MSVCRTD:MSVCR120D.dll
 0001:0000bf34       ___crtUnhandledException   1000cf34 f   MSVCRTD:MSVCR120D.dll
 0001:0000bf3a       ___crtTerminateProcess     1000cf3a f   MSVCRTD:MSVCR120D.dll
 0001:0000bf40       __lock                     1000cf40 f   MSVCRTD:MSVCR120D.dll
 0001:0000bf46       __unlock                   1000cf46 f   MSVCRTD:MSVCR120D.dll
 0001:0000bf4c       __CrtDbgReportW            1000cf4c f   MSVCRTD:MSVCR120D.dll
 0001:0000bf52       __calloc_dbg               1000cf52 f   MSVCRTD:MSVCR120D.dll
 0001:0000bf58       ___dllonexit               1000cf58 f   MSVCRTD:MSVCR120D.dll
 0001:0000bf5e       ___clean_type_info_names_internal 1000cf5e f   MSVCRTD:MSVCR120D.dll
 0001:0000bf64       __except_handler4_common   1000cf64 f   MSVCRTD:MSVCR120D.dll
 0001:0000bf6a       _wcscpy_s                  1000cf6a f   MSVCRTD:MSVCR120D.dll
 0001:0000bf70       __wmakepath_s              1000cf70 f   MSVCRTD:MSVCR120D.dll
 0001:0000bf76       __wsplitpath_s             1000cf76 f   MSVCRTD:MSVCR120D.dll
 0001:0000bf7c       _EncodePointer@4           1000cf7c f   kernel32:KERNEL32.dll
 0001:0000bf82       _DecodePointer@4           1000cf82 f   kernel32:KERNEL32.dll
 0001:0000bf88       _IsDebuggerPresent@0       1000cf88 f   kernel32:KERNEL32.dll
 0001:0000bf8e       _RaiseException@16         1000cf8e f   kernel32:KERNEL32.dll
 0001:0000bf94       _LoadLibraryExW@12         1000cf94 f   kernel32:KERNEL32.dll
 0001:0000bf9a       _MultiByteToWideChar@24    1000cf9a f   kernel32:KERNEL32.dll
 0001:0000bfa0       _WideCharToMultiByte@32    1000cfa0 f   kernel32:KERNEL32.dll
 0001:0000bfa6       _IsProcessorFeaturePresent@4 1000cfa6 f   kernel32:KERNEL32.dll
 0001:0000bfac       _QueryPerformanceCounter@4 1000cfac f   kernel32:KERNEL32.dll
 0001:0000bfb2       _GetSystemTimeAsFileTime@4 1000cfb2 f   kernel32:KERNEL32.dll
 0001:0000bfb8       _HeapAlloc@12              1000cfb8 f   kernel32:KERNEL32.dll
 0001:0000bfbe       _HeapFree@12               1000cfbe f   kernel32:KERNEL32.dll
 0001:0000bfc4       _GetProcessHeap@0          1000cfc4 f   kernel32:KERNEL32.dll
 0001:0000bfca       _VirtualQuery@12           1000cfca f   kernel32:KERNEL32.dll
 0001:0000bfd0       _GetModuleFileNameW@12     1000cfd0 f   kernel32:KERNEL32.dll
 0001:0000bfd6       _GetModuleHandleW@4        1000cfd6 f   kernel32:KERNEL32.dll
 0002:00000000       ___xc_a                    1000f000     MSVCRTD:cinitexe.obj
 0002:00000104       ___xc_z                    1000f104     MSVCRTD:cinitexe.obj
 0002:00000208       ___xi_a                    1000f208     MSVCRTD:cinitexe.obj
 0002:00000514       ___xi_z                    1000f514     MSVCRTD:cinitexe.obj
 0002:00000658       __pRawDllMain              1000f658     MSVCRTD:crtdll.obj
 0002:00000658       __pDefaultRawDllMain       1000f658     MSVCRTD:crtdll.obj
 0002:0000065c       ??_C@_0CL@CCAGLLEM@f?3?2dd?2vctools?2crt?2crtw32?2dllstuf@ 1000f65c     MSVCRTD:crtdll.obj
 0002:00000728       ??_C@_0NN@NGPKDKPD@The?5value?5of?5ESP?5was?5not?5properl@ 1000f728     MSVCRTD:error.obj
 0002:00000808       ??_C@_0BBN@GPMLNJCF@A?5cast?5to?5a?5smaller?5data?5type?5ha@ 1000f808     MSVCRTD:error.obj
 0002:00000928       ??_C@_0BN@FFOINMNJ@Stack?5memory?5was?5corrupted?6?$AN?$AA@ 1000f928     MSVCRTD:error.obj
 0002:00000948       ??_C@_0DG@HKJMLLLP@A?5local?5variable?5was?5used?5before@ 1000f948     MSVCRTD:error.obj
 0002:00000980       ??_C@_0CM@NGINOKPC@Stack?5memory?5around?5_alloca?5was?5@ 1000f980     MSVCRTD:error.obj
 0002:000009ac       ??_C@_0BO@GNIAFIKK@Unknown?5Runtime?5Check?5Error?6?$AN?$AA@ 1000f9ac     MSVCRTD:error.obj
 0002:000009d0       ??_C@_1GM@OLMCBDMB@?$AAR?$AAu?$AAn?$AAt?$AAi?$AAm?$AAe?$AA?5?$AAC?$AAh?$AAe?$AAc?$AAk?$AA?5?$AAE?$AAr?$AAr?$AAo?$AAr?$AA?4?$AA?6?$AA?$AN?$AA?5?$AAU?$AAn?$AAa?$AAb?$AAl?$AAe?$AA?5?$AAt?$AAo@ 1000f9d0     MSVCRTD:error.obj
 0002:00000a40       ??_C@_1EA@NFKNIFJP@?$AAR?$AAu?$AAn?$AA?9?$AAT?$AAi?$AAm?$AAe?$AA?5?$AAC?$AAh?$AAe?$AAc?$AAk?$AA?5?$AAF?$AAa?$AAi?$AAl?$AAu?$AAr?$AAe?$AA?5?$AA?$CD?$AA?$CF?$AAd?$AA?5?$AA?9?$AA?5?$AA?$CF?$AAs?$AA?$AA@ 1000fa40     MSVCRTD:error.obj
 0002:00000a80       ??_C@_0BB@PFFGGCJP@Unknown?5Filename?$AA@ 1000fa80     MSVCRTD:error.obj
 0002:00000a94       ??_C@_0BE@GNBOBNCK@Unknown?5Module?5Name?$AA@ 1000fa94     MSVCRTD:error.obj
 0002:00000aa8       ??_C@_0CA@IODNCDPG@Run?9Time?5Check?5Failure?5?$CD?$CFd?5?9?5?$CFs?$AA@ 1000faa8     MSVCRTD:error.obj
 0002:00000ac8       ??_C@_0CG@IAFNJNEE@Stack?5corrupted?5near?5unknown?5var@ 1000fac8     MSVCRTD:error.obj
 0002:00000af0       ??_C@_05MKKEDADM@?$CF?42X?5?$AA@ 1000faf0     MSVCRTD:error.obj
 0002:00000af8       ??_C@_1BG@OILDLIOJ@?$AAu?$AAs?$AAe?$AAr?$AA3?$AA2?$AA?4?$AAd?$AAl?$AAl?$AA?$AA@ 1000faf8     MSVCRTD:error.obj
 0002:00000b10       ??_C@_09FOPFMPEJ@wsprintfA?$AA@ 1000fb10     MSVCRTD:error.obj
 0002:00000b20       ??_C@_0EJ@LJKNEOLN@Stack?5area?5around?5_alloca?5memory@ 1000fb20     MSVCRTD:error.obj
 0002:00000b6c       ??_C@_08OMAHNMHJ@?6Data?3?5?$DM?$AA@ 1000fb6c     MSVCRTD:error.obj
 0002:00000b78       ??_C@_0CK@DKGBICFE@?6Allocation?5number?5within?5this?5f@ 1000fb78     MSVCRTD:error.obj
 0002:00000ba4       ??_C@_07DFDJCKFN@?6Size?3?5?$AA@ 1000fba4     MSVCRTD:error.obj
 0002:00000bac       ??_C@_0N@MHFFIMFG@?6Address?3?50x?$AA@ 1000fbac     MSVCRTD:error.obj
 0002:00000bc0       ??_C@_0EI@CLEPFNGI@Stack?5area?5around?5_alloca?5memory@ 1000fbc0     MSVCRTD:error.obj
 0002:00000c08       ??_C@_0BC@KIBAILCI@?$CFs?$CFs?$CFp?$CFs?$CFld?$CFs?$CFd?$CFs?$AA@ 1000fc08     MSVCRTD:error.obj
 0002:00000c1c       ??_C@_01EEMJAFIK@?6?$AA@   1000fc1c     MSVCRTD:error.obj
 0002:00000c20       ??_C@_02LLMPMKNF@?$DO?5?$AA@ 1000fc20     MSVCRTD:error.obj
 0002:00000c24       ??_C@_08KJEDNCKC@?$CFs?$CFs?$CFs?$CFs?$AA@ 1000fc24     MSVCRTD:error.obj
 0002:00000c30       ??_C@_0DE@OHJBPMBP@A?5variable?5is?5being?5used?5without@ 1000fc30     MSVCRTD:error.obj
 0002:00000c80       ??_C@_0BJ@HEGAHDFO@Stack?5pointer?5corruption?$AA@ 1000fc80     MSVCRTD:userapi.obj
 0002:00000c9c       ??_C@_0CK@FEGOIOPB@Cast?5to?5smaller?5type?5causing?5los@ 1000fc9c     MSVCRTD:userapi.obj
 0002:00000cc8       ??_C@_0BI@CIGMDCBH@Stack?5memory?5corruption?$AA@ 1000fcc8     MSVCRTD:userapi.obj
 0002:00000ce0       ??_C@_0CK@CNLNOEPB@Local?5variable?5used?5before?5initi@ 1000fce0     MSVCRTD:userapi.obj
 0002:00000d0c       ??_C@_0BP@OGBCLIBO@Stack?5around?5_alloca?5corrupted?$AA@ 1000fd0c     MSVCRTD:userapi.obj
 0002:00000d30       ??_C@_1MC@KPMPFEII@?$AA?$CI?$AA_?$AA_?$AAo?$AAn?$AAe?$AAx?$AAi?$AAt?$AAb?$AAe?$AAg?$AAi?$AAn?$AA?5?$AA?$CB?$AA?$DN?$AA?5?$AAN?$AAU?$AAL?$AAL?$AA?5?$AA?$CG?$AA?$CG?$AA?5?$AA_?$AA_?$AAo?$AAn?$AAe?$AAx@ 1000fd30     MSVCRTD:atonexit.obj
 0002:00000df4       ??_C@_15GANGMFKL@?$AA?$CF?$AAs?$AA?$AA@ 1000fdf4     MSVCRTD:atonexit.obj
 0002:00000e00       ??_C@_1FK@IGIDCAPD@?$AAf?$AA?3?$AA?2?$AAd?$AAd?$AA?2?$AAv?$AAc?$AAt?$AAo?$AAo?$AAl?$AAs?$AA?2?$AAc?$AAr?$AAt?$AA?2?$AAc?$AAr?$AAt?$AAw?$AA3?$AA2?$AA?2?$AAd?$AAl?$AAl?$AAs?$AAt?$AAu?$AAf@ 1000fe00     MSVCRTD:atonexit.obj
 0002:00000e5c       ??_C@_0CN@LMJJPMEG@f?3?2dd?2vctools?2crt?2crtw32?2dllstuf@ 1000fe5c     MSVCRTD:atonexit.obj
 0002:00000e8c       ?ProcessDetach@NativeDll@<CrtImplementationDetails>@@0IB 1000fe8c     MSVCRTD:initsect.obj
 0002:00000e90       ?ProcessAttach@NativeDll@<CrtImplementationDetails>@@0IB 1000fe90     MSVCRTD:initsect.obj
 0002:00000e94       ?ThreadAttach@NativeDll@<CrtImplementationDetails>@@0IB 1000fe94     MSVCRTD:initsect.obj
 0002:00000e98       ?ThreadDetach@NativeDll@<CrtImplementationDetails>@@0IB 1000fe98     MSVCRTD:initsect.obj
 0002:00000e9c       ?ProcessVerifier@NativeDll@<CrtImplementationDetails>@@0IB 1000fe9c     MSVCRTD:initsect.obj
 0002:00000ea0       ?value@?$integral_constant@_N$0A@@std@@2_NB 1000fea0     MSVCRTD:tncleanup.obj
 0002:00000ea1       ?value@?$integral_constant@_N$00@std@@2_NB 1000fea1     MSVCRTD:tncleanup.obj
 0002:00000ee4       ?LocalIdBitWidth@CrossScopeId@CodeViewInfo@@2IB 1000fee4     MSVCRTD:pdblkup.obj
 0002:00000ee8       ?IdScopeBitWidth@CrossScopeId@CodeViewInfo@@2IB 1000fee8     MSVCRTD:pdblkup.obj
 0002:00000eec       ?StartCrossScopeId@CrossScopeId@CodeViewInfo@@2IB 1000feec     MSVCRTD:pdblkup.obj
 0002:00000ef0       ?LocalIdMask@CrossScopeId@CodeViewInfo@@2IB 1000fef0     MSVCRTD:pdblkup.obj
 0002:00000ef4       ?ScopeIdMask@CrossScopeId@CodeViewInfo@@2IB 1000fef4     MSVCRTD:pdblkup.obj
 0002:00000ef8       ?MaxLocalId@CrossScopeId@CodeViewInfo@@2IB 1000fef8     MSVCRTD:pdblkup.obj
 0002:00000efc       ?MaxScopeId@CrossScopeId@CodeViewInfo@@2IB 1000fefc     MSVCRTD:pdblkup.obj
 0002:00000f00       ??_C@_1BK@GAEMIDIL@?$AAA?$AAD?$AAV?$AAA?$AAP?$AAI?$AA3?$AA2?$AA?4?$AAD?$AAL?$AAL?$AA?$AA@ 1000ff00     MSVCRTD:pdblkup.obj
 0002:00000f1c       ??_C@_0O@COHOBMLB@RegOpenKeyExW?$AA@ 1000ff1c     MSVCRTD:pdblkup.obj
 0002:00000f2c       ??_C@_0BB@GLNAEDBD@RegQueryValueExW?$AA@ 1000ff2c     MSVCRTD:pdblkup.obj
 0002:00000f40       ??_C@_0M@HLOHPNFA@RegCloseKey?$AA@ 1000ff40     MSVCRTD:pdblkup.obj
 0002:00000f50       ??_C@_1FM@EGIBBNPP@?$AAS?$AAO?$AAF?$AAT?$AAW?$AAA?$AAR?$AAE?$AA?2?$AAM?$AAi?$AAc?$AAr?$AAo?$AAs?$AAo?$AAf?$AAt?$AA?2?$AAV?$AAi?$AAs?$AAu?$AAa?$AAl?$AAS?$AAt?$AAu?$AAd?$AAi?$AAo?$AA?2@ 1000ff50     MSVCRTD:pdblkup.obj
 0002:00000fac       ??_C@_1BG@EABPBLLF@?$AAP?$AAr?$AAo?$AAd?$AAu?$AAc?$AAt?$AAD?$AAi?$AAr?$AA?$AA@ 1000ffac     MSVCRTD:pdblkup.obj
 0002:00000fe0       ??_C@_1BC@EOIMGOME@?$AAM?$AAS?$AAP?$AAD?$AAB?$AA1?$AA2?$AA0?$AA?$AA@ 1000ffe0     MSVCRTD:pdblkup.obj
 0002:00000ff4       ??_C@_0BB@KCIACLNC@PDBOpenValidate5?$AA@ 1000fff4     MSVCRTD:pdblkup.obj
 0002:00001008       ??_C@_01KDCPPGHE@r?$AA@    10010008     MSVCRTD:pdblkup.obj
 0002:00001010       __load_config_used         10010010     MSVCRTD:loadcfg.obj
 0002:00001500       ___safe_se_handler_table   10010500     <linker-defined>
 0002:00001604       ___rtc_iaa                 10010604     MSVCRTD:initsect.obj
 0002:0000180c       ___rtc_izz                 1001080c     MSVCRTD:initsect.obj
 0002:00001910       ___rtc_taa                 10010910     MSVCRTD:initsect.obj
 0002:00001b18       ___rtc_tzz                 10010b18     MSVCRTD:initsect.obj
 0003:00000060       _ptw32_threadReuseTop      10013060     pthread.obj
 0003:00000078       _ptw32_threadReuseBottom   10013078     pthread.obj
 0003:0000007c       _ptw32_smp_system          1001307c     pthread.obj
 0003:000000c0       ___security_cookie         100130c0     MSVCRTD:gs_cookie.obj
 0003:000000c4       ___security_cookie_complement 100130c4     MSVCRTD:gs_cookie.obj
 0003:000000c8       ?_RTC_ErrorLevels@@3PAHA   100130c8     MSVCRTD:error.obj
 0003:000000dc       ___native_dllmain_reason   100130dc     MSVCRTD:natstart.obj
 0003:00000200       _ptw32_interlocked_compare_exchange 10013200     pthread.obj
 0003:00000204       _ptw32_register_cancelation 10013204     pthread.obj
 0003:00000208       _ptw32_processInitialized  10013208     pthread.obj
 0003:0000020c       _ptw32_selfThreadKey       1001320c     pthread.obj
 0003:00000210       _ptw32_cleanupKey          10013210     pthread.obj
 0003:00000214       _ptw32_cond_list_head      10013214     pthread.obj
 0003:00000218       _ptw32_cond_list_tail      10013218     pthread.obj
 0003:0000021c       _ptw32_concurrency         1001321c     pthread.obj
 0003:00000220       _ptw32_features            10013220     pthread.obj
 0003:0000023c       ?wsprintffp@@3P6AHPADPBDZZA 1001323c     MSVCRTD:error.obj
 0003:00000568       ?__type_info_root_node@@3U__type_info_node@@A 10013568     MSVCRTD:tncleanup.obj
 0003:00000580       _ptw32_spinlock_test_init_lock 10013580     <common>
 0003:000005c0       _ptw32_rwlock_test_init_lock 100135c0     <common>
 0003:000005e0       _ptw32_cond_test_init_lock 100135e0     <common>
 0003:00000600       _ptw32_cond_list_lock      10013600     <common>
 0003:00000620       _ptw32_mutex_test_init_lock 10013620     <common>
 0003:00000640       _ptw32_thread_reuse_lock   10013640     <common>
 0003:00000658       ___native_startup_lock     10013658     <common>
 0003:00000668       ___native_startup_state    10013668     <common>
 0003:0000066c       ___onexitend               1001366c     <common>
 0003:0000067c       ___onexitbegin             1001367c     <common>
 0003:00000680       ___dyn_tls_init_callback   10013680     <common>
 0004:00000000       __imp__GetModuleHandleW@4  10014000     kernel32:KERNEL32.dll
 0004:00000004       __imp__GetModuleFileNameW@12 10014004     kernel32:KERNEL32.dll
 0004:00000008       __imp__VirtualQuery@12     10014008     kernel32:KERNEL32.dll
 0004:0000000c       __imp__InterlockedDecrement@4 1001400c     kernel32:KERNEL32.dll
 0004:00000010       __imp__InterlockedExchange@8 10014010     kernel32:KERNEL32.dll
 0004:00000014       __imp__InterlockedExchangeAdd@8 10014014     kernel32:KERNEL32.dll
 0004:00000018       __imp__FreeLibrary@4       10014018     kernel32:KERNEL32.dll
 0004:0000001c       __imp__GetProcAddress@8    1001401c     kernel32:KERNEL32.dll
 0004:00000020       __imp__GetProcessAffinityMask@12 10014020     kernel32:KERNEL32.dll
 0004:00000024       __imp__OpenProcess@12      10014024     kernel32:KERNEL32.dll
 0004:00000028       __imp__GetCurrentProcess@0 10014028     kernel32:KERNEL32.dll
 0004:0000002c       __imp__GetCurrentProcessId@0 1001402c     kernel32:KERNEL32.dll
 0004:00000030       __imp__GetCurrentThread@0  10014030     kernel32:KERNEL32.dll
 0004:00000034       __imp__GetCurrentThreadId@0 10014034     kernel32:KERNEL32.dll
 0004:00000038       __imp__SetThreadPriority@8 10014038     kernel32:KERNEL32.dll
 0004:0000003c       __imp__GetThreadPriority@4 1001403c     kernel32:KERNEL32.dll
 0004:00000040       __imp__GetLastError@0      10014040     kernel32:KERNEL32.dll
 0004:00000044       __imp__SetLastError@4      10014044     kernel32:KERNEL32.dll
 0004:00000048       __imp__GetThreadContext@8  10014048     kernel32:KERNEL32.dll
 0004:0000004c       __imp__SetThreadContext@8  1001404c     kernel32:KERNEL32.dll
 0004:00000050       __imp__SuspendThread@4     10014050     kernel32:KERNEL32.dll
 0004:00000054       __imp__ResumeThread@4      10014054     kernel32:KERNEL32.dll
 0004:00000058       __imp__InitializeCriticalSection@4 10014058     kernel32:KERNEL32.dll
 0004:0000005c       __imp__EnterCriticalSection@4 1001405c     kernel32:KERNEL32.dll
 0004:00000060       __imp__LeaveCriticalSection@4 10014060     kernel32:KERNEL32.dll
 0004:00000064       __imp__DeleteCriticalSection@4 10014064     kernel32:KERNEL32.dll
 0004:00000068       __imp__SetEvent@4          10014068     kernel32:KERNEL32.dll
 0004:0000006c       __imp__ResetEvent@4        1001406c     kernel32:KERNEL32.dll
 0004:00000070       __imp__ReleaseSemaphore@12 10014070     kernel32:KERNEL32.dll
 0004:00000074       __imp__WaitForSingleObject@8 10014074     kernel32:KERNEL32.dll
 0004:00000078       __imp__WaitForMultipleObjects@16 10014078     kernel32:KERNEL32.dll
 0004:0000007c       __imp__Sleep@4             1001407c     kernel32:KERNEL32.dll
 0004:00000080       __imp__CloseHandle@4       10014080     kernel32:KERNEL32.dll
 0004:00000084       __imp__DuplicateHandle@28  10014084     kernel32:KERNEL32.dll
 0004:00000088       __imp__TlsAlloc@0          10014088     kernel32:KERNEL32.dll
 0004:0000008c       __imp__TlsGetValue@4       1001408c     kernel32:KERNEL32.dll
 0004:00000090       __imp__TlsSetValue@8       10014090     kernel32:KERNEL32.dll
 0004:00000094       __imp__TlsFree@4           10014094     kernel32:KERNEL32.dll
 0004:00000098       __imp__CreateEventA@16     10014098     kernel32:KERNEL32.dll
 0004:0000009c       __imp__CreateSemaphoreA@16 1001409c     kernel32:KERNEL32.dll
 0004:000000a0       __imp__LoadLibraryA@4      100140a0     kernel32:KERNEL32.dll
 0004:000000a4       __imp__HeapFree@12         100140a4     kernel32:KERNEL32.dll
 0004:000000a8       __imp__HeapAlloc@12        100140a8     kernel32:KERNEL32.dll
 0004:000000ac       __imp__GetSystemTimeAsFileTime@4 100140ac     kernel32:KERNEL32.dll
 0004:000000b0       __imp__GetProcessHeap@0    100140b0     kernel32:KERNEL32.dll
 0004:000000b4       __imp__QueryPerformanceCounter@4 100140b4     kernel32:KERNEL32.dll
 0004:000000b8       __imp__IsProcessorFeaturePresent@4 100140b8     kernel32:KERNEL32.dll
 0004:000000bc       __imp__WideCharToMultiByte@32 100140bc     kernel32:KERNEL32.dll
 0004:000000c0       __imp__MultiByteToWideChar@24 100140c0     kernel32:KERNEL32.dll
 0004:000000c4       __imp__LoadLibraryExW@12   100140c4     kernel32:KERNEL32.dll
 0004:000000c8       __imp__RaiseException@16   100140c8     kernel32:KERNEL32.dll
 0004:000000cc       __imp__IsDebuggerPresent@0 100140cc     kernel32:KERNEL32.dll
 0004:000000d0       __imp__DecodePointer@4     100140d0     kernel32:KERNEL32.dll
 0004:000000d4       __imp__EncodePointer@4     100140d4     kernel32:KERNEL32.dll
 0004:000000d8       \177KERNEL32_NULL_THUNK_DATA 100140d8     kernel32:KERNEL32.dll
 0004:0000012c       __imp____CppXcptFilter     1001412c     MSVCRTD:MSVCR120D.dll
 0004:00000130       __imp___amsg_exit          10014130     MSVCRTD:MSVCR120D.dll
 0004:00000134       __imp___malloc_dbg         10014134     MSVCRTD:MSVCR120D.dll
 0004:00000138       __imp___free_dbg           10014138     MSVCRTD:MSVCR120D.dll
 0004:0000013c       __imp___CrtSetCheckCount   1001413c     MSVCRTD:MSVCR120D.dll
 0004:00000140       __imp___initterm           10014140     MSVCRTD:MSVCR120D.dll
 0004:00000144       __imp___initterm_e         10014144     MSVCRTD:MSVCR120D.dll
 0004:00000148       __imp___crt_debugger_hook  10014148     MSVCRTD:MSVCR120D.dll
 0004:0000014c       __imp____crtUnhandledException 1001414c     MSVCRTD:MSVCR120D.dll
 0004:00000150       __imp____crtTerminateProcess 10014150     MSVCRTD:MSVCR120D.dll
 0004:00000154       __imp___lock               10014154     MSVCRTD:MSVCR120D.dll
 0004:00000158       __imp___unlock             10014158     MSVCRTD:MSVCR120D.dll
 0004:0000015c       __imp___CrtDbgReportW      1001415c     MSVCRTD:MSVCR120D.dll
 0004:00000160       __imp___calloc_dbg         10014160     MSVCRTD:MSVCR120D.dll
 0004:00000164       __imp____dllonexit         10014164     MSVCRTD:MSVCR120D.dll
 0004:00000168       __imp___onexit             10014168     MSVCRTD:MSVCR120D.dll
 0004:0000016c       __imp____clean_type_info_names_internal 1001416c     MSVCRTD:MSVCR120D.dll
 0004:00000170       __imp___except_handler4_common 10014170     MSVCRTD:MSVCR120D.dll
 0004:00000174       __imp__wcscpy_s            10014174     MSVCRTD:MSVCR120D.dll
 0004:00000178       __imp___wmakepath_s        10014178     MSVCRTD:MSVCR120D.dll
 0004:0000017c       __imp___wsplitpath_s       1001417c     MSVCRTD:MSVCR120D.dll
 0004:00000180       __imp___CRT_RTC_INITW      10014180     MSVCRTD:MSVCR120D.dll
 0004:00000184       __imp___setjmp3            10014184     MSVCRTD:MSVCR120D.dll
 0004:00000188       __imp___ftime64            10014188     MSVCRTD:MSVCR120D.dll
 0004:0000018c       __imp___endthreadex        1001418c     MSVCRTD:MSVCR120D.dll
 0004:00000190       __imp___beginthreadex      10014190     MSVCRTD:MSVCR120D.dll
 0004:00000194       __imp__malloc              10014194     MSVCRTD:MSVCR120D.dll
 0004:00000198       __imp__free                10014198     MSVCRTD:MSVCR120D.dll
 0004:0000019c       __imp__calloc              1001419c     MSVCRTD:MSVCR120D.dll
 0004:000001a0       __imp__exit                100141a0     MSVCRTD:MSVCR120D.dll
 0004:000001a4       __imp__memcpy              100141a4     MSVCRTD:MSVCR120D.dll
 0004:000001a8       __imp___errno              100141a8     MSVCRTD:MSVCR120D.dll
 0004:000001ac       __imp__longjmp             100141ac     MSVCRTD:MSVCR120D.dll
 0004:000001b0       __imp__memset              100141b0     MSVCRTD:MSVCR120D.dll
 0004:000001b4       \177MSVCR120D_NULL_THUNK_DATA 100141b4     MSVCRTD:MSVCR120D.dll
 0004:000001f8       __imp__WSAGetLastError@0   100141f8     ws2_32:WS2_32.dll
 0004:000001fc       __imp__WSASetLastError@4   100141fc     ws2_32:WS2_32.dll
 0004:00000200       \177WS2_32_NULL_THUNK_DATA 10014200     ws2_32:WS2_32.dll
 0004:0000022c       __IMPORT_DESCRIPTOR_WS2_32 1001422c     ws2_32:WS2_32.dll
 0004:00000240       __IMPORT_DESCRIPTOR_KERNEL32 10014240     kernel32:KERNEL32.dll
 0004:00000254       __IMPORT_DESCRIPTOR_MSVCR120D 10014254     MSVCRTD:MSVCR120D.dll
 0004:00000268       __NULL_IMPORT_DESCRIPTOR   10014268     ws2_32:WS2_32.dll
